<html>
<body>
<pre>
<h1>µVision Build Log</h1>
<h2>Tool Versions:</h2>
IDE-Version: µVision V5.26.2.0
Copyright (C) 2018 ARM Ltd and ARM Germany GmbH. All rights reserved.
License Information: emre ss, boun, LIC=----
 
Tool Versions:
Toolchain:       MDK-Lite  Version: 5.26.2.0
Toolchain Path:  C:\Keil_v5\ARM\ARMCC\Bin
C Compiler:      Armcc.exe V5.06 update 6 (build 750)
Assembler:       Armasm.exe V5.06 update 6 (build 750)
Linker/Locator:  ArmLink.exe V5.06 update 6 (build 750)
Library Manager: ArmAr.exe V5.06 update 6 (build 750)
Hex Converter:   FromElf.exe V5.06 update 6 (build 750)
CPU DLL:         SARMCM3.DLL V5.26.2.0
Dialog DLL:      DCM.DLL V1.17.2.0
Target DLL:      CMSIS_AGDI.dll V1.30.6.0
Dialog DLL:      TCM.DLL V1.36.1.0
 
<h2>Project:</h2>
C:\Users\ss\Desktop\FINAL INTERM\Tezla-car\code\Tezla.uvprojx
Project File Date:  11/19/2018

<h2>Output:</h2>
*** Using Compiler 'V5.06 update 6 (build 750)', folder: 'C:\Keil_v5\ARM\ARMCC\Bin'
Rebuild target 'Tezla_Target'
compiling Joystick.c...
compiling Parameters.c...
compiling main.c...
Library/Controller.h(7): warning:  #1295-D: Deprecated declaration Led_Motor_Forward - give arg types
  void Led_Motor_Forward();
Library/Controller.h(8): warning:  #1295-D: Deprecated declaration Led_Motor_Backward - give arg types
  void Led_Motor_Backward();
Library/Controller.h(9): warning:  #1295-D: Deprecated declaration Led_Motor_Stop - give arg types
  void Led_Motor_Stop();
Library/Controller.h(10): warning:  #1295-D: Deprecated declaration Led_Motor_Right - give arg types
  void Led_Motor_Right();
Library/Controller.h(11): warning:  #1-D: last line of file ends without a newline
  void Led_Motor_Left();
Library/Controller.h(11): warning:  #1295-D: Deprecated declaration Led_Motor_Left - give arg types
  void Led_Motor_Left();
main.c: 6 warnings, 0 errors
compiling PWM.c...
compiling Timer.c...
compiling GPIO.c...
compiling LED.c...
compiling MotorController.c...
compiling Controller.c...
Library\Controller.h(7): warning:  #1295-D: Deprecated declaration Led_Motor_Forward - give arg types
  void Led_Motor_Forward();
Library\Controller.h(8): warning:  #1295-D: Deprecated declaration Led_Motor_Backward - give arg types
  void Led_Motor_Backward();
Library\Controller.h(9): warning:  #1295-D: Deprecated declaration Led_Motor_Stop - give arg types
  void Led_Motor_Stop();
Library\Controller.h(10): warning:  #1295-D: Deprecated declaration Led_Motor_Right - give arg types
  void Led_Motor_Right();
Library\Controller.h(11): warning:  #1-D: last line of file ends without a newline
  void Led_Motor_Left();
Library\Controller.h(11): warning:  #1295-D: Deprecated declaration Led_Motor_Left - give arg types
  void Led_Motor_Left();
Library\Controller.c: 6 warnings, 0 errors
assembling startup_LPC407x_8x_177x_8x.s...
compiling system_LPC407x_8x_177x_8x.c...
linking...
Program Size: Code=3320 RO-data=260 RW-data=68 ZI-data=1028  
".\Objects\Tezla.axf" - 0 Error(s), 12 Warning(s).

<h2>Software Packages used:</h2>

Package Vendor: ARM
                http://www.keil.com/pack/ARM.CMSIS.5.4.0.pack
                ARM.CMSIS.5.4.0
                CMSIS (Cortex Microcontroller Software Interface Standard)
   * Component: CORE Version: 5.1.2

Package Vendor: Keil
                http://www.keil.com/pack/Keil.LPC4000_DFP.2.1.0.pack
                Keil.LPC4000_DFP.2.1.0
                NXP LPC4000 Series Device Support
   * Component: Startup Version: 1.0.1

<h2>Collection of Component include folders:</h2>
  .\RTE\Device\LPC4088FET208
  .\RTE\_Tezla_Target
  C:\Keil_v5\ARM\PACK\ARM\CMSIS\5.4.0\CMSIS\Core\Include
  C:\Keil_v5\ARM\PACK\Keil\LPC4000_DFP\2.1.0\Device\Include

<h2>Collection of Component Files used:</h2>

   * Component: ARM::CMSIS:CORE:5.1.2

   * Component: Keil::Device:Startup:1.0.1
      Include file:  Device\Include\system_LPC407x_8x_177x_8x.h
      Include file:  RTE_Driver\Config\RTE_Device.h
      Include file:  Device\Include\LPC407x_8x_177x_8x.h
      Source file:   Device\Source\system_LPC407x_8x_177x_8x.c
      Source file:   Device\Source\ARM\startup_LPC407x_8x_177x_8x.s
Build Time Elapsed:  00:00:02
</pre>
</body>
</html>
