Component: ARM Compiler 5.06 update 6 (build 750) Tool: armlink [4d35ed]

==============================================================================

Section Cross References

    main.o(i.init) refers to led.o(i.LED_Init) for LED_Init
    main.o(i.init) refers to pwm.o(i.PWM_Init) for PWM_Init
    main.o(i.init) refers to joystick.o(i.Joystick_Init) for Joystick_Init
    main.o(i.init) refers to timer.o(i.Timer_Init) for Timer_Init
    main.o(i.init) refers to adc.o(i.ADC_Init) for ADC_Init
    main.o(i.init) refers to serial.o(i.Serial_Init) for Serial_Init
    main.o(i.init) refers to motorcontroller.o(i.MotorController_Init) for MotorController_Init
    main.o(i.init) refers to ultrasonic.o(i.Ultrasonic_Trigger_Timer_Init) for Ultrasonic_Trigger_Timer_Init
    main.o(i.init) refers to ultrasonic.o(i.Ultrasonic_Capture_Timer_Init) for Ultrasonic_Capture_Timer_Init
    main.o(i.init) refers to external.o(i.External_Init) for External_Init
    main.o(i.main) refers to main.o(i.init) for init
    main.o(i.main) refers to main.o(i.update) for update
    main.o(i.update) refers to ultrasonic.o(i.Ultrasonic_Start_Trigger) for Ultrasonic_Start_Trigger
    main.o(i.update) refers to adc.o(i.ADC_Read0) for ADC_Read0
    main.o(i.update) refers to adc.o(i.ADC_Read) for ADC_Read
    main.o(i.update) refers to adc.o(i.ADC_Read2) for ADC_Read2
    main.o(i.update) refers to pwm.o(i.PWM_WriteLeft) for PWM_WriteLeft
    main.o(i.update) refers to pwm.o(i.PWM_WriteRight) for PWM_WriteRight
    main.o(i.update) refers to controller.o(i.Led_Motor_Right) for Led_Motor_Right
    main.o(i.update) refers to controller.o(i.Led_Motor_Left) for Led_Motor_Left
    main.o(i.update) refers to controller.o(i.Led_Motor_Forward) for Led_Motor_Forward
    main.o(i.update) refers to controller.o(i.Led_Motor_Backward) for Led_Motor_Backward
    main.o(i.update) refers to joystick.o(i.Joystick_Up_Pressed) for Joystick_Up_Pressed
    main.o(i.update) refers to joystick.o(i.Joystick_Right_Pressed) for Joystick_Right_Pressed
    main.o(i.update) refers to joystick.o(i.Joystick_Center_Pressed) for Joystick_Center_Pressed
    main.o(i.update) refers to controller.o(i.Led_Motor_Stop) for Led_Motor_Stop
    main.o(i.update) refers to joystick.o(i.Joystick_Left_Pressed) for Joystick_Left_Pressed
    main.o(i.update) refers to joystick.o(i.Joystick_Down_Pressed) for Joystick_Down_Pressed
    main.o(i.update) refers to led.o(i.LED_Right) for LED_Right
    main.o(i.update) refers to led.o(i.LED_OFF) for LED_OFF
    main.o(i.update) refers to led.o(i.LED_Left) for LED_Left
    main.o(i.update) refers to main.o(.data) for TrimpotDataValue
    main.o(i.update) refers to serial.o(.data) for comebackManuel
    main.o(i.update) refers to external.o(.data) for DriveMode
    main.o(i.update) refers to ultrasonic.o(.data) for ultrasonicSensorDistance
    joystick.o(i.Joystick_Center_Pressed) refers to gpio.o(i.GPIO_PIN_Read) for GPIO_PIN_Read
    joystick.o(i.Joystick_Down_Pressed) refers to gpio.o(i.GPIO_PIN_Read) for GPIO_PIN_Read
    joystick.o(i.Joystick_Init) refers to gpio.o(i.GPIO_DIR_Write) for GPIO_DIR_Write
    joystick.o(i.Joystick_Left_Pressed) refers to gpio.o(i.GPIO_PIN_Read) for GPIO_PIN_Read
    joystick.o(i.Joystick_Right_Pressed) refers to gpio.o(i.GPIO_PIN_Read) for GPIO_PIN_Read
    joystick.o(i.Joystick_Up_Pressed) refers to gpio.o(i.GPIO_PIN_Read) for GPIO_PIN_Read
    pwm.o(i.PWM_Init) refers to pwm.o(i.PWM_WriteLeft) for PWM_WriteLeft
    pwm.o(i.PWM_Init) refers to pwm.o(i.PWM_WriteRight) for PWM_WriteRight
    controller.o(i.Led_Motor_Backward) refers to parameters.o(i.Set_Backward_Flag) for Set_Backward_Flag
    controller.o(i.Led_Motor_Backward) refers to led.o(i.LED_Backward) for LED_Backward
    controller.o(i.Led_Motor_Backward) refers to motorcontroller.o(i.MC_Set_Direction_Backward) for MC_Set_Direction_Backward
    controller.o(i.Led_Motor_Forward) refers to parameters.o(i.Set_Forward_Flag) for Set_Forward_Flag
    controller.o(i.Led_Motor_Forward) refers to led.o(i.LED_Forward) for LED_Forward
    controller.o(i.Led_Motor_Forward) refers to motorcontroller.o(i.MC_Set_Direction_Forward) for MC_Set_Direction_Forward
    controller.o(i.Led_Motor_Left) refers to parameters.o(i.Set_Turn_Left_Flag) for Set_Turn_Left_Flag
    controller.o(i.Led_Motor_Left) refers to led.o(i.LED_Left) for LED_Left
    controller.o(i.Led_Motor_Left) refers to motorcontroller.o(i.MC_Set_Direction_Left) for MC_Set_Direction_Left
    controller.o(i.Led_Motor_Right) refers to parameters.o(i.Set_Turn_Right_Flag) for Set_Turn_Right_Flag
    controller.o(i.Led_Motor_Right) refers to led.o(i.LED_Right) for LED_Right
    controller.o(i.Led_Motor_Right) refers to motorcontroller.o(i.MC_Set_Direction_Right) for MC_Set_Direction_Right
    controller.o(i.Led_Motor_Stop) refers to parameters.o(i.Reset_Flags) for Reset_Flags
    controller.o(i.Led_Motor_Stop) refers to led.o(i.LED_OFF) for LED_OFF
    controller.o(i.Led_Motor_Stop) refers to motorcontroller.o(i.MC_Stop_Brakes) for MC_Stop_Brakes
    led.o(i.LED3_Init) refers to gpio.o(i.GPIO_DIR_Write) for GPIO_DIR_Write
    led.o(i.LED3_Off) refers to gpio.o(i.GPIO_PIN_Write) for GPIO_PIN_Write
    led.o(i.LED3_On) refers to gpio.o(i.GPIO_PIN_Write) for GPIO_PIN_Write
    led.o(i.LED_Back_Left_Init) refers to gpio.o(i.GPIO_DIR_Write) for GPIO_DIR_Write
    led.o(i.LED_Back_Left_Off) refers to gpio.o(i.GPIO_PIN_Write) for GPIO_PIN_Write
    led.o(i.LED_Back_Left_On) refers to gpio.o(i.GPIO_PIN_Write) for GPIO_PIN_Write
    led.o(i.LED_Back_Right_Init) refers to gpio.o(i.GPIO_DIR_Write) for GPIO_DIR_Write
    led.o(i.LED_Back_Right_Off) refers to gpio.o(i.GPIO_PIN_Write) for GPIO_PIN_Write
    led.o(i.LED_Back_Right_On) refers to gpio.o(i.GPIO_PIN_Write) for GPIO_PIN_Write
    led.o(i.LED_Backward) refers to led.o(i.LED_Front_Right_Off) for LED_Front_Right_Off
    led.o(i.LED_Backward) refers to led.o(i.LED_Front_Left_Off) for LED_Front_Left_Off
    led.o(i.LED_Backward) refers to led.o(i.LED_Back_Right_On) for LED_Back_Right_On
    led.o(i.LED_Backward) refers to led.o(i.LED_Back_Left_On) for LED_Back_Left_On
    led.o(i.LED_Forward) refers to led.o(i.LED_Front_Right_On) for LED_Front_Right_On
    led.o(i.LED_Forward) refers to led.o(i.LED_Front_Left_On) for LED_Front_Left_On
    led.o(i.LED_Forward) refers to led.o(i.LED_Back_Right_Off) for LED_Back_Right_Off
    led.o(i.LED_Forward) refers to led.o(i.LED_Back_Left_Off) for LED_Back_Left_Off
    led.o(i.LED_Front_Left_Init) refers to gpio.o(i.GPIO_DIR_Write) for GPIO_DIR_Write
    led.o(i.LED_Front_Left_Off) refers to gpio.o(i.GPIO_PIN_Write) for GPIO_PIN_Write
    led.o(i.LED_Front_Left_On) refers to gpio.o(i.GPIO_PIN_Write) for GPIO_PIN_Write
    led.o(i.LED_Front_Right_Init) refers to gpio.o(i.GPIO_DIR_Write) for GPIO_DIR_Write
    led.o(i.LED_Front_Right_Off) refers to gpio.o(i.GPIO_PIN_Write) for GPIO_PIN_Write
    led.o(i.LED_Front_Right_On) refers to gpio.o(i.GPIO_PIN_Write) for GPIO_PIN_Write
    led.o(i.LED_Init) refers to led.o(i.LED_Front_Right_Init) for LED_Front_Right_Init
    led.o(i.LED_Init) refers to led.o(i.LED_Front_Left_Init) for LED_Front_Left_Init
    led.o(i.LED_Init) refers to led.o(i.LED_Back_Right_Init) for LED_Back_Right_Init
    led.o(i.LED_Init) refers to led.o(i.LED_Back_Left_Init) for LED_Back_Left_Init
    led.o(i.LED_Init) refers to led.o(i.LED_OFF) for LED_OFF
    led.o(i.LED_Init) refers to led.o(i.LED3_Init) for LED3_Init
    led.o(i.LED_Init) refers to led.o(i.LED3_Off) for LED3_Off
    led.o(i.LED_Init) refers to parameters.o(i.Reset_Flags) for Reset_Flags
    led.o(i.LED_Left) refers to led.o(i.LED_Front_Right_Off) for LED_Front_Right_Off
    led.o(i.LED_Left) refers to led.o(i.LED_Front_Left_On) for LED_Front_Left_On
    led.o(i.LED_Left) refers to led.o(i.LED_Back_Right_Off) for LED_Back_Right_Off
    led.o(i.LED_Left) refers to led.o(i.LED_Back_Left_On) for LED_Back_Left_On
    led.o(i.LED_OFF) refers to led.o(i.LED_Front_Right_Off) for LED_Front_Right_Off
    led.o(i.LED_OFF) refers to led.o(i.LED_Front_Left_Off) for LED_Front_Left_Off
    led.o(i.LED_OFF) refers to led.o(i.LED_Back_Right_Off) for LED_Back_Right_Off
    led.o(i.LED_OFF) refers to led.o(i.LED_Back_Left_Off) for LED_Back_Left_Off
    led.o(i.LED_ON) refers to led.o(i.LED_Front_Right_On) for LED_Front_Right_On
    led.o(i.LED_ON) refers to led.o(i.LED_Front_Left_On) for LED_Front_Left_On
    led.o(i.LED_ON) refers to led.o(i.LED_Back_Right_On) for LED_Back_Right_On
    led.o(i.LED_ON) refers to led.o(i.LED_Back_Left_On) for LED_Back_Left_On
    led.o(i.LED_Right) refers to led.o(i.LED_Front_Right_On) for LED_Front_Right_On
    led.o(i.LED_Right) refers to led.o(i.LED_Front_Left_Off) for LED_Front_Left_Off
    led.o(i.LED_Right) refers to led.o(i.LED_Back_Right_On) for LED_Back_Right_On
    led.o(i.LED_Right) refers to led.o(i.LED_Back_Left_Off) for LED_Back_Left_Off
    parameters.o(i.Reset_Flags) refers to parameters.o(.data) for TURN_LEFT_FLAG
    parameters.o(i.Set_Backward_Flag) refers to parameters.o(.data) for TURN_LEFT_FLAG
    parameters.o(i.Set_Forward_Flag) refers to parameters.o(.data) for TURN_LEFT_FLAG
    parameters.o(i.Set_Turn_Left_Flag) refers to parameters.o(.data) for TURN_LEFT_FLAG
    parameters.o(i.Set_Turn_Right_Flag) refers to parameters.o(.data) for TURN_LEFT_FLAG
    motorcontroller.o(i.MotorController_Init) refers to pwm.o(i.PWM_WriteLeft) for PWM_WriteLeft
    motorcontroller.o(i.MotorController_Init) refers to pwm.o(i.PWM_WriteRight) for PWM_WriteRight
    motorcontroller.o(i.MotorController_Init) refers to motorcontroller.o(.data) for ROBOT_SPEED
    ultrasonic.o(i.TIMER3_IRQHandler) refers to ultrasonic.o(i.__NVIC_ClearPendingIRQ) for __NVIC_ClearPendingIRQ
    ultrasonic.o(i.TIMER3_IRQHandler) refers to ultrasonic.o(.data) for ultrasonicSensorEdgeCount
    ultrasonic.o(i.Ultrasonic_Capture_Timer_Init) refers to ultrasonic.o(i.__NVIC_ClearPendingIRQ) for __NVIC_ClearPendingIRQ
    ultrasonic.o(i.Ultrasonic_Start_Trigger) refers to ultrasonic.o(.data) for ultrasonicSensorEdgeCount
    adc.o(i.ADC_Read) refers to adc.o(i.ADC_Start) for ADC_Start
    adc.o(i.ADC_Read) refers to adc.o(i.ADC_Stop) for ADC_Stop
    adc.o(i.ADC_Read0) refers to adc.o(i.ADC_Start) for ADC_Start
    adc.o(i.ADC_Read0) refers to adc.o(i.ADC_Stop) for ADC_Stop
    adc.o(i.ADC_Read2) refers to adc.o(i.ADC_Start) for ADC_Start
    adc.o(i.ADC_Read2) refers to adc.o(i.ADC_Stop) for ADC_Stop
    serial.o(i.Serial_Init) refers to serial.o(i.__NVIC_ClearPendingIRQ) for __NVIC_ClearPendingIRQ
    serial.o(i.Serial_Write) refers to serial.o(i.Serial_WriteData) for Serial_WriteData
    serial.o(i.Serial_Write_Int) refers to printf1.o(i.__0sprintf$1) for __2sprintf
    serial.o(i.Serial_Write_Int) refers to serial.o(i.Serial_Write) for Serial_Write
    serial.o(i.UART0_IRQHandler) refers to serial.o(i.Serial_Write) for Serial_Write
    serial.o(i.UART0_IRQHandler) refers to serial.o(i.Serial_WriteData) for Serial_WriteData
    serial.o(i.UART0_IRQHandler) refers to led.o(i.LED3_On) for LED3_On
    serial.o(i.UART0_IRQHandler) refers to controller.o(i.Led_Motor_Stop) for Led_Motor_Stop
    serial.o(i.UART0_IRQHandler) refers to led.o(i.LED3_Off) for LED3_Off
    serial.o(i.UART0_IRQHandler) refers to serial.o(i.__NVIC_ClearPendingIRQ) for __NVIC_ClearPendingIRQ
    serial.o(i.UART0_IRQHandler) refers to serial.o(.data) for comebackManuel
    serial.o(i.UART0_IRQHandler) refers to external.o(.data) for DriveMode
    external.o(i.EINT0_IRQHandler) refers to led.o(i.LED3_On) for LED3_On
    external.o(i.EINT0_IRQHandler) refers to controller.o(i.Led_Motor_Stop) for Led_Motor_Stop
    external.o(i.EINT0_IRQHandler) refers to led.o(i.LED3_Off) for LED3_Off
    external.o(i.EINT0_IRQHandler) refers to external.o(.data) for DriveMode
    external.o(i.EINT0_IRQHandler) refers to serial.o(.data) for autoDirection
    external.o(i.External_Init) refers to led.o(i.LED3_On) for LED3_On
    external.o(i.External_Init) refers to led.o(i.LED3_Off) for LED3_Off
    external.o(i.External_Init) refers to external.o(.data) for START_MODE
    startup_lpc407x_8x_177x_8x.o(RESET) refers to startup_lpc407x_8x_177x_8x.o(STACK) for __initial_sp
    startup_lpc407x_8x_177x_8x.o(RESET) refers to startup_lpc407x_8x_177x_8x.o(.text) for Reset_Handler
    startup_lpc407x_8x_177x_8x.o(RESET) refers to ultrasonic.o(i.TIMER3_IRQHandler) for TIMER3_IRQHandler
    startup_lpc407x_8x_177x_8x.o(RESET) refers to serial.o(i.UART0_IRQHandler) for UART0_IRQHandler
    startup_lpc407x_8x_177x_8x.o(RESET) refers to external.o(i.EINT0_IRQHandler) for EINT0_IRQHandler
    startup_lpc407x_8x_177x_8x.o(.text) refers to system_lpc407x_8x_177x_8x.o(i.SystemInit) for SystemInit
    startup_lpc407x_8x_177x_8x.o(.text) refers to entry.o(.ARM.Collect$$$$00000000) for __main
    system_lpc407x_8x_177x_8x.o(i.SystemCoreClockUpdate) refers to system_lpc407x_8x_177x_8x.o(.data) for SystemCoreClock
    system_lpc407x_8x_177x_8x.o(i.SystemInit) refers to system_lpc407x_8x_177x_8x.o(i.fpu_init) for fpu_init
    system_lpc407x_8x_177x_8x.o(i.SystemInit) refers to system_lpc407x_8x_177x_8x.o(i.SystemCoreClockUpdate) for SystemCoreClockUpdate
    entry.o(.ARM.Collect$$$$00000000) refers (Special) to entry10a.o(.ARM.Collect$$$$0000000D) for __rt_final_cpp
    entry.o(.ARM.Collect$$$$00000000) refers (Special) to entry11a.o(.ARM.Collect$$$$0000000F) for __rt_final_exit
    entry.o(.ARM.Collect$$$$00000000) refers (Special) to entry7b.o(.ARM.Collect$$$$00000008) for _main_clock
    entry.o(.ARM.Collect$$$$00000000) refers (Special) to entry8b.o(.ARM.Collect$$$$0000000A) for _main_cpp_init
    entry.o(.ARM.Collect$$$$00000000) refers (Special) to entry9a.o(.ARM.Collect$$$$0000000B) for _main_init
    entry.o(.ARM.Collect$$$$00000000) refers (Special) to entry5.o(.ARM.Collect$$$$00000004) for _main_scatterload
    entry.o(.ARM.Collect$$$$00000000) refers (Special) to entry2.o(.ARM.Collect$$$$00000001) for _main_stk
    printfb.o(i.__0fprintf$bare) refers to printfb.o(i._printf_core) for _printf_core
    printfb.o(i.__0fprintf$bare) refers to fputc.o(i.fputc) for fputc
    printfb.o(i.__0printf$bare) refers to printfb.o(i._printf_core) for _printf_core
    printfb.o(i.__0printf$bare) refers to fputc.o(i.fputc) for fputc
    printfb.o(i.__0printf$bare) refers to stdout.o(.data) for __stdout
    printfb.o(i.__0snprintf$bare) refers to printfb.o(i._printf_core) for _printf_core
    printfb.o(i.__0snprintf$bare) refers to printfb.o(i._snputc) for _snputc
    printfb.o(i.__0sprintf$bare) refers to printfb.o(i._printf_core) for _printf_core
    printfb.o(i.__0sprintf$bare) refers to printfb.o(i._sputc) for _sputc
    printfb.o(i.__0vfprintf$bare) refers to printfb.o(i._printf_core) for _printf_core
    printfb.o(i.__0vfprintf$bare) refers to fputc.o(i.fputc) for fputc
    printfb.o(i.__0vprintf$bare) refers to printfb.o(i._printf_core) for _printf_core
    printfb.o(i.__0vprintf$bare) refers to fputc.o(i.fputc) for fputc
    printfb.o(i.__0vprintf$bare) refers to stdout.o(.data) for __stdout
    printfb.o(i.__0vsnprintf$bare) refers to printfb.o(i._printf_core) for _printf_core
    printfb.o(i.__0vsnprintf$bare) refers to printfb.o(i._snputc) for _snputc
    printfb.o(i.__0vsprintf$bare) refers to printfb.o(i._printf_core) for _printf_core
    printfb.o(i.__0vsprintf$bare) refers to printfb.o(i._sputc) for _sputc
    printf0.o(i.__0fprintf$0) refers to printf0.o(i._printf_core) for _printf_core
    printf0.o(i.__0fprintf$0) refers to fputc.o(i.fputc) for fputc
    printf0.o(i.__0printf$0) refers to printf0.o(i._printf_core) for _printf_core
    printf0.o(i.__0printf$0) refers to fputc.o(i.fputc) for fputc
    printf0.o(i.__0printf$0) refers to stdout.o(.data) for __stdout
    printf0.o(i.__0snprintf$0) refers to printf0.o(i._printf_core) for _printf_core
    printf0.o(i.__0snprintf$0) refers to printf0.o(i._snputc) for _snputc
    printf0.o(i.__0sprintf$0) refers to printf0.o(i._printf_core) for _printf_core
    printf0.o(i.__0sprintf$0) refers to printf0.o(i._sputc) for _sputc
    printf0.o(i.__0vfprintf$0) refers to printf0.o(i._printf_core) for _printf_core
    printf0.o(i.__0vfprintf$0) refers to fputc.o(i.fputc) for fputc
    printf0.o(i.__0vprintf$0) refers to printf0.o(i._printf_core) for _printf_core
    printf0.o(i.__0vprintf$0) refers to fputc.o(i.fputc) for fputc
    printf0.o(i.__0vprintf$0) refers to stdout.o(.data) for __stdout
    printf0.o(i.__0vsnprintf$0) refers to printf0.o(i._printf_core) for _printf_core
    printf0.o(i.__0vsnprintf$0) refers to printf0.o(i._snputc) for _snputc
    printf0.o(i.__0vsprintf$0) refers to printf0.o(i._printf_core) for _printf_core
    printf0.o(i.__0vsprintf$0) refers to printf0.o(i._sputc) for _sputc
    printf1.o(i.__0fprintf$1) refers to printf1.o(i._printf_core) for _printf_core
    printf1.o(i.__0fprintf$1) refers to fputc.o(i.fputc) for fputc
    printf1.o(i.__0printf$1) refers to printf1.o(i._printf_core) for _printf_core
    printf1.o(i.__0printf$1) refers to fputc.o(i.fputc) for fputc
    printf1.o(i.__0printf$1) refers to stdout.o(.data) for __stdout
    printf1.o(i.__0snprintf$1) refers to printf1.o(i._printf_core) for _printf_core
    printf1.o(i.__0snprintf$1) refers to printf1.o(i._snputc) for _snputc
    printf1.o(i.__0sprintf$1) refers to printf1.o(i._printf_core) for _printf_core
    printf1.o(i.__0sprintf$1) refers to printf1.o(i._sputc) for _sputc
    printf1.o(i.__0vfprintf$1) refers to printf1.o(i._printf_core) for _printf_core
    printf1.o(i.__0vfprintf$1) refers to fputc.o(i.fputc) for fputc
    printf1.o(i.__0vprintf$1) refers to printf1.o(i._printf_core) for _printf_core
    printf1.o(i.__0vprintf$1) refers to fputc.o(i.fputc) for fputc
    printf1.o(i.__0vprintf$1) refers to stdout.o(.data) for __stdout
    printf1.o(i.__0vsnprintf$1) refers to printf1.o(i._printf_core) for _printf_core
    printf1.o(i.__0vsnprintf$1) refers to printf1.o(i._snputc) for _snputc
    printf1.o(i.__0vsprintf$1) refers to printf1.o(i._printf_core) for _printf_core
    printf1.o(i.__0vsprintf$1) refers to printf1.o(i._sputc) for _sputc
    printf1.o(i._printf_core) refers to uidiv.o(.text) for __aeabi_uidivmod
    printf2.o(i.__0fprintf$2) refers to printf2.o(i._printf_core) for _printf_core
    printf2.o(i.__0fprintf$2) refers to fputc.o(i.fputc) for fputc
    printf2.o(i.__0printf$2) refers to printf2.o(i._printf_core) for _printf_core
    printf2.o(i.__0printf$2) refers to fputc.o(i.fputc) for fputc
    printf2.o(i.__0printf$2) refers to stdout.o(.data) for __stdout
    printf2.o(i.__0snprintf$2) refers to printf2.o(i._printf_core) for _printf_core
    printf2.o(i.__0snprintf$2) refers to printf2.o(i._snputc) for _snputc
    printf2.o(i.__0sprintf$2) refers to printf2.o(i._printf_core) for _printf_core
    printf2.o(i.__0sprintf$2) refers to printf2.o(i._sputc) for _sputc
    printf2.o(i.__0vfprintf$2) refers to printf2.o(i._printf_core) for _printf_core
    printf2.o(i.__0vfprintf$2) refers to fputc.o(i.fputc) for fputc
    printf2.o(i.__0vprintf$2) refers to printf2.o(i._printf_core) for _printf_core
    printf2.o(i.__0vprintf$2) refers to fputc.o(i.fputc) for fputc
    printf2.o(i.__0vprintf$2) refers to stdout.o(.data) for __stdout
    printf2.o(i.__0vsnprintf$2) refers to printf2.o(i._printf_core) for _printf_core
    printf2.o(i.__0vsnprintf$2) refers to printf2.o(i._snputc) for _snputc
    printf2.o(i.__0vsprintf$2) refers to printf2.o(i._printf_core) for _printf_core
    printf2.o(i.__0vsprintf$2) refers to printf2.o(i._sputc) for _sputc
    printf3.o(i.__0fprintf$3) refers to printf3.o(i._printf_core) for _printf_core
    printf3.o(i.__0fprintf$3) refers to fputc.o(i.fputc) for fputc
    printf3.o(i.__0printf$3) refers to printf3.o(i._printf_core) for _printf_core
    printf3.o(i.__0printf$3) refers to fputc.o(i.fputc) for fputc
    printf3.o(i.__0printf$3) refers to stdout.o(.data) for __stdout
    printf3.o(i.__0snprintf$3) refers to printf3.o(i._printf_core) for _printf_core
    printf3.o(i.__0snprintf$3) refers to printf3.o(i._snputc) for _snputc
    printf3.o(i.__0sprintf$3) refers to printf3.o(i._printf_core) for _printf_core
    printf3.o(i.__0sprintf$3) refers to printf3.o(i._sputc) for _sputc
    printf3.o(i.__0vfprintf$3) refers to printf3.o(i._printf_core) for _printf_core
    printf3.o(i.__0vfprintf$3) refers to fputc.o(i.fputc) for fputc
    printf3.o(i.__0vprintf$3) refers to printf3.o(i._printf_core) for _printf_core
    printf3.o(i.__0vprintf$3) refers to fputc.o(i.fputc) for fputc
    printf3.o(i.__0vprintf$3) refers to stdout.o(.data) for __stdout
    printf3.o(i.__0vsnprintf$3) refers to printf3.o(i._printf_core) for _printf_core
    printf3.o(i.__0vsnprintf$3) refers to printf3.o(i._snputc) for _snputc
    printf3.o(i.__0vsprintf$3) refers to printf3.o(i._printf_core) for _printf_core
    printf3.o(i.__0vsprintf$3) refers to printf3.o(i._sputc) for _sputc
    printf3.o(i._printf_core) refers to uidiv.o(.text) for __aeabi_uidivmod
    printf4.o(i.__0fprintf$4) refers to printf4.o(i._printf_core) for _printf_core
    printf4.o(i.__0fprintf$4) refers to fputc.o(i.fputc) for fputc
    printf4.o(i.__0printf$4) refers to printf4.o(i._printf_core) for _printf_core
    printf4.o(i.__0printf$4) refers to fputc.o(i.fputc) for fputc
    printf4.o(i.__0printf$4) refers to stdout.o(.data) for __stdout
    printf4.o(i.__0snprintf$4) refers to printf4.o(i._printf_core) for _printf_core
    printf4.o(i.__0snprintf$4) refers to printf4.o(i._snputc) for _snputc
    printf4.o(i.__0sprintf$4) refers to printf4.o(i._printf_core) for _printf_core
    printf4.o(i.__0sprintf$4) refers to printf4.o(i._sputc) for _sputc
    printf4.o(i.__0vfprintf$4) refers to printf4.o(i._printf_core) for _printf_core
    printf4.o(i.__0vfprintf$4) refers to fputc.o(i.fputc) for fputc
    printf4.o(i.__0vprintf$4) refers to printf4.o(i._printf_core) for _printf_core
    printf4.o(i.__0vprintf$4) refers to fputc.o(i.fputc) for fputc
    printf4.o(i.__0vprintf$4) refers to stdout.o(.data) for __stdout
    printf4.o(i.__0vsnprintf$4) refers to printf4.o(i._printf_core) for _printf_core
    printf4.o(i.__0vsnprintf$4) refers to printf4.o(i._snputc) for _snputc
    printf4.o(i.__0vsprintf$4) refers to printf4.o(i._printf_core) for _printf_core
    printf4.o(i.__0vsprintf$4) refers to printf4.o(i._sputc) for _sputc
    printf4.o(i._printf_core) refers to uldiv.o(.text) for __aeabi_uldivmod
    printf5.o(i.__0fprintf$5) refers to printf5.o(i._printf_core) for _printf_core
    printf5.o(i.__0fprintf$5) refers to fputc.o(i.fputc) for fputc
    printf5.o(i.__0printf$5) refers to printf5.o(i._printf_core) for _printf_core
    printf5.o(i.__0printf$5) refers to fputc.o(i.fputc) for fputc
    printf5.o(i.__0printf$5) refers to stdout.o(.data) for __stdout
    printf5.o(i.__0snprintf$5) refers to printf5.o(i._printf_core) for _printf_core
    printf5.o(i.__0snprintf$5) refers to printf5.o(i._snputc) for _snputc
    printf5.o(i.__0sprintf$5) refers to printf5.o(i._printf_core) for _printf_core
    printf5.o(i.__0sprintf$5) refers to printf5.o(i._sputc) for _sputc
    printf5.o(i.__0vfprintf$5) refers to printf5.o(i._printf_core) for _printf_core
    printf5.o(i.__0vfprintf$5) refers to fputc.o(i.fputc) for fputc
    printf5.o(i.__0vprintf$5) refers to printf5.o(i._printf_core) for _printf_core
    printf5.o(i.__0vprintf$5) refers to fputc.o(i.fputc) for fputc
    printf5.o(i.__0vprintf$5) refers to stdout.o(.data) for __stdout
    printf5.o(i.__0vsnprintf$5) refers to printf5.o(i._printf_core) for _printf_core
    printf5.o(i.__0vsnprintf$5) refers to printf5.o(i._snputc) for _snputc
    printf5.o(i.__0vsprintf$5) refers to printf5.o(i._printf_core) for _printf_core
    printf5.o(i.__0vsprintf$5) refers to printf5.o(i._sputc) for _sputc
    printf5.o(i._printf_core) refers to uldiv.o(.text) for __aeabi_uldivmod
    printf6.o(i.__0fprintf$6) refers to printf6.o(i._printf_core) for _printf_core
    printf6.o(i.__0fprintf$6) refers to fputc.o(i.fputc) for fputc
    printf6.o(i.__0printf$6) refers to printf6.o(i._printf_core) for _printf_core
    printf6.o(i.__0printf$6) refers to fputc.o(i.fputc) for fputc
    printf6.o(i.__0printf$6) refers to stdout.o(.data) for __stdout
    printf6.o(i.__0snprintf$6) refers to printf6.o(i._printf_core) for _printf_core
    printf6.o(i.__0snprintf$6) refers to printf6.o(i._snputc) for _snputc
    printf6.o(i.__0sprintf$6) refers to printf6.o(i._printf_core) for _printf_core
    printf6.o(i.__0sprintf$6) refers to printf6.o(i._sputc) for _sputc
    printf6.o(i.__0vfprintf$6) refers to printf6.o(i._printf_core) for _printf_core
    printf6.o(i.__0vfprintf$6) refers to fputc.o(i.fputc) for fputc
    printf6.o(i.__0vprintf$6) refers to printf6.o(i._printf_core) for _printf_core
    printf6.o(i.__0vprintf$6) refers to fputc.o(i.fputc) for fputc
    printf6.o(i.__0vprintf$6) refers to stdout.o(.data) for __stdout
    printf6.o(i.__0vsnprintf$6) refers to printf6.o(i._printf_core) for _printf_core
    printf6.o(i.__0vsnprintf$6) refers to printf6.o(i._snputc) for _snputc
    printf6.o(i.__0vsprintf$6) refers to printf6.o(i._printf_core) for _printf_core
    printf6.o(i.__0vsprintf$6) refers to printf6.o(i._sputc) for _sputc
    printf6.o(i._printf_core) refers to printf6.o(i._printf_pre_padding) for _printf_pre_padding
    printf6.o(i._printf_core) refers to uidiv.o(.text) for __aeabi_uidivmod
    printf6.o(i._printf_core) refers to printf6.o(i._printf_post_padding) for _printf_post_padding
    printf7.o(i.__0fprintf$7) refers to printf7.o(i._printf_core) for _printf_core
    printf7.o(i.__0fprintf$7) refers to fputc.o(i.fputc) for fputc
    printf7.o(i.__0printf$7) refers to printf7.o(i._printf_core) for _printf_core
    printf7.o(i.__0printf$7) refers to fputc.o(i.fputc) for fputc
    printf7.o(i.__0printf$7) refers to stdout.o(.data) for __stdout
    printf7.o(i.__0snprintf$7) refers to printf7.o(i._printf_core) for _printf_core
    printf7.o(i.__0snprintf$7) refers to printf7.o(i._snputc) for _snputc
    printf7.o(i.__0sprintf$7) refers to printf7.o(i._printf_core) for _printf_core
    printf7.o(i.__0sprintf$7) refers to printf7.o(i._sputc) for _sputc
    printf7.o(i.__0vfprintf$7) refers to printf7.o(i._printf_core) for _printf_core
    printf7.o(i.__0vfprintf$7) refers to fputc.o(i.fputc) for fputc
    printf7.o(i.__0vprintf$7) refers to printf7.o(i._printf_core) for _printf_core
    printf7.o(i.__0vprintf$7) refers to fputc.o(i.fputc) for fputc
    printf7.o(i.__0vprintf$7) refers to stdout.o(.data) for __stdout
    printf7.o(i.__0vsnprintf$7) refers to printf7.o(i._printf_core) for _printf_core
    printf7.o(i.__0vsnprintf$7) refers to printf7.o(i._snputc) for _snputc
    printf7.o(i.__0vsprintf$7) refers to printf7.o(i._printf_core) for _printf_core
    printf7.o(i.__0vsprintf$7) refers to printf7.o(i._sputc) for _sputc
    printf7.o(i._printf_core) refers to printf7.o(i._printf_pre_padding) for _printf_pre_padding
    printf7.o(i._printf_core) refers to uldiv.o(.text) for __aeabi_uldivmod
    printf7.o(i._printf_core) refers to printf7.o(i._printf_post_padding) for _printf_post_padding
    printf8.o(i.__0fprintf$8) refers to printf8.o(i._printf_core) for _printf_core
    printf8.o(i.__0fprintf$8) refers to fputc.o(i.fputc) for fputc
    printf8.o(i.__0printf$8) refers to printf8.o(i._printf_core) for _printf_core
    printf8.o(i.__0printf$8) refers to fputc.o(i.fputc) for fputc
    printf8.o(i.__0printf$8) refers to stdout.o(.data) for __stdout
    printf8.o(i.__0snprintf$8) refers to printf8.o(i._printf_core) for _printf_core
    printf8.o(i.__0snprintf$8) refers to printf8.o(i._snputc) for _snputc
    printf8.o(i.__0sprintf$8) refers to printf8.o(i._printf_core) for _printf_core
    printf8.o(i.__0sprintf$8) refers to printf8.o(i._sputc) for _sputc
    printf8.o(i.__0vfprintf$8) refers to printf8.o(i._printf_core) for _printf_core
    printf8.o(i.__0vfprintf$8) refers to fputc.o(i.fputc) for fputc
    printf8.o(i.__0vprintf$8) refers to printf8.o(i._printf_core) for _printf_core
    printf8.o(i.__0vprintf$8) refers to fputc.o(i.fputc) for fputc
    printf8.o(i.__0vprintf$8) refers to stdout.o(.data) for __stdout
    printf8.o(i.__0vsnprintf$8) refers to printf8.o(i._printf_core) for _printf_core
    printf8.o(i.__0vsnprintf$8) refers to printf8.o(i._snputc) for _snputc
    printf8.o(i.__0vsprintf$8) refers to printf8.o(i._printf_core) for _printf_core
    printf8.o(i.__0vsprintf$8) refers to printf8.o(i._sputc) for _sputc
    printf8.o(i._printf_core) refers to printf8.o(i._printf_pre_padding) for _printf_pre_padding
    printf8.o(i._printf_core) refers to uldiv.o(.text) for __aeabi_uldivmod
    printf8.o(i._printf_core) refers to printf8.o(i._printf_post_padding) for _printf_post_padding
    printfa.o(i.__0fprintf) refers (Special) to iusefp.o(.text) for __I$use$fp
    printfa.o(i.__0fprintf) refers to printfa.o(i._printf_core) for _printf_core
    printfa.o(i.__0fprintf) refers to fputc.o(i.fputc) for fputc
    printfa.o(i.__0printf) refers (Special) to iusefp.o(.text) for __I$use$fp
    printfa.o(i.__0printf) refers to printfa.o(i._printf_core) for _printf_core
    printfa.o(i.__0printf) refers to fputc.o(i.fputc) for fputc
    printfa.o(i.__0printf) refers to stdout.o(.data) for __stdout
    printfa.o(i.__0snprintf) refers (Special) to iusefp.o(.text) for __I$use$fp
    printfa.o(i.__0snprintf) refers to printfa.o(i._printf_core) for _printf_core
    printfa.o(i.__0snprintf) refers to printfa.o(i._snputc) for _snputc
    printfa.o(i.__0sprintf) refers (Special) to iusefp.o(.text) for __I$use$fp
    printfa.o(i.__0sprintf) refers to printfa.o(i._printf_core) for _printf_core
    printfa.o(i.__0sprintf) refers to printfa.o(i._sputc) for _sputc
    printfa.o(i.__0vfprintf) refers (Special) to iusefp.o(.text) for __I$use$fp
    printfa.o(i.__0vfprintf) refers to printfa.o(i._printf_core) for _printf_core
    printfa.o(i.__0vfprintf) refers to fputc.o(i.fputc) for fputc
    printfa.o(i.__0vprintf) refers (Special) to iusefp.o(.text) for __I$use$fp
    printfa.o(i.__0vprintf) refers to printfa.o(i._printf_core) for _printf_core
    printfa.o(i.__0vprintf) refers to fputc.o(i.fputc) for fputc
    printfa.o(i.__0vprintf) refers to stdout.o(.data) for __stdout
    printfa.o(i.__0vsnprintf) refers (Special) to iusefp.o(.text) for __I$use$fp
    printfa.o(i.__0vsnprintf) refers to printfa.o(i._printf_core) for _printf_core
    printfa.o(i.__0vsnprintf) refers to printfa.o(i._snputc) for _snputc
    printfa.o(i.__0vsprintf) refers (Special) to iusefp.o(.text) for __I$use$fp
    printfa.o(i.__0vsprintf) refers to printfa.o(i._printf_core) for _printf_core
    printfa.o(i.__0vsprintf) refers to printfa.o(i._sputc) for _sputc
    printfa.o(i._fp_digits) refers (Special) to iusefp.o(.text) for __I$use$fp
    printfa.o(i._fp_digits) refers to dmul.o(.text) for __aeabi_dmul
    printfa.o(i._fp_digits) refers to ddiv.o(.text) for __aeabi_ddiv
    printfa.o(i._fp_digits) refers to cdrcmple.o(.text) for __aeabi_cdrcmple
    printfa.o(i._fp_digits) refers to dadd.o(.text) for __aeabi_dadd
    printfa.o(i._fp_digits) refers to dfixul.o(.text) for __aeabi_d2ulz
    printfa.o(i._fp_digits) refers to uldiv.o(.text) for __aeabi_uldivmod
    printfa.o(i._printf_core) refers (Special) to iusefp.o(.text) for __I$use$fp
    printfa.o(i._printf_core) refers to printfa.o(i._printf_pre_padding) for _printf_pre_padding
    printfa.o(i._printf_core) refers to uldiv.o(.text) for __aeabi_uldivmod
    printfa.o(i._printf_core) refers to printfa.o(i._printf_post_padding) for _printf_post_padding
    printfa.o(i._printf_core) refers to printfa.o(i._fp_digits) for _fp_digits
    printfa.o(i._printf_core) refers to uidiv.o(.text) for __aeabi_uidivmod
    printfa.o(i._printf_post_padding) refers (Special) to iusefp.o(.text) for __I$use$fp
    printfa.o(i._printf_pre_padding) refers (Special) to iusefp.o(.text) for __I$use$fp
    printfa.o(i._snputc) refers (Special) to iusefp.o(.text) for __I$use$fp
    printfa.o(i._sputc) refers (Special) to iusefp.o(.text) for __I$use$fp
    entry2.o(.ARM.Collect$$$$00000001) refers to entry2.o(.ARM.Collect$$$$00002712) for __lit__00000000
    entry2.o(.ARM.Collect$$$$00002712) refers to startup_lpc407x_8x_177x_8x.o(STACK) for __initial_sp
    entry2.o(__vectab_stack_and_reset_area) refers to startup_lpc407x_8x_177x_8x.o(STACK) for __initial_sp
    entry2.o(__vectab_stack_and_reset_area) refers to entry.o(.ARM.Collect$$$$00000000) for __main
    entry5.o(.ARM.Collect$$$$00000004) refers to init.o(.text) for __scatterload
    entry9a.o(.ARM.Collect$$$$0000000B) refers to main.o(i.main) for main
    entry9b.o(.ARM.Collect$$$$0000000C) refers to main.o(i.main) for main
    fputc.o(i.fputc) refers (Special) to iusesemip.o(.text) for __I$use$semihosting$fputc
    fputc.o(i.fputc) refers (Special) to semi.o(.text) for __semihosting_library_function
    uldiv.o(.text) refers to llushr.o(.text) for __aeabi_llsr
    uldiv.o(.text) refers to llshl.o(.text) for __aeabi_llsl
    dadd.o(.text) refers to llshl.o(.text) for __aeabi_llsl
    dadd.o(.text) refers to llsshr.o(.text) for __aeabi_lasr
    dadd.o(.text) refers to depilogue.o(.text) for _double_epilogue
    dmul.o(.text) refers to depilogue.o(.text) for _double_epilogue
    ddiv.o(.text) refers to depilogue.o(.text) for _double_round
    dfixul.o(.text) refers to llushr.o(.text) for __aeabi_llsr
    dfixul.o(.text) refers to llshl.o(.text) for __aeabi_llsl
    init.o(.text) refers to entry5.o(.ARM.Collect$$$$00000004) for __main_after_scatterload
    depilogue.o(.text) refers to llshl.o(.text) for __aeabi_llsl
    depilogue.o(.text) refers to llushr.o(.text) for __aeabi_llsr


==============================================================================

Removing Unused input sections from the image.

    Removing main.o(.rev16_text), (4 bytes).
    Removing main.o(.revsh_text), (4 bytes).
    Removing main.o(.rrx_text), (6 bytes).
    Removing main.o(.constdata), (207 bytes).
    Removing gpio.o(.rev16_text), (4 bytes).
    Removing gpio.o(.revsh_text), (4 bytes).
    Removing gpio.o(.rrx_text), (6 bytes).
    Removing joystick.o(.rev16_text), (4 bytes).
    Removing joystick.o(.revsh_text), (4 bytes).
    Removing joystick.o(.rrx_text), (6 bytes).
    Removing pwm.o(.rev16_text), (4 bytes).
    Removing pwm.o(.revsh_text), (4 bytes).
    Removing pwm.o(.rrx_text), (6 bytes).
    Removing pwm.o(i.PWM_Cycle_Rate), (32 bytes).
    Removing controller.o(.rev16_text), (4 bytes).
    Removing controller.o(.revsh_text), (4 bytes).
    Removing controller.o(.rrx_text), (6 bytes).
    Removing controller.o(.constdata), (207 bytes).
    Removing controller.o(.data), (22 bytes).
    Removing led.o(.rev16_text), (4 bytes).
    Removing led.o(.revsh_text), (4 bytes).
    Removing led.o(.rrx_text), (6 bytes).
    Removing led.o(i.LED_ON), (20 bytes).
    Removing led.o(.constdata), (207 bytes).
    Removing led.o(.data), (22 bytes).
    Removing parameters.o(.rev16_text), (4 bytes).
    Removing parameters.o(.revsh_text), (4 bytes).
    Removing parameters.o(.rrx_text), (6 bytes).
    Removing parameters.o(.constdata), (207 bytes).
    Removing timer.o(.rev16_text), (4 bytes).
    Removing timer.o(.revsh_text), (4 bytes).
    Removing timer.o(.rrx_text), (6 bytes).
    Removing timer.o(.data), (32 bytes).
    Removing motorcontroller.o(.rev16_text), (4 bytes).
    Removing motorcontroller.o(.revsh_text), (4 bytes).
    Removing motorcontroller.o(.rrx_text), (6 bytes).
    Removing motorcontroller.o(.constdata), (207 bytes).
    Removing ultrasonic.o(.rev16_text), (4 bytes).
    Removing ultrasonic.o(.revsh_text), (4 bytes).
    Removing ultrasonic.o(.rrx_text), (6 bytes).
    Removing ultrasonic.o(i.Ultrasonic_Stop), (36 bytes).
    Removing ultrasonic.o(.constdata), (207 bytes).
    Removing adc.o(.rev16_text), (4 bytes).
    Removing adc.o(.revsh_text), (4 bytes).
    Removing adc.o(.rrx_text), (6 bytes).
    Removing adc.o(.data), (5 bytes).
    Removing serial.o(.rev16_text), (4 bytes).
    Removing serial.o(.revsh_text), (4 bytes).
    Removing serial.o(.rrx_text), (6 bytes).
    Removing serial.o(i.Serial_ReadData), (24 bytes).
    Removing serial.o(i.Serial_Write_Int), (32 bytes).
    Removing serial.o(.constdata), (207 bytes).
    Removing external.o(.rev16_text), (4 bytes).
    Removing external.o(.revsh_text), (4 bytes).
    Removing external.o(.rrx_text), (6 bytes).
    Removing external.o(.constdata), (207 bytes).
    Removing startup_lpc407x_8x_177x_8x.o(HEAP), (0 bytes).
    Removing system_lpc407x_8x_177x_8x.o(.rev16_text), (4 bytes).
    Removing system_lpc407x_8x_177x_8x.o(.revsh_text), (4 bytes).
    Removing system_lpc407x_8x_177x_8x.o(.rrx_text), (6 bytes).
    Removing dadd.o(.text), (334 bytes).
    Removing dmul.o(.text), (228 bytes).
    Removing ddiv.o(.text), (222 bytes).
    Removing dfixul.o(.text), (48 bytes).
    Removing cdrcmple.o(.text), (48 bytes).
    Removing depilogue.o(.text), (186 bytes).

66 unused section(s) (total 3143 bytes) removed from the image.

==============================================================================

Image Symbol Table

    Local Symbols

    Symbol Name                              Value     Ov Type        Size  Object(Section)

    RESET                                    0x00000000   Section      228  startup_lpc407x_8x_177x_8x.o(RESET)
    ../clib/microlib/division.c              0x00000000   Number         0  uidiv.o ABSOLUTE
    ../clib/microlib/division.c              0x00000000   Number         0  uldiv.o ABSOLUTE
    ../clib/microlib/init/entry.s            0x00000000   Number         0  entry9b.o ABSOLUTE
    ../clib/microlib/init/entry.s            0x00000000   Number         0  entry8b.o ABSOLUTE
    ../clib/microlib/init/entry.s            0x00000000   Number         0  entry8a.o ABSOLUTE
    ../clib/microlib/init/entry.s            0x00000000   Number         0  entry7b.o ABSOLUTE
    ../clib/microlib/init/entry.s            0x00000000   Number         0  entry7a.o ABSOLUTE
    ../clib/microlib/init/entry.s            0x00000000   Number         0  entry5.o ABSOLUTE
    ../clib/microlib/init/entry.s            0x00000000   Number         0  entry11b.o ABSOLUTE
    ../clib/microlib/init/entry.s            0x00000000   Number         0  entry.o ABSOLUTE
    ../clib/microlib/init/entry.s            0x00000000   Number         0  entry2.o ABSOLUTE
    ../clib/microlib/init/entry.s            0x00000000   Number         0  entry10a.o ABSOLUTE
    ../clib/microlib/init/entry.s            0x00000000   Number         0  entry9a.o ABSOLUTE
    ../clib/microlib/init/entry.s            0x00000000   Number         0  entry11a.o ABSOLUTE
    ../clib/microlib/init/entry.s            0x00000000   Number         0  entry10b.o ABSOLUTE
    ../clib/microlib/longlong.c              0x00000000   Number         0  llsshr.o ABSOLUTE
    ../clib/microlib/longlong.c              0x00000000   Number         0  llushr.o ABSOLUTE
    ../clib/microlib/longlong.c              0x00000000   Number         0  llshl.o ABSOLUTE
    ../clib/microlib/printf/printf.c         0x00000000   Number         0  printf7.o ABSOLUTE
    ../clib/microlib/printf/printf.c         0x00000000   Number         0  printf6.o ABSOLUTE
    ../clib/microlib/printf/printf.c         0x00000000   Number         0  printf5.o ABSOLUTE
    ../clib/microlib/printf/printf.c         0x00000000   Number         0  printf4.o ABSOLUTE
    ../clib/microlib/printf/printf.c         0x00000000   Number         0  printf3.o ABSOLUTE
    ../clib/microlib/printf/printf.c         0x00000000   Number         0  printf2.o ABSOLUTE
    ../clib/microlib/printf/printf.c         0x00000000   Number         0  printf1.o ABSOLUTE
    ../clib/microlib/printf/printf.c         0x00000000   Number         0  printfb.o ABSOLUTE
    ../clib/microlib/printf/printf.c         0x00000000   Number         0  printf0.o ABSOLUTE
    ../clib/microlib/printf/printf.c         0x00000000   Number         0  printfa.o ABSOLUTE
    ../clib/microlib/printf/printf.c         0x00000000   Number         0  printf8.o ABSOLUTE
    ../clib/microlib/printf/stubs.s          0x00000000   Number         0  stubs.o ABSOLUTE
    ../clib/microlib/stdio/fputc.c           0x00000000   Number         0  fputc.o ABSOLUTE
    ../clib/microlib/stdio/semi.s            0x00000000   Number         0  semi.o ABSOLUTE
    ../clib/microlib/stdio/streams.c         0x00000000   Number         0  stdout.o ABSOLUTE
    ../clib/microlib/stubs.s                 0x00000000   Number         0  iusesemip.o ABSOLUTE
    ../clib/microlib/stubs.s                 0x00000000   Number         0  iusefp.o ABSOLUTE
    ../fplib/microlib/fpadd.c                0x00000000   Number         0  dadd.o ABSOLUTE
    ../fplib/microlib/fpdiv.c                0x00000000   Number         0  ddiv.o ABSOLUTE
    ../fplib/microlib/fpepilogue.c           0x00000000   Number         0  depilogue.o ABSOLUTE
    ../fplib/microlib/fpfix.c                0x00000000   Number         0  dfixul.o ABSOLUTE
    ../fplib/microlib/fpmul.c                0x00000000   Number         0  dmul.o ABSOLUTE
    Library\ADC.c                            0x00000000   Number         0  adc.o ABSOLUTE
    Library\Controller.c                     0x00000000   Number         0  controller.o ABSOLUTE
    Library\External.c                       0x00000000   Number         0  external.o ABSOLUTE
    Library\GPIO.c                           0x00000000   Number         0  gpio.o ABSOLUTE
    Library\Joystick.c                       0x00000000   Number         0  joystick.o ABSOLUTE
    Library\LED.c                            0x00000000   Number         0  led.o ABSOLUTE
    Library\MotorController.c                0x00000000   Number         0  motorcontroller.o ABSOLUTE
    Library\PWM.c                            0x00000000   Number         0  pwm.o ABSOLUTE
    Library\Parameters.c                     0x00000000   Number         0  parameters.o ABSOLUTE
    Library\Serial.c                         0x00000000   Number         0  serial.o ABSOLUTE
    Library\Timer.c                          0x00000000   Number         0  timer.o ABSOLUTE
    Library\Ultrasonic.c                     0x00000000   Number         0  ultrasonic.o ABSOLUTE
    Library\\ADC.c                           0x00000000   Number         0  adc.o ABSOLUTE
    Library\\Controller.c                    0x00000000   Number         0  controller.o ABSOLUTE
    Library\\External.c                      0x00000000   Number         0  external.o ABSOLUTE
    Library\\GPIO.c                          0x00000000   Number         0  gpio.o ABSOLUTE
    Library\\Joystick.c                      0x00000000   Number         0  joystick.o ABSOLUTE
    Library\\LED.c                           0x00000000   Number         0  led.o ABSOLUTE
    Library\\MotorController.c               0x00000000   Number         0  motorcontroller.o ABSOLUTE
    Library\\PWM.c                           0x00000000   Number         0  pwm.o ABSOLUTE
    Library\\Parameters.c                    0x00000000   Number         0  parameters.o ABSOLUTE
    Library\\Serial.c                        0x00000000   Number         0  serial.o ABSOLUTE
    Library\\Timer.c                         0x00000000   Number         0  timer.o ABSOLUTE
    Library\\Ultrasonic.c                    0x00000000   Number         0  ultrasonic.o ABSOLUTE
    RTE\Device\LPC4088FET208\startup_LPC407x_8x_177x_8x.s 0x00000000   Number         0  startup_lpc407x_8x_177x_8x.o ABSOLUTE
    RTE\Device\LPC4088FET208\system_LPC407x_8x_177x_8x.c 0x00000000   Number         0  system_lpc407x_8x_177x_8x.o ABSOLUTE
    RTE\\Device\\LPC4088FET208\\system_LPC407x_8x_177x_8x.c 0x00000000   Number         0  system_lpc407x_8x_177x_8x.o ABSOLUTE
    cdrcmple.s                               0x00000000   Number         0  cdrcmple.o ABSOLUTE
    dc.s                                     0x00000000   Number         0  dc.o ABSOLUTE
    handlers.s                               0x00000000   Number         0  handlers.o ABSOLUTE
    init.s                                   0x00000000   Number         0  init.o ABSOLUTE
    main.c                                   0x00000000   Number         0  main.o ABSOLUTE
    main.c                                   0x00000000   Number         0  main.o ABSOLUTE
    .ARM.Collect$$$$00000000                 0x000000e4   Section        0  entry.o(.ARM.Collect$$$$00000000)
    .ARM.Collect$$$$00000001                 0x000000e4   Section        4  entry2.o(.ARM.Collect$$$$00000001)
    .ARM.Collect$$$$00000004                 0x000000e8   Section        4  entry5.o(.ARM.Collect$$$$00000004)
    .ARM.Collect$$$$00000008                 0x000000ec   Section        0  entry7b.o(.ARM.Collect$$$$00000008)
    .ARM.Collect$$$$0000000A                 0x000000ec   Section        0  entry8b.o(.ARM.Collect$$$$0000000A)
    .ARM.Collect$$$$0000000B                 0x000000ec   Section        8  entry9a.o(.ARM.Collect$$$$0000000B)
    .ARM.Collect$$$$0000000D                 0x000000f4   Section        0  entry10a.o(.ARM.Collect$$$$0000000D)
    .ARM.Collect$$$$0000000F                 0x000000f4   Section        0  entry11a.o(.ARM.Collect$$$$0000000F)
    .ARM.Collect$$$$00002712                 0x000000f4   Section        4  entry2.o(.ARM.Collect$$$$00002712)
    __lit__00000000                          0x000000f4   Data           4  entry2.o(.ARM.Collect$$$$00002712)
    .text                                    0x000000f8   Section       36  startup_lpc407x_8x_177x_8x.o(.text)
    $v0                                      0x000000f8   Number         0  startup_lpc407x_8x_177x_8x.o(.text)
    .text                                    0x0000011c   Section       36  init.o(.text)
    i.ADC_Init                               0x00000140   Section        0  adc.o(i.ADC_Init)
    i.ADC_Read                               0x000001d8   Section        0  adc.o(i.ADC_Read)
    i.ADC_Read0                              0x00000228   Section        0  adc.o(i.ADC_Read0)
    i.ADC_Read2                              0x00000274   Section        0  adc.o(i.ADC_Read2)
    i.ADC_Start                              0x000002c4   Section        0  adc.o(i.ADC_Start)
    i.ADC_Stop                               0x000002d8   Section        0  adc.o(i.ADC_Stop)
    i.GPIO_PIN_Read                          0x000002ec   Section        0  gpio.o(i.GPIO_PIN_Read)
    i.__scatterload_null                     0x000002f6   Section        2  handlers.o(i.__scatterload_null)
    .ARM.__at_0x02FC                         0x000002fc   Section        4  startup_lpc407x_8x_177x_8x.o(.ARM.__at_0x02FC)
    i.EINT0_IRQHandler                       0x00000300   Section        0  external.o(i.EINT0_IRQHandler)
    i.External_Init                          0x0000037c   Section        0  external.o(i.External_Init)
    i.GPIO_DIR_Write                         0x0000041c   Section        0  gpio.o(i.GPIO_DIR_Write)
    i.GPIO_PIN_Write                         0x0000042e   Section        0  gpio.o(i.GPIO_PIN_Write)
    i.Joystick_Center_Pressed                0x00000440   Section        0  joystick.o(i.Joystick_Center_Pressed)
    i.Joystick_Down_Pressed                  0x00000458   Section        0  joystick.o(i.Joystick_Down_Pressed)
    i.Joystick_Init                          0x00000470   Section        0  joystick.o(i.Joystick_Init)
    i.Joystick_Left_Pressed                  0x000004ac   Section        0  joystick.o(i.Joystick_Left_Pressed)
    i.Joystick_Right_Pressed                 0x000004c4   Section        0  joystick.o(i.Joystick_Right_Pressed)
    i.Joystick_Up_Pressed                    0x000004dc   Section        0  joystick.o(i.Joystick_Up_Pressed)
    i.LED3_Init                              0x000004f4   Section        0  led.o(i.LED3_Init)
    i.LED3_Off                               0x00000508   Section        0  led.o(i.LED3_Off)
    i.LED3_On                                0x0000051c   Section        0  led.o(i.LED3_On)
    i.LED_Back_Left_Init                     0x00000530   Section        0  led.o(i.LED_Back_Left_Init)
    i.LED_Back_Left_Off                      0x00000544   Section        0  led.o(i.LED_Back_Left_Off)
    i.LED_Back_Left_On                       0x00000558   Section        0  led.o(i.LED_Back_Left_On)
    i.LED_Back_Right_Init                    0x0000056c   Section        0  led.o(i.LED_Back_Right_Init)
    i.LED_Back_Right_Off                     0x00000580   Section        0  led.o(i.LED_Back_Right_Off)
    i.LED_Back_Right_On                      0x00000594   Section        0  led.o(i.LED_Back_Right_On)
    i.LED_Backward                           0x000005a8   Section        0  led.o(i.LED_Backward)
    i.LED_Forward                            0x000005bc   Section        0  led.o(i.LED_Forward)
    i.LED_Front_Left_Init                    0x000005d0   Section        0  led.o(i.LED_Front_Left_Init)
    i.LED_Front_Left_Off                     0x000005e4   Section        0  led.o(i.LED_Front_Left_Off)
    i.LED_Front_Left_On                      0x000005f8   Section        0  led.o(i.LED_Front_Left_On)
    i.LED_Front_Right_Init                   0x0000060c   Section        0  led.o(i.LED_Front_Right_Init)
    i.LED_Front_Right_Off                    0x00000620   Section        0  led.o(i.LED_Front_Right_Off)
    i.LED_Front_Right_On                     0x00000634   Section        0  led.o(i.LED_Front_Right_On)
    i.LED_Init                               0x00000648   Section        0  led.o(i.LED_Init)
    i.LED_Left                               0x0000066c   Section        0  led.o(i.LED_Left)
    i.LED_OFF                                0x00000680   Section        0  led.o(i.LED_OFF)
    i.LED_Right                              0x00000694   Section        0  led.o(i.LED_Right)
    i.Led_Motor_Backward                     0x000006a8   Section        0  controller.o(i.Led_Motor_Backward)
    i.Led_Motor_Forward                      0x000006b8   Section        0  controller.o(i.Led_Motor_Forward)
    i.Led_Motor_Left                         0x000006c8   Section        0  controller.o(i.Led_Motor_Left)
    i.Led_Motor_Right                        0x000006d8   Section        0  controller.o(i.Led_Motor_Right)
    i.Led_Motor_Stop                         0x000006e8   Section        0  controller.o(i.Led_Motor_Stop)
    i.MC_Set_Direction_Backward              0x000006f8   Section        0  motorcontroller.o(i.MC_Set_Direction_Backward)
    i.MC_Set_Direction_Forward               0x00000714   Section        0  motorcontroller.o(i.MC_Set_Direction_Forward)
    i.MC_Set_Direction_Left                  0x00000730   Section        0  motorcontroller.o(i.MC_Set_Direction_Left)
    i.MC_Set_Direction_Right                 0x0000074c   Section        0  motorcontroller.o(i.MC_Set_Direction_Right)
    i.MC_Stop_Brakes                         0x00000768   Section        0  motorcontroller.o(i.MC_Stop_Brakes)
    i.MotorController_Init                   0x00000784   Section        0  motorcontroller.o(i.MotorController_Init)
    i.PWM_Init                               0x000007cc   Section        0  pwm.o(i.PWM_Init)
    i.PWM_WriteLeft                          0x00000874   Section        0  pwm.o(i.PWM_WriteLeft)
    i.PWM_WriteRight                         0x000008a4   Section        0  pwm.o(i.PWM_WriteRight)
    i.Reset_Flags                            0x000008d4   Section        0  parameters.o(i.Reset_Flags)
    i.Serial_Init                            0x000008f8   Section        0  serial.o(i.Serial_Init)
    i.Serial_Write                           0x000009bc   Section        0  serial.o(i.Serial_Write)
    i.Serial_WriteData                       0x000009d4   Section        0  serial.o(i.Serial_WriteData)
    i.Set_Backward_Flag                      0x000009ec   Section        0  parameters.o(i.Set_Backward_Flag)
    i.Set_Forward_Flag                       0x00000a14   Section        0  parameters.o(i.Set_Forward_Flag)
    i.Set_Turn_Left_Flag                     0x00000a3c   Section        0  parameters.o(i.Set_Turn_Left_Flag)
    i.Set_Turn_Right_Flag                    0x00000a64   Section        0  parameters.o(i.Set_Turn_Right_Flag)
    i.SystemCoreClockUpdate                  0x00000a8c   Section        0  system_lpc407x_8x_177x_8x.o(i.SystemCoreClockUpdate)
    i.SystemInit                             0x00000d60   Section        0  system_lpc407x_8x_177x_8x.o(i.SystemInit)
    i.TIMER3_IRQHandler                      0x00000e4c   Section        0  ultrasonic.o(i.TIMER3_IRQHandler)
    i.Timer_Init                             0x00000ed4   Section        0  timer.o(i.Timer_Init)
    i.UART0_IRQHandler                       0x00000f9c   Section        0  serial.o(i.UART0_IRQHandler)
    i.Ultrasonic_Capture_Timer_Init          0x00001038   Section        0  ultrasonic.o(i.Ultrasonic_Capture_Timer_Init)
    i.Ultrasonic_Start_Trigger               0x000010ec   Section        0  ultrasonic.o(i.Ultrasonic_Start_Trigger)
    i.Ultrasonic_Trigger_Timer_Init          0x00001158   Section        0  ultrasonic.o(i.Ultrasonic_Trigger_Timer_Init)
    i.__NVIC_ClearPendingIRQ                 0x000011a8   Section        0  ultrasonic.o(i.__NVIC_ClearPendingIRQ)
    __NVIC_ClearPendingIRQ                   0x000011a9   Thumb Code    22  ultrasonic.o(i.__NVIC_ClearPendingIRQ)
    i.__NVIC_ClearPendingIRQ                 0x000011c4   Section        0  serial.o(i.__NVIC_ClearPendingIRQ)
    __NVIC_ClearPendingIRQ                   0x000011c5   Thumb Code    22  serial.o(i.__NVIC_ClearPendingIRQ)
    i.__scatterload_copy                     0x000011e0   Section       14  handlers.o(i.__scatterload_copy)
    i.__scatterload_zeroinit                 0x000011ee   Section       14  handlers.o(i.__scatterload_zeroinit)
    i.fpu_init                               0x000011fc   Section        0  system_lpc407x_8x_177x_8x.o(i.fpu_init)
    i.init                                   0x0000124c   Section        0  main.o(i.init)
    i.main                                   0x00001278   Section        0  main.o(i.main)
    i.update                                 0x00001284   Section        0  main.o(i.update)
    .data                                    0x10000000   Section       72  main.o(.data)
    ROBOT_SPEED                              0x10000000   Data           4  main.o(.data)
    TURN_LEFT_FLAG                           0x10000004   Data           4  main.o(.data)
    TURN_RIGHT_FLAG                          0x10000008   Data           4  main.o(.data)
    FORWARD_FLAG                             0x1000000c   Data           4  main.o(.data)
    BACKWARD_FLAG                            0x10000010   Data           4  main.o(.data)
    START_MODE                               0x10000014   Data           1  main.o(.data)
    DRIVING_MODE                             0x10000015   Data           1  main.o(.data)
    .data                                    0x10000048   Section       22  parameters.o(.data)
    ROBOT_SPEED                              0x10000048   Data           4  parameters.o(.data)
    TURN_LEFT_FLAG                           0x1000004c   Data           4  parameters.o(.data)
    TURN_RIGHT_FLAG                          0x10000050   Data           4  parameters.o(.data)
    FORWARD_FLAG                             0x10000054   Data           4  parameters.o(.data)
    BACKWARD_FLAG                            0x10000058   Data           4  parameters.o(.data)
    START_MODE                               0x1000005c   Data           1  parameters.o(.data)
    DRIVING_MODE                             0x1000005d   Data           1  parameters.o(.data)
    .data                                    0x10000060   Section       22  motorcontroller.o(.data)
    ROBOT_SPEED                              0x10000060   Data           4  motorcontroller.o(.data)
    TURN_LEFT_FLAG                           0x10000064   Data           4  motorcontroller.o(.data)
    TURN_RIGHT_FLAG                          0x10000068   Data           4  motorcontroller.o(.data)
    FORWARD_FLAG                             0x1000006c   Data           4  motorcontroller.o(.data)
    BACKWARD_FLAG                            0x10000070   Data           4  motorcontroller.o(.data)
    START_MODE                               0x10000074   Data           1  motorcontroller.o(.data)
    DRIVING_MODE                             0x10000075   Data           1  motorcontroller.o(.data)
    .data                                    0x10000078   Section       48  ultrasonic.o(.data)
    ROBOT_SPEED                              0x10000078   Data           4  ultrasonic.o(.data)
    TURN_LEFT_FLAG                           0x1000007c   Data           4  ultrasonic.o(.data)
    TURN_RIGHT_FLAG                          0x10000080   Data           4  ultrasonic.o(.data)
    FORWARD_FLAG                             0x10000084   Data           4  ultrasonic.o(.data)
    BACKWARD_FLAG                            0x10000088   Data           4  ultrasonic.o(.data)
    START_MODE                               0x1000008c   Data           1  ultrasonic.o(.data)
    DRIVING_MODE                             0x1000008d   Data           1  ultrasonic.o(.data)
    .data                                    0x100000a8   Section       40  serial.o(.data)
    ROBOT_SPEED                              0x100000a8   Data           4  serial.o(.data)
    TURN_LEFT_FLAG                           0x100000ac   Data           4  serial.o(.data)
    TURN_RIGHT_FLAG                          0x100000b0   Data           4  serial.o(.data)
    FORWARD_FLAG                             0x100000b4   Data           4  serial.o(.data)
    BACKWARD_FLAG                            0x100000b8   Data           4  serial.o(.data)
    START_MODE                               0x100000bc   Data           1  serial.o(.data)
    DRIVING_MODE                             0x100000bd   Data           1  serial.o(.data)
    .data                                    0x100000d0   Section       23  external.o(.data)
    ROBOT_SPEED                              0x100000d0   Data           4  external.o(.data)
    TURN_LEFT_FLAG                           0x100000d4   Data           4  external.o(.data)
    TURN_RIGHT_FLAG                          0x100000d8   Data           4  external.o(.data)
    FORWARD_FLAG                             0x100000dc   Data           4  external.o(.data)
    BACKWARD_FLAG                            0x100000e0   Data           4  external.o(.data)
    START_MODE                               0x100000e4   Data           1  external.o(.data)
    DRIVING_MODE                             0x100000e5   Data           1  external.o(.data)
    .data                                    0x100000e8   Section       16  system_lpc407x_8x_177x_8x.o(.data)
    STACK                                    0x100000f8   Section     1024  startup_lpc407x_8x_177x_8x.o(STACK)

    Global Symbols

    Symbol Name                              Value     Ov Type        Size  Object(Section)

    BuildAttributes$$THM_ISAv4$E$P$D$K$B$S$7EM$VFPi3$EXTD16$VFPS$VFMA$PE$A:L22UL41UL21$X:L11$S22US41US21$IEEE1$IW$USESV6$~STKCKD$USESV7$~SHL$OSPACE$ROPI$EBA8$MICROLIB$REQ8$PRES8$EABIv2 0x00000000   Number         0  anon$$obj.o ABSOLUTE
    __ARM_use_no_argv                        0x00000000   Number         0  main.o ABSOLUTE
    __Vectors                                0x00000000   Data           4  startup_lpc407x_8x_177x_8x.o(RESET)
    _printf_a                                0x00000000   Number         0  stubs.o ABSOLUTE
    _printf_c                                0x00000000   Number         0  stubs.o ABSOLUTE
    _printf_charcount                        0x00000000   Number         0  stubs.o ABSOLUTE
    _printf_d                                0x00000000   Number         0  stubs.o ABSOLUTE
    _printf_e                                0x00000000   Number         0  stubs.o ABSOLUTE
    _printf_f                                0x00000000   Number         0  stubs.o ABSOLUTE
    _printf_flags                            0x00000000   Number         0  stubs.o ABSOLUTE
    _printf_fp_dec                           0x00000000   Number         0  stubs.o ABSOLUTE
    _printf_fp_hex                           0x00000000   Number         0  stubs.o ABSOLUTE
    _printf_g                                0x00000000   Number         0  stubs.o ABSOLUTE
    _printf_i                                0x00000000   Number         0  stubs.o ABSOLUTE
    _printf_int_dec                          0x00000000   Number         0  stubs.o ABSOLUTE
    _printf_l                                0x00000000   Number         0  stubs.o ABSOLUTE
    _printf_lc                               0x00000000   Number         0  stubs.o ABSOLUTE
    _printf_ll                               0x00000000   Number         0  stubs.o ABSOLUTE
    _printf_lld                              0x00000000   Number         0  stubs.o ABSOLUTE
    _printf_lli                              0x00000000   Number         0  stubs.o ABSOLUTE
    _printf_llo                              0x00000000   Number         0  stubs.o ABSOLUTE
    _printf_llu                              0x00000000   Number         0  stubs.o ABSOLUTE
    _printf_llx                              0x00000000   Number         0  stubs.o ABSOLUTE
    _printf_longlong_dec                     0x00000000   Number         0  stubs.o ABSOLUTE
    _printf_longlong_hex                     0x00000000   Number         0  stubs.o ABSOLUTE
    _printf_longlong_oct                     0x00000000   Number         0  stubs.o ABSOLUTE
    _printf_ls                               0x00000000   Number         0  stubs.o ABSOLUTE
    _printf_mbtowc                           0x00000000   Number         0  stubs.o ABSOLUTE
    _printf_n                                0x00000000   Number         0  stubs.o ABSOLUTE
    _printf_o                                0x00000000   Number         0  stubs.o ABSOLUTE
    _printf_p                                0x00000000   Number         0  stubs.o ABSOLUTE
    _printf_percent                          0x00000000   Number         0  stubs.o ABSOLUTE
    _printf_pre_padding                      0x00000000   Number         0  stubs.o ABSOLUTE
    _printf_return_value                     0x00000000   Number         0  stubs.o ABSOLUTE
    _printf_s                                0x00000000   Number         0  stubs.o ABSOLUTE
    _printf_sizespec                         0x00000000   Number         0  stubs.o ABSOLUTE
    _printf_str                              0x00000000   Number         0  stubs.o ABSOLUTE
    _printf_truncate_signed                  0x00000000   Number         0  stubs.o ABSOLUTE
    _printf_truncate_unsigned                0x00000000   Number         0  stubs.o ABSOLUTE
    _printf_u                                0x00000000   Number         0  stubs.o ABSOLUTE
    _printf_wc                               0x00000000   Number         0  stubs.o ABSOLUTE
    _printf_wctomb                           0x00000000   Number         0  stubs.o ABSOLUTE
    _printf_widthprec                        0x00000000   Number         0  stubs.o ABSOLUTE
    _printf_x                                0x00000000   Number         0  stubs.o ABSOLUTE
    __cpp_initialize__aeabi_                  - Undefined Weak Reference
    __cxa_finalize                            - Undefined Weak Reference
    __decompress                              - Undefined Weak Reference
    _clock_init                               - Undefined Weak Reference
    _microlib_exit                            - Undefined Weak Reference
    __main                                   0x000000e5   Thumb Code     0  entry.o(.ARM.Collect$$$$00000000)
    _main_stk                                0x000000e5   Thumb Code     0  entry2.o(.ARM.Collect$$$$00000001)
    _main_scatterload                        0x000000e9   Thumb Code     0  entry5.o(.ARM.Collect$$$$00000004)
    __main_after_scatterload                 0x000000ed   Thumb Code     0  entry5.o(.ARM.Collect$$$$00000004)
    _main_clock                              0x000000ed   Thumb Code     0  entry7b.o(.ARM.Collect$$$$00000008)
    _main_cpp_init                           0x000000ed   Thumb Code     0  entry8b.o(.ARM.Collect$$$$0000000A)
    _main_init                               0x000000ed   Thumb Code     0  entry9a.o(.ARM.Collect$$$$0000000B)
    __rt_final_cpp                           0x000000f5   Thumb Code     0  entry10a.o(.ARM.Collect$$$$0000000D)
    __rt_final_exit                          0x000000f5   Thumb Code     0  entry11a.o(.ARM.Collect$$$$0000000F)
    Reset_Handler                            0x000000f9   Thumb Code     8  startup_lpc407x_8x_177x_8x.o(.text)
    NMI_Handler                              0x00000101   Thumb Code     2  startup_lpc407x_8x_177x_8x.o(.text)
    HardFault_Handler                        0x00000103   Thumb Code     2  startup_lpc407x_8x_177x_8x.o(.text)
    MemManage_Handler                        0x00000105   Thumb Code     2  startup_lpc407x_8x_177x_8x.o(.text)
    BusFault_Handler                         0x00000107   Thumb Code     2  startup_lpc407x_8x_177x_8x.o(.text)
    UsageFault_Handler                       0x00000109   Thumb Code     2  startup_lpc407x_8x_177x_8x.o(.text)
    SVC_Handler                              0x0000010b   Thumb Code     2  startup_lpc407x_8x_177x_8x.o(.text)
    DebugMon_Handler                         0x0000010d   Thumb Code     2  startup_lpc407x_8x_177x_8x.o(.text)
    PendSV_Handler                           0x0000010f   Thumb Code     2  startup_lpc407x_8x_177x_8x.o(.text)
    SysTick_Handler                          0x00000111   Thumb Code     2  startup_lpc407x_8x_177x_8x.o(.text)
    ADC_IRQHandler                           0x00000113   Thumb Code     0  startup_lpc407x_8x_177x_8x.o(.text)
    BOD_IRQHandler                           0x00000113   Thumb Code     0  startup_lpc407x_8x_177x_8x.o(.text)
    CANActivity_IRQHandler                   0x00000113   Thumb Code     0  startup_lpc407x_8x_177x_8x.o(.text)
    CAN_IRQHandler                           0x00000113   Thumb Code     0  startup_lpc407x_8x_177x_8x.o(.text)
    DMA_IRQHandler                           0x00000113   Thumb Code     0  startup_lpc407x_8x_177x_8x.o(.text)
    EEPROM_IRQHandler                        0x00000113   Thumb Code     0  startup_lpc407x_8x_177x_8x.o(.text)
    EINT1_IRQHandler                         0x00000113   Thumb Code     0  startup_lpc407x_8x_177x_8x.o(.text)
    EINT2_IRQHandler                         0x00000113   Thumb Code     0  startup_lpc407x_8x_177x_8x.o(.text)
    EINT3_IRQHandler                         0x00000113   Thumb Code     0  startup_lpc407x_8x_177x_8x.o(.text)
    ENET_IRQHandler                          0x00000113   Thumb Code     0  startup_lpc407x_8x_177x_8x.o(.text)
    GPIO_IRQHandler                          0x00000113   Thumb Code     0  startup_lpc407x_8x_177x_8x.o(.text)
    I2C0_IRQHandler                          0x00000113   Thumb Code     0  startup_lpc407x_8x_177x_8x.o(.text)
    I2C1_IRQHandler                          0x00000113   Thumb Code     0  startup_lpc407x_8x_177x_8x.o(.text)
    I2C2_IRQHandler                          0x00000113   Thumb Code     0  startup_lpc407x_8x_177x_8x.o(.text)
    I2S_IRQHandler                           0x00000113   Thumb Code     0  startup_lpc407x_8x_177x_8x.o(.text)
    LCD_IRQHandler                           0x00000113   Thumb Code     0  startup_lpc407x_8x_177x_8x.o(.text)
    MCI_IRQHandler                           0x00000113   Thumb Code     0  startup_lpc407x_8x_177x_8x.o(.text)
    MCPWM_IRQHandler                         0x00000113   Thumb Code     0  startup_lpc407x_8x_177x_8x.o(.text)
    PLL0_IRQHandler                          0x00000113   Thumb Code     0  startup_lpc407x_8x_177x_8x.o(.text)
    PLL1_IRQHandler                          0x00000113   Thumb Code     0  startup_lpc407x_8x_177x_8x.o(.text)
    PWM0_IRQHandler                          0x00000113   Thumb Code     0  startup_lpc407x_8x_177x_8x.o(.text)
    PWM1_IRQHandler                          0x00000113   Thumb Code     0  startup_lpc407x_8x_177x_8x.o(.text)
    QEI_IRQHandler                           0x00000113   Thumb Code     0  startup_lpc407x_8x_177x_8x.o(.text)
    RTC_IRQHandler                           0x00000113   Thumb Code     0  startup_lpc407x_8x_177x_8x.o(.text)
    SSP0_IRQHandler                          0x00000113   Thumb Code     0  startup_lpc407x_8x_177x_8x.o(.text)
    SSP1_IRQHandler                          0x00000113   Thumb Code     0  startup_lpc407x_8x_177x_8x.o(.text)
    SSP2_IRQHandler                          0x00000113   Thumb Code     0  startup_lpc407x_8x_177x_8x.o(.text)
    TIMER0_IRQHandler                        0x00000113   Thumb Code     0  startup_lpc407x_8x_177x_8x.o(.text)
    TIMER1_IRQHandler                        0x00000113   Thumb Code     0  startup_lpc407x_8x_177x_8x.o(.text)
    TIMER2_IRQHandler                        0x00000113   Thumb Code     0  startup_lpc407x_8x_177x_8x.o(.text)
    UART1_IRQHandler                         0x00000113   Thumb Code     0  startup_lpc407x_8x_177x_8x.o(.text)
    UART2_IRQHandler                         0x00000113   Thumb Code     0  startup_lpc407x_8x_177x_8x.o(.text)
    UART3_IRQHandler                         0x00000113   Thumb Code     0  startup_lpc407x_8x_177x_8x.o(.text)
    UART4_IRQHandler                         0x00000113   Thumb Code     0  startup_lpc407x_8x_177x_8x.o(.text)
    USBActivity_IRQHandler                   0x00000113   Thumb Code     0  startup_lpc407x_8x_177x_8x.o(.text)
    USB_IRQHandler                           0x00000113   Thumb Code     0  startup_lpc407x_8x_177x_8x.o(.text)
    WDT_IRQHandler                           0x00000113   Thumb Code     0  startup_lpc407x_8x_177x_8x.o(.text)
    __scatterload                            0x0000011d   Thumb Code    28  init.o(.text)
    __scatterload_rt2                        0x0000011d   Thumb Code     0  init.o(.text)
    ADC_Init                                 0x00000141   Thumb Code   138  adc.o(i.ADC_Init)
    ADC_Read                                 0x000001d9   Thumb Code    74  adc.o(i.ADC_Read)
    ADC_Read0                                0x00000229   Thumb Code    72  adc.o(i.ADC_Read0)
    ADC_Read2                                0x00000275   Thumb Code    74  adc.o(i.ADC_Read2)
    ADC_Start                                0x000002c5   Thumb Code    16  adc.o(i.ADC_Start)
    ADC_Stop                                 0x000002d9   Thumb Code    14  adc.o(i.ADC_Stop)
    GPIO_PIN_Read                            0x000002ed   Thumb Code    10  gpio.o(i.GPIO_PIN_Read)
    __scatterload_null                       0x000002f7   Thumb Code     2  handlers.o(i.__scatterload_null)
    EINT0_IRQHandler                         0x00000301   Thumb Code    98  external.o(i.EINT0_IRQHandler)
    External_Init                            0x0000037d   Thumb Code   130  external.o(i.External_Init)
    GPIO_DIR_Write                           0x0000041d   Thumb Code    18  gpio.o(i.GPIO_DIR_Write)
    GPIO_PIN_Write                           0x0000042f   Thumb Code    18  gpio.o(i.GPIO_PIN_Write)
    Joystick_Center_Pressed                  0x00000441   Thumb Code    20  joystick.o(i.Joystick_Center_Pressed)
    Joystick_Down_Pressed                    0x00000459   Thumb Code    20  joystick.o(i.Joystick_Down_Pressed)
    Joystick_Init                            0x00000471   Thumb Code    54  joystick.o(i.Joystick_Init)
    Joystick_Left_Pressed                    0x000004ad   Thumb Code    20  joystick.o(i.Joystick_Left_Pressed)
    Joystick_Right_Pressed                   0x000004c5   Thumb Code    20  joystick.o(i.Joystick_Right_Pressed)
    Joystick_Up_Pressed                      0x000004dd   Thumb Code    20  joystick.o(i.Joystick_Up_Pressed)
    LED3_Init                                0x000004f5   Thumb Code    14  led.o(i.LED3_Init)
    LED3_Off                                 0x00000509   Thumb Code    16  led.o(i.LED3_Off)
    LED3_On                                  0x0000051d   Thumb Code    14  led.o(i.LED3_On)
    LED_Back_Left_Init                       0x00000531   Thumb Code    14  led.o(i.LED_Back_Left_Init)
    LED_Back_Left_Off                        0x00000545   Thumb Code    16  led.o(i.LED_Back_Left_Off)
    LED_Back_Left_On                         0x00000559   Thumb Code    14  led.o(i.LED_Back_Left_On)
    LED_Back_Right_Init                      0x0000056d   Thumb Code    14  led.o(i.LED_Back_Right_Init)
    LED_Back_Right_Off                       0x00000581   Thumb Code    16  led.o(i.LED_Back_Right_Off)
    LED_Back_Right_On                        0x00000595   Thumb Code    14  led.o(i.LED_Back_Right_On)
    LED_Backward                             0x000005a9   Thumb Code    20  led.o(i.LED_Backward)
    LED_Forward                              0x000005bd   Thumb Code    20  led.o(i.LED_Forward)
    LED_Front_Left_Init                      0x000005d1   Thumb Code    14  led.o(i.LED_Front_Left_Init)
    LED_Front_Left_Off                       0x000005e5   Thumb Code    16  led.o(i.LED_Front_Left_Off)
    LED_Front_Left_On                        0x000005f9   Thumb Code    14  led.o(i.LED_Front_Left_On)
    LED_Front_Right_Init                     0x0000060d   Thumb Code    14  led.o(i.LED_Front_Right_Init)
    LED_Front_Right_Off                      0x00000621   Thumb Code    16  led.o(i.LED_Front_Right_Off)
    LED_Front_Right_On                       0x00000635   Thumb Code    14  led.o(i.LED_Front_Right_On)
    LED_Init                                 0x00000649   Thumb Code    36  led.o(i.LED_Init)
    LED_Left                                 0x0000066d   Thumb Code    20  led.o(i.LED_Left)
    LED_OFF                                  0x00000681   Thumb Code    20  led.o(i.LED_OFF)
    LED_Right                                0x00000695   Thumb Code    20  led.o(i.LED_Right)
    Led_Motor_Backward                       0x000006a9   Thumb Code    16  controller.o(i.Led_Motor_Backward)
    Led_Motor_Forward                        0x000006b9   Thumb Code    16  controller.o(i.Led_Motor_Forward)
    Led_Motor_Left                           0x000006c9   Thumb Code    16  controller.o(i.Led_Motor_Left)
    Led_Motor_Right                          0x000006d9   Thumb Code    16  controller.o(i.Led_Motor_Right)
    Led_Motor_Stop                           0x000006e9   Thumb Code    16  controller.o(i.Led_Motor_Stop)
    MC_Set_Direction_Backward                0x000006f9   Thumb Code    24  motorcontroller.o(i.MC_Set_Direction_Backward)
    MC_Set_Direction_Forward                 0x00000715   Thumb Code    24  motorcontroller.o(i.MC_Set_Direction_Forward)
    MC_Set_Direction_Left                    0x00000731   Thumb Code    24  motorcontroller.o(i.MC_Set_Direction_Left)
    MC_Set_Direction_Right                   0x0000074d   Thumb Code    24  motorcontroller.o(i.MC_Set_Direction_Right)
    MC_Stop_Brakes                           0x00000769   Thumb Code    24  motorcontroller.o(i.MC_Stop_Brakes)
    MotorController_Init                     0x00000785   Thumb Code    62  motorcontroller.o(i.MotorController_Init)
    PWM_Init                                 0x000007cd   Thumb Code   150  pwm.o(i.PWM_Init)
    PWM_WriteLeft                            0x00000875   Thumb Code    44  pwm.o(i.PWM_WriteLeft)
    PWM_WriteRight                           0x000008a5   Thumb Code    44  pwm.o(i.PWM_WriteRight)
    Reset_Flags                              0x000008d5   Thumb Code    20  parameters.o(i.Reset_Flags)
    Serial_Init                              0x000008f9   Thumb Code   174  serial.o(i.Serial_Init)
    Serial_Write                             0x000009bd   Thumb Code    22  serial.o(i.Serial_Write)
    Serial_WriteData                         0x000009d5   Thumb Code    20  serial.o(i.Serial_WriteData)
    Set_Backward_Flag                        0x000009ed   Thumb Code    22  parameters.o(i.Set_Backward_Flag)
    Set_Forward_Flag                         0x00000a15   Thumb Code    24  parameters.o(i.Set_Forward_Flag)
    Set_Turn_Left_Flag                       0x00000a3d   Thumb Code    22  parameters.o(i.Set_Turn_Left_Flag)
    Set_Turn_Right_Flag                      0x00000a65   Thumb Code    24  parameters.o(i.Set_Turn_Right_Flag)
    SystemCoreClockUpdate                    0x00000a8d   Thumb Code   696  system_lpc407x_8x_177x_8x.o(i.SystemCoreClockUpdate)
    SystemInit                               0x00000d61   Thumb Code   220  system_lpc407x_8x_177x_8x.o(i.SystemInit)
    TIMER3_IRQHandler                        0x00000e4d   Thumb Code   112  ultrasonic.o(i.TIMER3_IRQHandler)
    Timer_Init                               0x00000ed5   Thumb Code   184  timer.o(i.Timer_Init)
    UART0_IRQHandler                         0x00000f9d   Thumb Code   110  serial.o(i.UART0_IRQHandler)
    Ultrasonic_Capture_Timer_Init            0x00001039   Thumb Code   160  ultrasonic.o(i.Ultrasonic_Capture_Timer_Init)
    Ultrasonic_Start_Trigger                 0x000010ed   Thumb Code    94  ultrasonic.o(i.Ultrasonic_Start_Trigger)
    Ultrasonic_Trigger_Timer_Init            0x00001159   Thumb Code    66  ultrasonic.o(i.Ultrasonic_Trigger_Timer_Init)
    __scatterload_copy                       0x000011e1   Thumb Code    14  handlers.o(i.__scatterload_copy)
    __scatterload_zeroinit                   0x000011ef   Thumb Code    14  handlers.o(i.__scatterload_zeroinit)
    fpu_init                                 0x000011fd   Thumb Code    62  system_lpc407x_8x_177x_8x.o(i.fpu_init)
    init                                     0x0000124d   Thumb Code    44  main.o(i.init)
    main                                     0x00001279   Thumb Code    12  main.o(i.main)
    update                                   0x00001285   Thumb Code   826  main.o(i.update)
    Region$$Table$$Base                      0x00001608   Number         0  anon$$obj.o(Region$$Table)
    Region$$Table$$Limit                     0x00001628   Number         0  anon$$obj.o(Region$$Table)
    isApproachedTo15                         0x10000016   Data           1  main.o(.data)
    whichDirection                           0x10000018   Data           4  main.o(.data)
    counter                                  0x1000001c   Data           4  main.o(.data)
    TrimpotDataValue                         0x10000020   Data           4  main.o(.data)
    LDRDataRight                             0x10000024   Data           4  main.o(.data)
    LDRDataLeft                              0x10000028   Data           4  main.o(.data)
    inflateLeft                              0x1000002c   Data           4  main.o(.data)
    inflateRight                             0x10000030   Data           4  main.o(.data)
    inflatedSpeed                            0x10000034   Data           4  main.o(.data)
    inflateLeftMax                           0x10000038   Data           4  main.o(.data)
    inflateRightMax                          0x1000003c   Data           4  main.o(.data)
    kamil                                    0x10000040   Data           4  main.o(.data)
    runLDR                                   0x10000044   Data           4  main.o(.data)
    escapeCount                              0x10000090   Data           4  ultrasonic.o(.data)
    ultrasonicSensorEdgeCount                0x10000094   Data           1  ultrasonic.o(.data)
    ultrasonicSensorRisingTime               0x10000098   Data           4  ultrasonic.o(.data)
    ultrasonicSensorFallingTime              0x1000009c   Data           4  ultrasonic.o(.data)
    ultrasonicSensorDuration                 0x100000a0   Data           4  ultrasonic.o(.data)
    ultrasonicSensorDistance                 0x100000a4   Data           4  ultrasonic.o(.data)
    serialTransmitData                       0x100000c0   Data           4  serial.o(.data)
    serialTransmitCompleted                  0x100000c4   Data           1  serial.o(.data)
    serialReceivedCharacter                  0x100000c5   Data           1  serial.o(.data)
    autoDirection                            0x100000c8   Data           4  serial.o(.data)
    comebackManuel                           0x100000cc   Data           4  serial.o(.data)
    DriveMode                                0x100000e6   Data           1  external.o(.data)
    SystemCoreClock                          0x100000e8   Data           4  system_lpc407x_8x_177x_8x.o(.data)
    PeripheralClock                          0x100000ec   Data           4  system_lpc407x_8x_177x_8x.o(.data)
    EMCClock                                 0x100000f0   Data           4  system_lpc407x_8x_177x_8x.o(.data)
    USBClock                                 0x100000f4   Data           4  system_lpc407x_8x_177x_8x.o(.data)
    __initial_sp                             0x100004f8   Data           0  startup_lpc407x_8x_177x_8x.o(STACK)



==============================================================================

Memory Map of the image

  Image Entry point : 0x000000f9

  Load Region LR_1 (Base: 0x00000000, Size: 0x00001720, Max: 0xffffffff, ABSOLUTE)

    Execution Region ER_RO (Exec base: 0x00000000, Load base: 0x00000000, Size: 0x00001628, Max: 0xffffffff, ABSOLUTE)

    Exec Addr    Load Addr    Size         Type   Attr      Idx    E Section Name        Object

    0x00000000   0x00000000   0x000000e4   Data   RO          856    RESET               startup_lpc407x_8x_177x_8x.o
    0x000000e4   0x000000e4   0x00000000   Code   RO          906  * .ARM.Collect$$$$00000000  mc_w.l(entry.o)
    0x000000e4   0x000000e4   0x00000004   Code   RO         1170    .ARM.Collect$$$$00000001  mc_w.l(entry2.o)
    0x000000e8   0x000000e8   0x00000004   Code   RO         1173    .ARM.Collect$$$$00000004  mc_w.l(entry5.o)
    0x000000ec   0x000000ec   0x00000000   Code   RO         1175    .ARM.Collect$$$$00000008  mc_w.l(entry7b.o)
    0x000000ec   0x000000ec   0x00000000   Code   RO         1177    .ARM.Collect$$$$0000000A  mc_w.l(entry8b.o)
    0x000000ec   0x000000ec   0x00000008   Code   RO         1178    .ARM.Collect$$$$0000000B  mc_w.l(entry9a.o)
    0x000000f4   0x000000f4   0x00000000   Code   RO         1180    .ARM.Collect$$$$0000000D  mc_w.l(entry10a.o)
    0x000000f4   0x000000f4   0x00000000   Code   RO         1182    .ARM.Collect$$$$0000000F  mc_w.l(entry11a.o)
    0x000000f4   0x000000f4   0x00000004   Code   RO         1171    .ARM.Collect$$$$00002712  mc_w.l(entry2.o)
    0x000000f8   0x000000f8   0x00000024   Code   RO          858  * .text               startup_lpc407x_8x_177x_8x.o
    0x0000011c   0x0000011c   0x00000024   Code   RO         1202    .text               mc_w.l(init.o)
    0x00000140   0x00000140   0x00000098   Code   RO          694    i.ADC_Init          adc.o
    0x000001d8   0x000001d8   0x00000050   Code   RO          695    i.ADC_Read          adc.o
    0x00000228   0x00000228   0x0000004c   Code   RO          696    i.ADC_Read0         adc.o
    0x00000274   0x00000274   0x00000050   Code   RO          697    i.ADC_Read2         adc.o
    0x000002c4   0x000002c4   0x00000014   Code   RO          698    i.ADC_Start         adc.o
    0x000002d8   0x000002d8   0x00000014   Code   RO          699    i.ADC_Stop          adc.o
    0x000002ec   0x000002ec   0x0000000a   Code   RO          121    i.GPIO_PIN_Read     gpio.o
    0x000002f6   0x000002f6   0x00000002   Code   RO         1217    i.__scatterload_null  mc_w.l(handlers.o)
    0x000002f8   0x000002f8   0x00000004   PAD
    0x000002fc   0x000002fc   0x00000004   Code   RO          857    .ARM.__at_0x02FC    startup_lpc407x_8x_177x_8x.o
    0x00000300   0x00000300   0x0000007c   Code   RO          820    i.EINT0_IRQHandler  external.o
    0x0000037c   0x0000037c   0x000000a0   Code   RO          821    i.External_Init     external.o
    0x0000041c   0x0000041c   0x00000012   Code   RO          120    i.GPIO_DIR_Write    gpio.o
    0x0000042e   0x0000042e   0x00000012   Code   RO          122    i.GPIO_PIN_Write    gpio.o
    0x00000440   0x00000440   0x00000018   Code   RO          159    i.Joystick_Center_Pressed  joystick.o
    0x00000458   0x00000458   0x00000018   Code   RO          160    i.Joystick_Down_Pressed  joystick.o
    0x00000470   0x00000470   0x0000003c   Code   RO          161    i.Joystick_Init     joystick.o
    0x000004ac   0x000004ac   0x00000018   Code   RO          162    i.Joystick_Left_Pressed  joystick.o
    0x000004c4   0x000004c4   0x00000018   Code   RO          163    i.Joystick_Right_Pressed  joystick.o
    0x000004dc   0x000004dc   0x00000018   Code   RO          164    i.Joystick_Up_Pressed  joystick.o
    0x000004f4   0x000004f4   0x00000014   Code   RO          331    i.LED3_Init         led.o
    0x00000508   0x00000508   0x00000014   Code   RO          332    i.LED3_Off          led.o
    0x0000051c   0x0000051c   0x00000014   Code   RO          333    i.LED3_On           led.o
    0x00000530   0x00000530   0x00000014   Code   RO          334    i.LED_Back_Left_Init  led.o
    0x00000544   0x00000544   0x00000014   Code   RO          335    i.LED_Back_Left_Off  led.o
    0x00000558   0x00000558   0x00000014   Code   RO          336    i.LED_Back_Left_On  led.o
    0x0000056c   0x0000056c   0x00000014   Code   RO          337    i.LED_Back_Right_Init  led.o
    0x00000580   0x00000580   0x00000014   Code   RO          338    i.LED_Back_Right_Off  led.o
    0x00000594   0x00000594   0x00000014   Code   RO          339    i.LED_Back_Right_On  led.o
    0x000005a8   0x000005a8   0x00000014   Code   RO          340    i.LED_Backward      led.o
    0x000005bc   0x000005bc   0x00000014   Code   RO          341    i.LED_Forward       led.o
    0x000005d0   0x000005d0   0x00000014   Code   RO          342    i.LED_Front_Left_Init  led.o
    0x000005e4   0x000005e4   0x00000014   Code   RO          343    i.LED_Front_Left_Off  led.o
    0x000005f8   0x000005f8   0x00000014   Code   RO          344    i.LED_Front_Left_On  led.o
    0x0000060c   0x0000060c   0x00000014   Code   RO          345    i.LED_Front_Right_Init  led.o
    0x00000620   0x00000620   0x00000014   Code   RO          346    i.LED_Front_Right_Off  led.o
    0x00000634   0x00000634   0x00000014   Code   RO          347    i.LED_Front_Right_On  led.o
    0x00000648   0x00000648   0x00000024   Code   RO          348    i.LED_Init          led.o
    0x0000066c   0x0000066c   0x00000014   Code   RO          349    i.LED_Left          led.o
    0x00000680   0x00000680   0x00000014   Code   RO          350    i.LED_OFF           led.o
    0x00000694   0x00000694   0x00000014   Code   RO          352    i.LED_Right         led.o
    0x000006a8   0x000006a8   0x00000010   Code   RO          264    i.Led_Motor_Backward  controller.o
    0x000006b8   0x000006b8   0x00000010   Code   RO          265    i.Led_Motor_Forward  controller.o
    0x000006c8   0x000006c8   0x00000010   Code   RO          266    i.Led_Motor_Left    controller.o
    0x000006d8   0x000006d8   0x00000010   Code   RO          267    i.Led_Motor_Right   controller.o
    0x000006e8   0x000006e8   0x00000010   Code   RO          268    i.Led_Motor_Stop    controller.o
    0x000006f8   0x000006f8   0x0000001c   Code   RO          565    i.MC_Set_Direction_Backward  motorcontroller.o
    0x00000714   0x00000714   0x0000001c   Code   RO          566    i.MC_Set_Direction_Forward  motorcontroller.o
    0x00000730   0x00000730   0x0000001c   Code   RO          567    i.MC_Set_Direction_Left  motorcontroller.o
    0x0000074c   0x0000074c   0x0000001c   Code   RO          568    i.MC_Set_Direction_Right  motorcontroller.o
    0x00000768   0x00000768   0x0000001c   Code   RO          569    i.MC_Stop_Brakes    motorcontroller.o
    0x00000784   0x00000784   0x00000048   Code   RO          570    i.MotorController_Init  motorcontroller.o
    0x000007cc   0x000007cc   0x000000a8   Code   RO          217    i.PWM_Init          pwm.o
    0x00000874   0x00000874   0x00000030   Code   RO          218    i.PWM_WriteLeft     pwm.o
    0x000008a4   0x000008a4   0x00000030   Code   RO          219    i.PWM_WriteRight    pwm.o
    0x000008d4   0x000008d4   0x00000024   Code   RO          484    i.Reset_Flags       parameters.o
    0x000008f8   0x000008f8   0x000000c4   Code   RO          754    i.Serial_Init       serial.o
    0x000009bc   0x000009bc   0x00000016   Code   RO          756    i.Serial_Write      serial.o
    0x000009d2   0x000009d2   0x00000002   PAD
    0x000009d4   0x000009d4   0x00000018   Code   RO          757    i.Serial_WriteData  serial.o
    0x000009ec   0x000009ec   0x00000028   Code   RO          485    i.Set_Backward_Flag  parameters.o
    0x00000a14   0x00000a14   0x00000028   Code   RO          486    i.Set_Forward_Flag  parameters.o
    0x00000a3c   0x00000a3c   0x00000028   Code   RO          487    i.Set_Turn_Left_Flag  parameters.o
    0x00000a64   0x00000a64   0x00000028   Code   RO          488    i.Set_Turn_Right_Flag  parameters.o
    0x00000a8c   0x00000a8c   0x000002d4   Code   RO          867    i.SystemCoreClockUpdate  system_lpc407x_8x_177x_8x.o
    0x00000d60   0x00000d60   0x000000ec   Code   RO          868    i.SystemInit        system_lpc407x_8x_177x_8x.o
    0x00000e4c   0x00000e4c   0x00000088   Code   RO          622    i.TIMER3_IRQHandler  ultrasonic.o
    0x00000ed4   0x00000ed4   0x000000c8   Code   RO          535    i.Timer_Init        timer.o
    0x00000f9c   0x00000f9c   0x0000009c   Code   RO          759    i.UART0_IRQHandler  serial.o
    0x00001038   0x00001038   0x000000b4   Code   RO          623    i.Ultrasonic_Capture_Timer_Init  ultrasonic.o
    0x000010ec   0x000010ec   0x0000006c   Code   RO          624    i.Ultrasonic_Start_Trigger  ultrasonic.o
    0x00001158   0x00001158   0x00000050   Code   RO          626    i.Ultrasonic_Trigger_Timer_Init  ultrasonic.o
    0x000011a8   0x000011a8   0x0000001c   Code   RO          627    i.__NVIC_ClearPendingIRQ  ultrasonic.o
    0x000011c4   0x000011c4   0x0000001c   Code   RO          760    i.__NVIC_ClearPendingIRQ  serial.o
    0x000011e0   0x000011e0   0x0000000e   Code   RO         1216    i.__scatterload_copy  mc_w.l(handlers.o)
    0x000011ee   0x000011ee   0x0000000e   Code   RO         1218    i.__scatterload_zeroinit  mc_w.l(handlers.o)
    0x000011fc   0x000011fc   0x00000050   Code   RO          869    i.fpu_init          system_lpc407x_8x_177x_8x.o
    0x0000124c   0x0000124c   0x0000002c   Code   RO            4    i.init              main.o
    0x00001278   0x00001278   0x0000000c   Code   RO            5    i.main              main.o
    0x00001284   0x00001284   0x00000384   Code   RO            6    i.update            main.o
    0x00001608   0x00001608   0x00000020   Data   RO         1214    Region$$Table       anon$$obj.o


    Execution Region ER_RW (Exec base: 0x10000000, Load base: 0x00001628, Size: 0x000000f8, Max: 0xffffffff, ABSOLUTE)

    Exec Addr    Load Addr    Size         Type   Attr      Idx    E Section Name        Object

    0x10000000   0x00001628   0x00000048   Data   RW            8    .data               main.o
    0x10000048   0x00001670   0x00000016   Data   RW          490    .data               parameters.o
    0x1000005e   0x00001686   0x00000002   PAD
    0x10000060   0x00001688   0x00000016   Data   RW          572    .data               motorcontroller.o
    0x10000076   0x0000169e   0x00000002   PAD
    0x10000078   0x000016a0   0x00000030   Data   RW          629    .data               ultrasonic.o
    0x100000a8   0x000016d0   0x00000028   Data   RW          762    .data               serial.o
    0x100000d0   0x000016f8   0x00000017   Data   RW          823    .data               external.o
    0x100000e7   0x0000170f   0x00000001   PAD
    0x100000e8   0x00001710   0x00000010   Data   RW          870    .data               system_lpc407x_8x_177x_8x.o


    Execution Region ER_ZI (Exec base: 0x100000f8, Load base: 0x00001720, Size: 0x00000400, Max: 0xffffffff, ABSOLUTE)

    Exec Addr    Load Addr    Size         Type   Attr      Idx    E Section Name        Object

    0x100000f8        -       0x00000400   Zero   RW          854    STACK               startup_lpc407x_8x_177x_8x.o


==============================================================================

Image component sizes


      Code (inc. data)   RO Data    RW Data    ZI Data      Debug   Object Name

       428         40          0          0          0       3169   adc.o
        80          0          0          0          0       2933   controller.o
       284         56          0         23          0       1959   external.o
        46          0          0          0          0       2830   gpio.o
       180         26          0          0          0       3145   joystick.o
       436         80          0          0          0       9614   led.o
       956         74          0         72          0      30846   main.o
       212         30          0         22          0       3544   motorcontroller.o
       196         84          0         22          0       2760   parameters.o
       264         26          0          0          0       1532   pwm.o
       426         78          0         40          0       3597   serial.o
        40         12        228          0       1024       1080   startup_lpc407x_8x_177x_8x.o
      1040         62          0         16          0       4560   system_lpc407x_8x_177x_8x.o
       200         16          0          0          0        505   timer.o
       532         78          0         48          0      33883   ultrasonic.o

    ----------------------------------------------------------------------
      5322        662        260        248       1024     105957   Object Totals
         0          0         32          0          0          0   (incl. Generated)
         2          0          0          5          0          0   (incl. Padding)

    ----------------------------------------------------------------------

      Code (inc. data)   RO Data    RW Data    ZI Data      Debug   Library Member Name

         0          0          0          0          0          0   entry.o
         0          0          0          0          0          0   entry10a.o
         0          0          0          0          0          0   entry11a.o
         8          4          0          0          0          0   entry2.o
         4          0          0          0          0          0   entry5.o
         0          0          0          0          0          0   entry7b.o
         0          0          0          0          0          0   entry8b.o
         8          4          0          0          0          0   entry9a.o
        30          0          0          0          0          0   handlers.o
        36          8          0          0          0         68   init.o

    ----------------------------------------------------------------------
        90         16          0          0          0         68   Library Totals
         4          0          0          0          0          0   (incl. Padding)

    ----------------------------------------------------------------------

      Code (inc. data)   RO Data    RW Data    ZI Data      Debug   Library Name

        86         16          0          0          0         68   mc_w.l

    ----------------------------------------------------------------------
        90         16          0          0          0         68   Library Totals

    ----------------------------------------------------------------------

==============================================================================


      Code (inc. data)   RO Data    RW Data    ZI Data      Debug   

      5412        678        260        248       1024      99229   Grand Totals
      5412        678        260        248       1024      99229   ELF Image Totals
      5412        678        260        248          0          0   ROM Totals

==============================================================================

    Total RO  Size (Code + RO Data)                 5672 (   5.54kB)
    Total RW  Size (RW Data + ZI Data)              1272 (   1.24kB)
    Total ROM Size (Code + RO Data + RW Data)       5920 (   5.78kB)

==============================================================================

