Component: ARM Compiler 5.06 update 6 (build 750) Tool: armlink [4d35ed]

==============================================================================

Section Cross References

    main.o(i.init) refers to joystick.o(i.Joystick_Init) for Joystick_Init
    main.o(i.init) refers to timer.o(i.Timer_Init) for Timer_Init
    main.o(i.init) refers to motorcontroller.o(i.MotorController_Init) for MotorController_Init
    main.o(i.init) refers to pwm.o(i.PWM_Init) for PWM_Init
    main.o(i.main) refers to main.o(i.init) for init
    main.o(i.main) refers to main.o(i.update) for update
    main.o(i.update) refers to pwm.o(i.PWM_Cycle_Rate) for PWM_Cycle_Rate
    main.o(i.update) refers to pwm.o(i.PWM_Write) for PWM_Write
    main.o(i.update) refers to joystick.o(i.Joystick_Up_Pressed) for Joystick_Up_Pressed
    main.o(i.update) refers to parameters.o(i.Set_Forward_Flag) for Set_Forward_Flag
    main.o(i.update) refers to led.o(i.LED_Forward) for LED_Forward
    main.o(i.update) refers to motorcontroller.o(i.MC_Set_Direction_Forward) for MC_Set_Direction_Forward
    main.o(i.update) refers to joystick.o(i.Joystick_Right_Pressed) for Joystick_Right_Pressed
    main.o(i.update) refers to parameters.o(i.Set_Turn_Right_Flag) for Set_Turn_Right_Flag
    main.o(i.update) refers to led.o(i.LED_Right) for LED_Right
    main.o(i.update) refers to joystick.o(i.Joystick_Center_Pressed) for Joystick_Center_Pressed
    main.o(i.update) refers to parameters.o(i.Reset_Flags) for Reset_Flags
    main.o(i.update) refers to led.o(i.LED_OFF) for LED_OFF
    main.o(i.update) refers to motorcontroller.o(i.MC_Stop_Brakes) for MC_Stop_Brakes
    main.o(i.update) refers to joystick.o(i.Joystick_Left_Pressed) for Joystick_Left_Pressed
    main.o(i.update) refers to parameters.o(i.Set_Turn_Left_Flag) for Set_Turn_Left_Flag
    main.o(i.update) refers to led.o(i.LED_Left) for LED_Left
    main.o(i.update) refers to joystick.o(i.Joystick_Down_Pressed) for Joystick_Down_Pressed
    main.o(i.update) refers to parameters.o(i.Set_Backward_Flag) for Set_Backward_Flag
    main.o(i.update) refers to led.o(i.LED_Backward) for LED_Backward
    main.o(i.update) refers to motorcontroller.o(i.MC_Set_Direction_Backward) for MC_Set_Direction_Backward
    main.o(i.update) refers to timer.o(.data) for a_currentTime
    parameters.o(i.Reset_Flags) refers to parameters.o(.data) for TURN_LEFT_FLAG
    parameters.o(i.Set_Backward_Flag) refers to parameters.o(.data) for TURN_LEFT_FLAG
    parameters.o(i.Set_Forward_Flag) refers to parameters.o(.data) for TURN_LEFT_FLAG
    parameters.o(i.Set_Turn_Left_Flag) refers to parameters.o(.data) for TURN_LEFT_FLAG
    parameters.o(i.Set_Turn_Right_Flag) refers to parameters.o(.data) for TURN_LEFT_FLAG
    joystick.o(i.Joystick_Center_Pressed) refers to gpio.o(i.GPIO_PIN_Read) for GPIO_PIN_Read
    joystick.o(i.Joystick_Down_Pressed) refers to gpio.o(i.GPIO_PIN_Read) for GPIO_PIN_Read
    joystick.o(i.Joystick_Init) refers to gpio.o(i.GPIO_DIR_Write) for GPIO_DIR_Write
    joystick.o(i.Joystick_Left_Pressed) refers to gpio.o(i.GPIO_PIN_Read) for GPIO_PIN_Read
    joystick.o(i.Joystick_Right_Pressed) refers to gpio.o(i.GPIO_PIN_Read) for GPIO_PIN_Read
    joystick.o(i.Joystick_Up_Pressed) refers to gpio.o(i.GPIO_PIN_Read) for GPIO_PIN_Read
    pwm.o(i.PWM_Init) refers to pwm.o(i.PWM_Write) for PWM_Write
    led.o(i.LED_Back_Left_Off) refers to pwm.o(i.PWM_Write) for PWM_Write
    led.o(i.LED_Back_Left_On) refers to pwm.o(i.PWM_Write) for PWM_Write
    led.o(i.LED_Back_Right_Off) refers to pwm.o(i.PWM_Write) for PWM_Write
    led.o(i.LED_Back_Right_On) refers to pwm.o(i.PWM_Write) for PWM_Write
    led.o(i.LED_Backward) refers to led.o(i.LED_Front_Right_Off) for LED_Front_Right_Off
    led.o(i.LED_Backward) refers to led.o(i.LED_Front_Left_Off) for LED_Front_Left_Off
    led.o(i.LED_Backward) refers to led.o(i.LED_Back_Right_On) for LED_Back_Right_On
    led.o(i.LED_Backward) refers to led.o(i.LED_Back_Left_On) for LED_Back_Left_On
    led.o(i.LED_Forward) refers to led.o(i.LED_Front_Right_On) for LED_Front_Right_On
    led.o(i.LED_Forward) refers to led.o(i.LED_Front_Left_On) for LED_Front_Left_On
    led.o(i.LED_Forward) refers to led.o(i.LED_Back_Right_Off) for LED_Back_Right_Off
    led.o(i.LED_Forward) refers to led.o(i.LED_Back_Left_Off) for LED_Back_Left_Off
    led.o(i.LED_Front_Left_Off) refers to pwm.o(i.PWM_Write) for PWM_Write
    led.o(i.LED_Front_Left_On) refers to pwm.o(i.PWM_Write) for PWM_Write
    led.o(i.LED_Front_Right_Off) refers to pwm.o(i.PWM_Write) for PWM_Write
    led.o(i.LED_Front_Right_On) refers to pwm.o(i.PWM_Write) for PWM_Write
    led.o(i.LED_Left) refers to led.o(i.LED_Front_Right_Off) for LED_Front_Right_Off
    led.o(i.LED_Left) refers to led.o(i.LED_Front_Left_On) for LED_Front_Left_On
    led.o(i.LED_Left) refers to led.o(i.LED_Back_Right_Off) for LED_Back_Right_Off
    led.o(i.LED_Left) refers to led.o(i.LED_Back_Left_On) for LED_Back_Left_On
    led.o(i.LED_OFF) refers to led.o(i.LED_Front_Right_Off) for LED_Front_Right_Off
    led.o(i.LED_OFF) refers to led.o(i.LED_Front_Left_Off) for LED_Front_Left_Off
    led.o(i.LED_OFF) refers to led.o(i.LED_Back_Right_Off) for LED_Back_Right_Off
    led.o(i.LED_OFF) refers to led.o(i.LED_Back_Left_Off) for LED_Back_Left_Off
    led.o(i.LED_ON) refers to led.o(i.LED_Front_Right_On) for LED_Front_Right_On
    led.o(i.LED_ON) refers to led.o(i.LED_Front_Left_On) for LED_Front_Left_On
    led.o(i.LED_ON) refers to led.o(i.LED_Back_Right_On) for LED_Back_Right_On
    led.o(i.LED_ON) refers to led.o(i.LED_Back_Left_On) for LED_Back_Left_On
    led.o(i.LED_Right) refers to led.o(i.LED_Front_Right_On) for LED_Front_Right_On
    led.o(i.LED_Right) refers to led.o(i.LED_Front_Left_Off) for LED_Front_Left_Off
    led.o(i.LED_Right) refers to led.o(i.LED_Back_Right_On) for LED_Back_Right_On
    led.o(i.LED_Right) refers to led.o(i.LED_Back_Left_Off) for LED_Back_Left_Off
    motorcontroller.o(i.MC_Set_Direction_Backward) refers to gpio.o(i.GPIO_PIN_Write) for GPIO_PIN_Write
    motorcontroller.o(i.MC_Set_Direction_Forward) refers to gpio.o(i.GPIO_PIN_Write) for GPIO_PIN_Write
    motorcontroller.o(i.MC_Stop_Brakes) refers to gpio.o(i.GPIO_PIN_Write) for GPIO_PIN_Write
    motorcontroller.o(i.MotorController_Init) refers to gpio.o(i.GPIO_DIR_Write) for GPIO_DIR_Write
    startup_lpc407x_8x_177x_8x.o(RESET) refers to startup_lpc407x_8x_177x_8x.o(STACK) for __initial_sp
    startup_lpc407x_8x_177x_8x.o(RESET) refers to startup_lpc407x_8x_177x_8x.o(.text) for Reset_Handler
    startup_lpc407x_8x_177x_8x.o(.text) refers to system_lpc407x_8x_177x_8x.o(i.SystemInit) for SystemInit
    startup_lpc407x_8x_177x_8x.o(.text) refers to entry.o(.ARM.Collect$$$$00000000) for __main
    system_lpc407x_8x_177x_8x.o(i.SystemCoreClockUpdate) refers to system_lpc407x_8x_177x_8x.o(.data) for SystemCoreClock
    system_lpc407x_8x_177x_8x.o(i.SystemInit) refers to system_lpc407x_8x_177x_8x.o(i.fpu_init) for fpu_init
    system_lpc407x_8x_177x_8x.o(i.SystemInit) refers to system_lpc407x_8x_177x_8x.o(i.SystemCoreClockUpdate) for SystemCoreClockUpdate
    system_lpc407x_8x_177x_8x.o(i.SystemInit) refers to system_lpc407x_8x_177x_8x.o(i.SystemInit_ExtMemCtl) for SystemInit_ExtMemCtl
    system_lpc407x_8x_177x_8x.o(i.SystemInit_ExtMemCtl) refers to system_lpc407x_8x_177x_8x.o(i._DelayMs) for _DelayMs
    system_lpc407x_8x_177x_8x.o(i._DelayMs) refers to system_lpc407x_8x_177x_8x.o(.data) for SystemCoreClock
    entry.o(.ARM.Collect$$$$00000000) refers (Special) to entry10a.o(.ARM.Collect$$$$0000000D) for __rt_final_cpp
    entry.o(.ARM.Collect$$$$00000000) refers (Special) to entry11a.o(.ARM.Collect$$$$0000000F) for __rt_final_exit
    entry.o(.ARM.Collect$$$$00000000) refers (Special) to entry7b.o(.ARM.Collect$$$$00000008) for _main_clock
    entry.o(.ARM.Collect$$$$00000000) refers (Special) to entry8b.o(.ARM.Collect$$$$0000000A) for _main_cpp_init
    entry.o(.ARM.Collect$$$$00000000) refers (Special) to entry9a.o(.ARM.Collect$$$$0000000B) for _main_init
    entry.o(.ARM.Collect$$$$00000000) refers (Special) to entry5.o(.ARM.Collect$$$$00000004) for _main_scatterload
    entry.o(.ARM.Collect$$$$00000000) refers (Special) to entry2.o(.ARM.Collect$$$$00000001) for _main_stk
    entry2.o(.ARM.Collect$$$$00000001) refers to entry2.o(.ARM.Collect$$$$00002712) for __lit__00000000
    entry2.o(.ARM.Collect$$$$00002712) refers to startup_lpc407x_8x_177x_8x.o(STACK) for __initial_sp
    entry2.o(__vectab_stack_and_reset_area) refers to startup_lpc407x_8x_177x_8x.o(STACK) for __initial_sp
    entry2.o(__vectab_stack_and_reset_area) refers to entry.o(.ARM.Collect$$$$00000000) for __main
    entry5.o(.ARM.Collect$$$$00000004) refers to init.o(.text) for __scatterload
    entry9a.o(.ARM.Collect$$$$0000000B) refers to main.o(i.main) for main
    entry9b.o(.ARM.Collect$$$$0000000C) refers to main.o(i.main) for main
    init.o(.text) refers to entry5.o(.ARM.Collect$$$$00000004) for __main_after_scatterload


==============================================================================

Removing Unused input sections from the image.

    Removing main.o(.rev16_text), (4 bytes).
    Removing main.o(.revsh_text), (4 bytes).
    Removing main.o(.rrx_text), (6 bytes).
    Removing main.o(.data), (24 bytes).
    Removing parameters.o(.rev16_text), (4 bytes).
    Removing parameters.o(.revsh_text), (4 bytes).
    Removing parameters.o(.rrx_text), (6 bytes).
    Removing joystick.o(.rev16_text), (4 bytes).
    Removing joystick.o(.revsh_text), (4 bytes).
    Removing joystick.o(.rrx_text), (6 bytes).
    Removing pwm.o(.rev16_text), (4 bytes).
    Removing pwm.o(.revsh_text), (4 bytes).
    Removing pwm.o(.rrx_text), (6 bytes).
    Removing timer.o(.rev16_text), (4 bytes).
    Removing timer.o(.revsh_text), (4 bytes).
    Removing timer.o(.rrx_text), (6 bytes).
    Removing gpio.o(.rev16_text), (4 bytes).
    Removing gpio.o(.revsh_text), (4 bytes).
    Removing gpio.o(.rrx_text), (6 bytes).
    Removing led.o(.rev16_text), (4 bytes).
    Removing led.o(.revsh_text), (4 bytes).
    Removing led.o(.rrx_text), (6 bytes).
    Removing led.o(i.LED_ON), (20 bytes).
    Removing motorcontroller.o(.rev16_text), (4 bytes).
    Removing motorcontroller.o(.revsh_text), (4 bytes).
    Removing motorcontroller.o(.rrx_text), (6 bytes).
    Removing startup_lpc407x_8x_177x_8x.o(HEAP), (0 bytes).
    Removing system_lpc407x_8x_177x_8x.o(.rev16_text), (4 bytes).
    Removing system_lpc407x_8x_177x_8x.o(.revsh_text), (4 bytes).
    Removing system_lpc407x_8x_177x_8x.o(.rrx_text), (6 bytes).

30 unused section(s) (total 170 bytes) removed from the image.

==============================================================================

Image Symbol Table

    Local Symbols

    Symbol Name                              Value     Ov Type        Size  Object(Section)

    RESET                                    0x00000000   Section      228  startup_lpc407x_8x_177x_8x.o(RESET)
    ../clib/microlib/init/entry.s            0x00000000   Number         0  entry10b.o ABSOLUTE
    ../clib/microlib/init/entry.s            0x00000000   Number         0  entry7b.o ABSOLUTE
    ../clib/microlib/init/entry.s            0x00000000   Number         0  entry11b.o ABSOLUTE
    ../clib/microlib/init/entry.s            0x00000000   Number         0  entry2.o ABSOLUTE
    ../clib/microlib/init/entry.s            0x00000000   Number         0  entry11a.o ABSOLUTE
    ../clib/microlib/init/entry.s            0x00000000   Number         0  entry5.o ABSOLUTE
    ../clib/microlib/init/entry.s            0x00000000   Number         0  entry10a.o ABSOLUTE
    ../clib/microlib/init/entry.s            0x00000000   Number         0  entry9b.o ABSOLUTE
    ../clib/microlib/init/entry.s            0x00000000   Number         0  entry9a.o ABSOLUTE
    ../clib/microlib/init/entry.s            0x00000000   Number         0  entry7a.o ABSOLUTE
    ../clib/microlib/init/entry.s            0x00000000   Number         0  entry8b.o ABSOLUTE
    ../clib/microlib/init/entry.s            0x00000000   Number         0  entry8a.o ABSOLUTE
    ../clib/microlib/init/entry.s            0x00000000   Number         0  entry.o ABSOLUTE
    Library\GPIO.c                           0x00000000   Number         0  gpio.o ABSOLUTE
    Library\Joystick.c                       0x00000000   Number         0  joystick.o ABSOLUTE
    Library\LED.c                            0x00000000   Number         0  led.o ABSOLUTE
    Library\MotorController.c                0x00000000   Number         0  motorcontroller.o ABSOLUTE
    Library\PWM.c                            0x00000000   Number         0  pwm.o ABSOLUTE
    Library\Timer.c                          0x00000000   Number         0  timer.o ABSOLUTE
    Library\\GPIO.c                          0x00000000   Number         0  gpio.o ABSOLUTE
    Library\\Joystick.c                      0x00000000   Number         0  joystick.o ABSOLUTE
    Library\\LED.c                           0x00000000   Number         0  led.o ABSOLUTE
    Library\\MotorController.c               0x00000000   Number         0  motorcontroller.o ABSOLUTE
    Library\\PWM.c                           0x00000000   Number         0  pwm.o ABSOLUTE
    Library\\Timer.c                         0x00000000   Number         0  timer.o ABSOLUTE
    Parameters.c                             0x00000000   Number         0  parameters.o ABSOLUTE
    Parameters.c                             0x00000000   Number         0  parameters.o ABSOLUTE
    RTE\Device\LPC4088FET208\startup_LPC407x_8x_177x_8x.s 0x00000000   Number         0  startup_lpc407x_8x_177x_8x.o ABSOLUTE
    RTE\Device\LPC4088FET208\system_LPC407x_8x_177x_8x.c 0x00000000   Number         0  system_lpc407x_8x_177x_8x.o ABSOLUTE
    RTE\\Device\\LPC4088FET208\\system_LPC407x_8x_177x_8x.c 0x00000000   Number         0  system_lpc407x_8x_177x_8x.o ABSOLUTE
    dc.s                                     0x00000000   Number         0  dc.o ABSOLUTE
    handlers.s                               0x00000000   Number         0  handlers.o ABSOLUTE
    init.s                                   0x00000000   Number         0  init.o ABSOLUTE
    main.c                                   0x00000000   Number         0  main.o ABSOLUTE
    main.c                                   0x00000000   Number         0  main.o ABSOLUTE
    .ARM.Collect$$$$00000000                 0x000000e4   Section        0  entry.o(.ARM.Collect$$$$00000000)
    .ARM.Collect$$$$00000001                 0x000000e4   Section        4  entry2.o(.ARM.Collect$$$$00000001)
    .ARM.Collect$$$$00000004                 0x000000e8   Section        4  entry5.o(.ARM.Collect$$$$00000004)
    .ARM.Collect$$$$00000008                 0x000000ec   Section        0  entry7b.o(.ARM.Collect$$$$00000008)
    .ARM.Collect$$$$0000000A                 0x000000ec   Section        0  entry8b.o(.ARM.Collect$$$$0000000A)
    .ARM.Collect$$$$0000000B                 0x000000ec   Section        8  entry9a.o(.ARM.Collect$$$$0000000B)
    .ARM.Collect$$$$0000000D                 0x000000f4   Section        0  entry10a.o(.ARM.Collect$$$$0000000D)
    .ARM.Collect$$$$0000000F                 0x000000f4   Section        0  entry11a.o(.ARM.Collect$$$$0000000F)
    .ARM.Collect$$$$00002712                 0x000000f4   Section        4  entry2.o(.ARM.Collect$$$$00002712)
    __lit__00000000                          0x000000f4   Data           4  entry2.o(.ARM.Collect$$$$00002712)
    .text                                    0x000000f8   Section       36  startup_lpc407x_8x_177x_8x.o(.text)
    $v0                                      0x000000f8   Number         0  startup_lpc407x_8x_177x_8x.o(.text)
    .text                                    0x0000011c   Section       36  init.o(.text)
    i.GPIO_DIR_Write                         0x00000140   Section        0  gpio.o(i.GPIO_DIR_Write)
    i.GPIO_PIN_Read                          0x00000152   Section        0  gpio.o(i.GPIO_PIN_Read)
    i.GPIO_PIN_Write                         0x0000015c   Section        0  gpio.o(i.GPIO_PIN_Write)
    i.Joystick_Center_Pressed                0x00000170   Section        0  joystick.o(i.Joystick_Center_Pressed)
    i.Joystick_Down_Pressed                  0x00000188   Section        0  joystick.o(i.Joystick_Down_Pressed)
    i.Joystick_Init                          0x000001a0   Section        0  joystick.o(i.Joystick_Init)
    i.Joystick_Left_Pressed                  0x00000228   Section        0  joystick.o(i.Joystick_Left_Pressed)
    i.Joystick_Right_Pressed                 0x00000240   Section        0  joystick.o(i.Joystick_Right_Pressed)
    i.Joystick_Up_Pressed                    0x00000258   Section        0  joystick.o(i.Joystick_Up_Pressed)
    i.LED_Back_Left_Off                      0x00000270   Section        0  led.o(i.LED_Back_Left_Off)
    i.LED_Back_Left_On                       0x0000027c   Section        0  led.o(i.LED_Back_Left_On)
    i.LED_Back_Right_Off                     0x00000288   Section        0  led.o(i.LED_Back_Right_Off)
    i.LED_Back_Right_On                      0x00000294   Section        0  led.o(i.LED_Back_Right_On)
    i.LED_Backward                           0x000002a0   Section        0  led.o(i.LED_Backward)
    i.LED_Forward                            0x000002b4   Section        0  led.o(i.LED_Forward)
    i.LED_Front_Left_Off                     0x000002c8   Section        0  led.o(i.LED_Front_Left_Off)
    i.LED_Front_Left_On                      0x000002d4   Section        0  led.o(i.LED_Front_Left_On)
    i.LED_Front_Right_Off                    0x000002e0   Section        0  led.o(i.LED_Front_Right_Off)
    i.LED_Front_Right_On                     0x000002ec   Section        0  led.o(i.LED_Front_Right_On)
    i.__scatterload_null                     0x000002f8   Section        2  handlers.o(i.__scatterload_null)
    .ARM.__at_0x02FC                         0x000002fc   Section        4  startup_lpc407x_8x_177x_8x.o(.ARM.__at_0x02FC)
    i.LED_Left                               0x00000300   Section        0  led.o(i.LED_Left)
    i.LED_OFF                                0x00000314   Section        0  led.o(i.LED_OFF)
    i.LED_Right                              0x00000328   Section        0  led.o(i.LED_Right)
    i.MC_Set_Direction_Backward              0x0000033c   Section        0  motorcontroller.o(i.MC_Set_Direction_Backward)
    i.MC_Set_Direction_Forward               0x00000370   Section        0  motorcontroller.o(i.MC_Set_Direction_Forward)
    i.MC_Stop_Brakes                         0x000003a4   Section        0  motorcontroller.o(i.MC_Stop_Brakes)
    i.MotorController_Init                   0x000003d8   Section        0  motorcontroller.o(i.MotorController_Init)
    i.PWM_Cycle_Rate                         0x00000408   Section        0  pwm.o(i.PWM_Cycle_Rate)
    i.PWM_Init                               0x00000428   Section        0  pwm.o(i.PWM_Init)
    i.PWM_Write                              0x0000055c   Section        0  pwm.o(i.PWM_Write)
    i.Reset_Flags                            0x000005c8   Section        0  parameters.o(i.Reset_Flags)
    i.Set_Backward_Flag                      0x000005ec   Section        0  parameters.o(i.Set_Backward_Flag)
    i.Set_Forward_Flag                       0x00000614   Section        0  parameters.o(i.Set_Forward_Flag)
    i.Set_Turn_Left_Flag                     0x0000063c   Section        0  parameters.o(i.Set_Turn_Left_Flag)
    i.Set_Turn_Right_Flag                    0x00000664   Section        0  parameters.o(i.Set_Turn_Right_Flag)
    i.SystemCoreClockUpdate                  0x0000068c   Section        0  system_lpc407x_8x_177x_8x.o(i.SystemCoreClockUpdate)
    i.SystemInit                             0x00000960   Section        0  system_lpc407x_8x_177x_8x.o(i.SystemInit)
    i.SystemInit_ExtMemCtl                   0x00000a50   Section        0  system_lpc407x_8x_177x_8x.o(i.SystemInit_ExtMemCtl)
    i.Timer_Init                             0x00000c48   Section        0  timer.o(i.Timer_Init)
    i._DelayMs                               0x00000d1c   Section        0  system_lpc407x_8x_177x_8x.o(i._DelayMs)
    _DelayMs                                 0x00000d1d   Thumb Code    38  system_lpc407x_8x_177x_8x.o(i._DelayMs)
    i.__scatterload_copy                     0x00000d48   Section       14  handlers.o(i.__scatterload_copy)
    i.__scatterload_zeroinit                 0x00000d56   Section       14  handlers.o(i.__scatterload_zeroinit)
    i.fpu_init                               0x00000d64   Section        0  system_lpc407x_8x_177x_8x.o(i.fpu_init)
    i.init                                   0x00000db4   Section        0  main.o(i.init)
    i.main                                   0x00000dc8   Section        0  main.o(i.main)
    i.update                                 0x00000dd4   Section        0  main.o(i.update)
    .data                                    0x10000000   Section       24  parameters.o(.data)
    ROBOT_SPEED                              0x10000000   Data           4  parameters.o(.data)
    TURN_LEFT_FLAG                           0x10000004   Data           4  parameters.o(.data)
    TURN_RIGHT_FLAG                          0x10000008   Data           4  parameters.o(.data)
    FORWARD_FLAG                             0x1000000c   Data           4  parameters.o(.data)
    BACKWARD_FLAG                            0x10000010   Data           4  parameters.o(.data)
    ROTATION_NUMBER_FOR_90_DEGREE            0x10000014   Data           4  parameters.o(.data)
    .data                                    0x10000018   Section       24  timer.o(.data)
    .data                                    0x10000030   Section       16  system_lpc407x_8x_177x_8x.o(.data)
    STACK                                    0x10000040   Section     1024  startup_lpc407x_8x_177x_8x.o(STACK)

    Global Symbols

    Symbol Name                              Value     Ov Type        Size  Object(Section)

    BuildAttributes$$THM_ISAv4$E$P$D$K$B$S$7EM$VFPi3$EXTD16$VFPS$VFMA$PE$A:L22UL41UL21$X:L11$S22US41US21$IEEE1$IW$USESV6$~STKCKD$USESV7$~SHL$OSPACE$EBA8$MICROLIB$REQ8$PRES8$EABIv2 0x00000000   Number         0  anon$$obj.o ABSOLUTE
    __ARM_use_no_argv                        0x00000000   Number         0  main.o ABSOLUTE
    __Vectors                                0x00000000   Data           4  startup_lpc407x_8x_177x_8x.o(RESET)
    __cpp_initialize__aeabi_                  - Undefined Weak Reference
    __cxa_finalize                            - Undefined Weak Reference
    __decompress                              - Undefined Weak Reference
    _clock_init                               - Undefined Weak Reference
    _microlib_exit                            - Undefined Weak Reference
    __main                                   0x000000e5   Thumb Code     0  entry.o(.ARM.Collect$$$$00000000)
    _main_stk                                0x000000e5   Thumb Code     0  entry2.o(.ARM.Collect$$$$00000001)
    _main_scatterload                        0x000000e9   Thumb Code     0  entry5.o(.ARM.Collect$$$$00000004)
    __main_after_scatterload                 0x000000ed   Thumb Code     0  entry5.o(.ARM.Collect$$$$00000004)
    _main_clock                              0x000000ed   Thumb Code     0  entry7b.o(.ARM.Collect$$$$00000008)
    _main_cpp_init                           0x000000ed   Thumb Code     0  entry8b.o(.ARM.Collect$$$$0000000A)
    _main_init                               0x000000ed   Thumb Code     0  entry9a.o(.ARM.Collect$$$$0000000B)
    __rt_final_cpp                           0x000000f5   Thumb Code     0  entry10a.o(.ARM.Collect$$$$0000000D)
    __rt_final_exit                          0x000000f5   Thumb Code     0  entry11a.o(.ARM.Collect$$$$0000000F)
    Reset_Handler                            0x000000f9   Thumb Code     8  startup_lpc407x_8x_177x_8x.o(.text)
    NMI_Handler                              0x00000101   Thumb Code     2  startup_lpc407x_8x_177x_8x.o(.text)
    HardFault_Handler                        0x00000103   Thumb Code     2  startup_lpc407x_8x_177x_8x.o(.text)
    MemManage_Handler                        0x00000105   Thumb Code     2  startup_lpc407x_8x_177x_8x.o(.text)
    BusFault_Handler                         0x00000107   Thumb Code     2  startup_lpc407x_8x_177x_8x.o(.text)
    UsageFault_Handler                       0x00000109   Thumb Code     2  startup_lpc407x_8x_177x_8x.o(.text)
    SVC_Handler                              0x0000010b   Thumb Code     2  startup_lpc407x_8x_177x_8x.o(.text)
    DebugMon_Handler                         0x0000010d   Thumb Code     2  startup_lpc407x_8x_177x_8x.o(.text)
    PendSV_Handler                           0x0000010f   Thumb Code     2  startup_lpc407x_8x_177x_8x.o(.text)
    SysTick_Handler                          0x00000111   Thumb Code     2  startup_lpc407x_8x_177x_8x.o(.text)
    ADC_IRQHandler                           0x00000113   Thumb Code     0  startup_lpc407x_8x_177x_8x.o(.text)
    BOD_IRQHandler                           0x00000113   Thumb Code     0  startup_lpc407x_8x_177x_8x.o(.text)
    CANActivity_IRQHandler                   0x00000113   Thumb Code     0  startup_lpc407x_8x_177x_8x.o(.text)
    CAN_IRQHandler                           0x00000113   Thumb Code     0  startup_lpc407x_8x_177x_8x.o(.text)
    DMA_IRQHandler                           0x00000113   Thumb Code     0  startup_lpc407x_8x_177x_8x.o(.text)
    EEPROM_IRQHandler                        0x00000113   Thumb Code     0  startup_lpc407x_8x_177x_8x.o(.text)
    EINT0_IRQHandler                         0x00000113   Thumb Code     0  startup_lpc407x_8x_177x_8x.o(.text)
    EINT1_IRQHandler                         0x00000113   Thumb Code     0  startup_lpc407x_8x_177x_8x.o(.text)
    EINT2_IRQHandler                         0x00000113   Thumb Code     0  startup_lpc407x_8x_177x_8x.o(.text)
    EINT3_IRQHandler                         0x00000113   Thumb Code     0  startup_lpc407x_8x_177x_8x.o(.text)
    ENET_IRQHandler                          0x00000113   Thumb Code     0  startup_lpc407x_8x_177x_8x.o(.text)
    GPIO_IRQHandler                          0x00000113   Thumb Code     0  startup_lpc407x_8x_177x_8x.o(.text)
    I2C0_IRQHandler                          0x00000113   Thumb Code     0  startup_lpc407x_8x_177x_8x.o(.text)
    I2C1_IRQHandler                          0x00000113   Thumb Code     0  startup_lpc407x_8x_177x_8x.o(.text)
    I2C2_IRQHandler                          0x00000113   Thumb Code     0  startup_lpc407x_8x_177x_8x.o(.text)
    I2S_IRQHandler                           0x00000113   Thumb Code     0  startup_lpc407x_8x_177x_8x.o(.text)
    LCD_IRQHandler                           0x00000113   Thumb Code     0  startup_lpc407x_8x_177x_8x.o(.text)
    MCI_IRQHandler                           0x00000113   Thumb Code     0  startup_lpc407x_8x_177x_8x.o(.text)
    MCPWM_IRQHandler                         0x00000113   Thumb Code     0  startup_lpc407x_8x_177x_8x.o(.text)
    PLL0_IRQHandler                          0x00000113   Thumb Code     0  startup_lpc407x_8x_177x_8x.o(.text)
    PLL1_IRQHandler                          0x00000113   Thumb Code     0  startup_lpc407x_8x_177x_8x.o(.text)
    PWM0_IRQHandler                          0x00000113   Thumb Code     0  startup_lpc407x_8x_177x_8x.o(.text)
    PWM1_IRQHandler                          0x00000113   Thumb Code     0  startup_lpc407x_8x_177x_8x.o(.text)
    QEI_IRQHandler                           0x00000113   Thumb Code     0  startup_lpc407x_8x_177x_8x.o(.text)
    RTC_IRQHandler                           0x00000113   Thumb Code     0  startup_lpc407x_8x_177x_8x.o(.text)
    SSP0_IRQHandler                          0x00000113   Thumb Code     0  startup_lpc407x_8x_177x_8x.o(.text)
    SSP1_IRQHandler                          0x00000113   Thumb Code     0  startup_lpc407x_8x_177x_8x.o(.text)
    SSP2_IRQHandler                          0x00000113   Thumb Code     0  startup_lpc407x_8x_177x_8x.o(.text)
    TIMER0_IRQHandler                        0x00000113   Thumb Code     0  startup_lpc407x_8x_177x_8x.o(.text)
    TIMER1_IRQHandler                        0x00000113   Thumb Code     0  startup_lpc407x_8x_177x_8x.o(.text)
    TIMER2_IRQHandler                        0x00000113   Thumb Code     0  startup_lpc407x_8x_177x_8x.o(.text)
    TIMER3_IRQHandler                        0x00000113   Thumb Code     0  startup_lpc407x_8x_177x_8x.o(.text)
    UART0_IRQHandler                         0x00000113   Thumb Code     0  startup_lpc407x_8x_177x_8x.o(.text)
    UART1_IRQHandler                         0x00000113   Thumb Code     0  startup_lpc407x_8x_177x_8x.o(.text)
    UART2_IRQHandler                         0x00000113   Thumb Code     0  startup_lpc407x_8x_177x_8x.o(.text)
    UART3_IRQHandler                         0x00000113   Thumb Code     0  startup_lpc407x_8x_177x_8x.o(.text)
    UART4_IRQHandler                         0x00000113   Thumb Code     0  startup_lpc407x_8x_177x_8x.o(.text)
    USBActivity_IRQHandler                   0x00000113   Thumb Code     0  startup_lpc407x_8x_177x_8x.o(.text)
    USB_IRQHandler                           0x00000113   Thumb Code     0  startup_lpc407x_8x_177x_8x.o(.text)
    WDT_IRQHandler                           0x00000113   Thumb Code     0  startup_lpc407x_8x_177x_8x.o(.text)
    __scatterload                            0x0000011d   Thumb Code    28  init.o(.text)
    __scatterload_rt2                        0x0000011d   Thumb Code     0  init.o(.text)
    GPIO_DIR_Write                           0x00000141   Thumb Code    18  gpio.o(i.GPIO_DIR_Write)
    GPIO_PIN_Read                            0x00000153   Thumb Code    10  gpio.o(i.GPIO_PIN_Read)
    GPIO_PIN_Write                           0x0000015d   Thumb Code    18  gpio.o(i.GPIO_PIN_Write)
    Joystick_Center_Pressed                  0x00000171   Thumb Code    20  joystick.o(i.Joystick_Center_Pressed)
    Joystick_Down_Pressed                    0x00000189   Thumb Code    20  joystick.o(i.Joystick_Down_Pressed)
    Joystick_Init                            0x000001a1   Thumb Code   124  joystick.o(i.Joystick_Init)
    Joystick_Left_Pressed                    0x00000229   Thumb Code    20  joystick.o(i.Joystick_Left_Pressed)
    Joystick_Right_Pressed                   0x00000241   Thumb Code    20  joystick.o(i.Joystick_Right_Pressed)
    Joystick_Up_Pressed                      0x00000259   Thumb Code    20  joystick.o(i.Joystick_Up_Pressed)
    LED_Back_Left_Off                        0x00000271   Thumb Code    12  led.o(i.LED_Back_Left_Off)
    LED_Back_Left_On                         0x0000027d   Thumb Code    12  led.o(i.LED_Back_Left_On)
    LED_Back_Right_Off                       0x00000289   Thumb Code    12  led.o(i.LED_Back_Right_Off)
    LED_Back_Right_On                        0x00000295   Thumb Code    12  led.o(i.LED_Back_Right_On)
    LED_Backward                             0x000002a1   Thumb Code    20  led.o(i.LED_Backward)
    LED_Forward                              0x000002b5   Thumb Code    20  led.o(i.LED_Forward)
    LED_Front_Left_Off                       0x000002c9   Thumb Code    12  led.o(i.LED_Front_Left_Off)
    LED_Front_Left_On                        0x000002d5   Thumb Code    12  led.o(i.LED_Front_Left_On)
    LED_Front_Right_Off                      0x000002e1   Thumb Code    12  led.o(i.LED_Front_Right_Off)
    LED_Front_Right_On                       0x000002ed   Thumb Code    12  led.o(i.LED_Front_Right_On)
    __scatterload_null                       0x000002f9   Thumb Code     2  handlers.o(i.__scatterload_null)
    LED_Left                                 0x00000301   Thumb Code    20  led.o(i.LED_Left)
    LED_OFF                                  0x00000315   Thumb Code    20  led.o(i.LED_OFF)
    LED_Right                                0x00000329   Thumb Code    20  led.o(i.LED_Right)
    MC_Set_Direction_Backward                0x0000033d   Thumb Code    46  motorcontroller.o(i.MC_Set_Direction_Backward)
    MC_Set_Direction_Forward                 0x00000371   Thumb Code    46  motorcontroller.o(i.MC_Set_Direction_Forward)
    MC_Stop_Brakes                           0x000003a5   Thumb Code    48  motorcontroller.o(i.MC_Stop_Brakes)
    MotorController_Init                     0x000003d9   Thumb Code    44  motorcontroller.o(i.MotorController_Init)
    PWM_Cycle_Rate                           0x00000409   Thumb Code    28  pwm.o(i.PWM_Cycle_Rate)
    PWM_Init                                 0x00000429   Thumb Code   292  pwm.o(i.PWM_Init)
    PWM_Write                                0x0000055d   Thumb Code   104  pwm.o(i.PWM_Write)
    Reset_Flags                              0x000005c9   Thumb Code    20  parameters.o(i.Reset_Flags)
    Set_Backward_Flag                        0x000005ed   Thumb Code    22  parameters.o(i.Set_Backward_Flag)
    Set_Forward_Flag                         0x00000615   Thumb Code    24  parameters.o(i.Set_Forward_Flag)
    Set_Turn_Left_Flag                       0x0000063d   Thumb Code    22  parameters.o(i.Set_Turn_Left_Flag)
    Set_Turn_Right_Flag                      0x00000665   Thumb Code    24  parameters.o(i.Set_Turn_Right_Flag)
    SystemCoreClockUpdate                    0x0000068d   Thumb Code   696  system_lpc407x_8x_177x_8x.o(i.SystemCoreClockUpdate)
    SystemInit                               0x00000961   Thumb Code   224  system_lpc407x_8x_177x_8x.o(i.SystemInit)
    SystemInit_ExtMemCtl                     0x00000a51   Thumb Code   468  system_lpc407x_8x_177x_8x.o(i.SystemInit_ExtMemCtl)
    Timer_Init                               0x00000c49   Thumb Code   192  timer.o(i.Timer_Init)
    __scatterload_copy                       0x00000d49   Thumb Code    14  handlers.o(i.__scatterload_copy)
    __scatterload_zeroinit                   0x00000d57   Thumb Code    14  handlers.o(i.__scatterload_zeroinit)
    fpu_init                                 0x00000d65   Thumb Code    62  system_lpc407x_8x_177x_8x.o(i.fpu_init)
    init                                     0x00000db5   Thumb Code    20  main.o(i.init)
    main                                     0x00000dc9   Thumb Code    12  main.o(i.main)
    update                                   0x00000dd5   Thumb Code   208  main.o(i.update)
    Region$$Table$$Base                      0x00000eb8   Number         0  anon$$obj.o(Region$$Table)
    Region$$Table$$Limit                     0x00000ed8   Number         0  anon$$obj.o(Region$$Table)
    a_currentTime                            0x10000018   Data           4  timer.o(.data)
    a_previousTime                           0x1000001c   Data           4  timer.o(.data)
    a_capturedTime                           0x10000020   Data           4  timer.o(.data)
    b_currentTime                            0x10000024   Data           4  timer.o(.data)
    b_previousTime                           0x10000028   Data           4  timer.o(.data)
    b_capturedTime                           0x1000002c   Data           4  timer.o(.data)
    SystemCoreClock                          0x10000030   Data           4  system_lpc407x_8x_177x_8x.o(.data)
    PeripheralClock                          0x10000034   Data           4  system_lpc407x_8x_177x_8x.o(.data)
    EMCClock                                 0x10000038   Data           4  system_lpc407x_8x_177x_8x.o(.data)
    USBClock                                 0x1000003c   Data           4  system_lpc407x_8x_177x_8x.o(.data)
    __initial_sp                             0x10000440   Data           0  startup_lpc407x_8x_177x_8x.o(STACK)



==============================================================================

Memory Map of the image

  Image Entry point : 0x000000f9

  Load Region LR_1 (Base: 0x00000000, Size: 0x00000f18, Max: 0xffffffff, ABSOLUTE)

    Execution Region ER_RO (Exec base: 0x00000000, Load base: 0x00000000, Size: 0x00000ed8, Max: 0xffffffff, ABSOLUTE)

    Exec Addr    Load Addr    Size         Type   Attr      Idx    E Section Name        Object

    0x00000000   0x00000000   0x000000e4   Data   RO          463    RESET               startup_lpc407x_8x_177x_8x.o
    0x000000e4   0x000000e4   0x00000000   Code   RO          524  * .ARM.Collect$$$$00000000  mc_w.l(entry.o)
    0x000000e4   0x000000e4   0x00000004   Code   RO          527    .ARM.Collect$$$$00000001  mc_w.l(entry2.o)
    0x000000e8   0x000000e8   0x00000004   Code   RO          530    .ARM.Collect$$$$00000004  mc_w.l(entry5.o)
    0x000000ec   0x000000ec   0x00000000   Code   RO          532    .ARM.Collect$$$$00000008  mc_w.l(entry7b.o)
    0x000000ec   0x000000ec   0x00000000   Code   RO          534    .ARM.Collect$$$$0000000A  mc_w.l(entry8b.o)
    0x000000ec   0x000000ec   0x00000008   Code   RO          535    .ARM.Collect$$$$0000000B  mc_w.l(entry9a.o)
    0x000000f4   0x000000f4   0x00000000   Code   RO          537    .ARM.Collect$$$$0000000D  mc_w.l(entry10a.o)
    0x000000f4   0x000000f4   0x00000000   Code   RO          539    .ARM.Collect$$$$0000000F  mc_w.l(entry11a.o)
    0x000000f4   0x000000f4   0x00000004   Code   RO          528    .ARM.Collect$$$$00002712  mc_w.l(entry2.o)
    0x000000f8   0x000000f8   0x00000024   Code   RO          465  * .text               startup_lpc407x_8x_177x_8x.o
    0x0000011c   0x0000011c   0x00000024   Code   RO          541    .text               mc_w.l(init.o)
    0x00000140   0x00000140   0x00000012   Code   RO          278    i.GPIO_DIR_Write    gpio.o
    0x00000152   0x00000152   0x0000000a   Code   RO          279    i.GPIO_PIN_Read     gpio.o
    0x0000015c   0x0000015c   0x00000012   Code   RO          280    i.GPIO_PIN_Write    gpio.o
    0x0000016e   0x0000016e   0x00000002   PAD
    0x00000170   0x00000170   0x00000018   Code   RO          146    i.Joystick_Center_Pressed  joystick.o
    0x00000188   0x00000188   0x00000018   Code   RO          147    i.Joystick_Down_Pressed  joystick.o
    0x000001a0   0x000001a0   0x00000088   Code   RO          148    i.Joystick_Init     joystick.o
    0x00000228   0x00000228   0x00000018   Code   RO          149    i.Joystick_Left_Pressed  joystick.o
    0x00000240   0x00000240   0x00000018   Code   RO          150    i.Joystick_Right_Pressed  joystick.o
    0x00000258   0x00000258   0x00000018   Code   RO          151    i.Joystick_Up_Pressed  joystick.o
    0x00000270   0x00000270   0x0000000c   Code   RO          314    i.LED_Back_Left_Off  led.o
    0x0000027c   0x0000027c   0x0000000c   Code   RO          315    i.LED_Back_Left_On  led.o
    0x00000288   0x00000288   0x0000000c   Code   RO          316    i.LED_Back_Right_Off  led.o
    0x00000294   0x00000294   0x0000000c   Code   RO          317    i.LED_Back_Right_On  led.o
    0x000002a0   0x000002a0   0x00000014   Code   RO          318    i.LED_Backward      led.o
    0x000002b4   0x000002b4   0x00000014   Code   RO          319    i.LED_Forward       led.o
    0x000002c8   0x000002c8   0x0000000c   Code   RO          320    i.LED_Front_Left_Off  led.o
    0x000002d4   0x000002d4   0x0000000c   Code   RO          321    i.LED_Front_Left_On  led.o
    0x000002e0   0x000002e0   0x0000000c   Code   RO          322    i.LED_Front_Right_Off  led.o
    0x000002ec   0x000002ec   0x0000000c   Code   RO          323    i.LED_Front_Right_On  led.o
    0x000002f8   0x000002f8   0x00000002   Code   RO          546    i.__scatterload_null  mc_w.l(handlers.o)
    0x000002fa   0x000002fa   0x00000002   PAD
    0x000002fc   0x000002fc   0x00000004   Code   RO          464    .ARM.__at_0x02FC    startup_lpc407x_8x_177x_8x.o
    0x00000300   0x00000300   0x00000014   Code   RO          324    i.LED_Left          led.o
    0x00000314   0x00000314   0x00000014   Code   RO          325    i.LED_OFF           led.o
    0x00000328   0x00000328   0x00000014   Code   RO          327    i.LED_Right         led.o
    0x0000033c   0x0000033c   0x00000034   Code   RO          419    i.MC_Set_Direction_Backward  motorcontroller.o
    0x00000370   0x00000370   0x00000034   Code   RO          420    i.MC_Set_Direction_Forward  motorcontroller.o
    0x000003a4   0x000003a4   0x00000034   Code   RO          421    i.MC_Stop_Brakes    motorcontroller.o
    0x000003d8   0x000003d8   0x00000030   Code   RO          422    i.MotorController_Init  motorcontroller.o
    0x00000408   0x00000408   0x00000020   Code   RO          206    i.PWM_Cycle_Rate    pwm.o
    0x00000428   0x00000428   0x00000134   Code   RO          207    i.PWM_Init          pwm.o
    0x0000055c   0x0000055c   0x0000006c   Code   RO          208    i.PWM_Write         pwm.o
    0x000005c8   0x000005c8   0x00000024   Code   RO           96    i.Reset_Flags       parameters.o
    0x000005ec   0x000005ec   0x00000028   Code   RO           97    i.Set_Backward_Flag  parameters.o
    0x00000614   0x00000614   0x00000028   Code   RO           98    i.Set_Forward_Flag  parameters.o
    0x0000063c   0x0000063c   0x00000028   Code   RO           99    i.Set_Turn_Left_Flag  parameters.o
    0x00000664   0x00000664   0x00000028   Code   RO          100    i.Set_Turn_Right_Flag  parameters.o
    0x0000068c   0x0000068c   0x000002d4   Code   RO          474    i.SystemCoreClockUpdate  system_lpc407x_8x_177x_8x.o
    0x00000960   0x00000960   0x000000f0   Code   RO          475    i.SystemInit        system_lpc407x_8x_177x_8x.o
    0x00000a50   0x00000a50   0x000001f8   Code   RO          476    i.SystemInit_ExtMemCtl  system_lpc407x_8x_177x_8x.o
    0x00000c48   0x00000c48   0x000000d4   Code   RO          248    i.Timer_Init        timer.o
    0x00000d1c   0x00000d1c   0x0000002c   Code   RO          477    i._DelayMs          system_lpc407x_8x_177x_8x.o
    0x00000d48   0x00000d48   0x0000000e   Code   RO          545    i.__scatterload_copy  mc_w.l(handlers.o)
    0x00000d56   0x00000d56   0x0000000e   Code   RO          547    i.__scatterload_zeroinit  mc_w.l(handlers.o)
    0x00000d64   0x00000d64   0x00000050   Code   RO          478    i.fpu_init          system_lpc407x_8x_177x_8x.o
    0x00000db4   0x00000db4   0x00000014   Code   RO            4    i.init              main.o
    0x00000dc8   0x00000dc8   0x0000000c   Code   RO            5    i.main              main.o
    0x00000dd4   0x00000dd4   0x000000e4   Code   RO            6    i.update            main.o
    0x00000eb8   0x00000eb8   0x00000020   Data   RO          543    Region$$Table       anon$$obj.o


    Execution Region ER_RW (Exec base: 0x10000000, Load base: 0x00000ed8, Size: 0x00000040, Max: 0xffffffff, ABSOLUTE)

    Exec Addr    Load Addr    Size         Type   Attr      Idx    E Section Name        Object

    0x10000000   0x00000ed8   0x00000018   Data   RW          101    .data               parameters.o
    0x10000018   0x00000ef0   0x00000018   Data   RW          249    .data               timer.o
    0x10000030   0x00000f08   0x00000010   Data   RW          479    .data               system_lpc407x_8x_177x_8x.o


    Execution Region ER_ZI (Exec base: 0x10000040, Load base: 0x00000f18, Size: 0x00000400, Max: 0xffffffff, ABSOLUTE)

    Exec Addr    Load Addr    Size         Type   Attr      Idx    E Section Name        Object

    0x10000040        -       0x00000400   Zero   RW          461    STACK               startup_lpc407x_8x_177x_8x.o


==============================================================================

Image component sizes


      Code (inc. data)   RO Data    RW Data    ZI Data      Debug   Object Name

        46          0          0          0          0       2038   gpio.o
       256         32          0          0          0       4221   joystick.o
       196          0          0          0          0       6134   led.o
       260         20          0          0          0       6019   main.o
       204         20          0          0          0       2059   motorcontroller.o
       196         84          0         24          0       2604   parameters.o
       448         24          0          0          0       1824   pwm.o
        40         12        228          0       1024       1108   startup_lpc407x_8x_177x_8x.o
      1592        104          0         16          0       8831   system_lpc407x_8x_177x_8x.o
       212         20          0         24          0        967   timer.o

    ----------------------------------------------------------------------
      3452        316        260         64       1024      35805   Object Totals
         0          0         32          0          0          0   (incl. Generated)
         2          0          0          0          0          0   (incl. Padding)

    ----------------------------------------------------------------------

      Code (inc. data)   RO Data    RW Data    ZI Data      Debug   Library Member Name

         0          0          0          0          0          0   entry.o
         0          0          0          0          0          0   entry10a.o
         0          0          0          0          0          0   entry11a.o
         8          4          0          0          0          0   entry2.o
         4          0          0          0          0          0   entry5.o
         0          0          0          0          0          0   entry7b.o
         0          0          0          0          0          0   entry8b.o
         8          4          0          0          0          0   entry9a.o
        30          0          0          0          0          0   handlers.o
        36          8          0          0          0         68   init.o

    ----------------------------------------------------------------------
        88         16          0          0          0         68   Library Totals
         2          0          0          0          0          0   (incl. Padding)

    ----------------------------------------------------------------------

      Code (inc. data)   RO Data    RW Data    ZI Data      Debug   Library Name

        86         16          0          0          0         68   mc_w.l

    ----------------------------------------------------------------------
        88         16          0          0          0         68   Library Totals

    ----------------------------------------------------------------------

==============================================================================


      Code (inc. data)   RO Data    RW Data    ZI Data      Debug   

      3540        332        260         64       1024      32177   Grand Totals
      3540        332        260         64       1024      32177   ELF Image Totals
      3540        332        260         64          0          0   ROM Totals

==============================================================================

    Total RO  Size (Code + RO Data)                 3800 (   3.71kB)
    Total RW  Size (RW Data + ZI Data)              1088 (   1.06kB)
    Total ROM Size (Code + RO Data + RW Data)       3864 (   3.77kB)

==============================================================================

