Component: ARM Compiler 5.06 update 6 (build 750) Tool: armlink [4d35ed]

==============================================================================

Section Cross References

    main.o(i.init) refers to led.o(i.LED_Init) for LED_Init
    main.o(i.init) refers to pwm.o(i.PWM_Init) for PWM_Init
    main.o(i.init) refers to joystick.o(i.Joystick_Init) for Joystick_Init
    main.o(i.init) refers to timer.o(i.Timer_Init) for Timer_Init
    main.o(i.init) refers to motorcontroller.o(i.MotorController_Init) for MotorController_Init
    main.o(i.main) refers to main.o(i.init) for init
    main.o(i.main) refers to main.o(i.update) for update
    main.o(i.update) refers to controller.o(i.Led_Motor_Stop) for Led_Motor_Stop
    main.o(i.update) refers to joystick.o(i.Joystick_Up_Pressed) for Joystick_Up_Pressed
    main.o(i.update) refers to controller.o(i.Led_Motor_Forward) for Led_Motor_Forward
    main.o(i.update) refers to joystick.o(i.Joystick_Right_Pressed) for Joystick_Right_Pressed
    main.o(i.update) refers to controller.o(i.Led_Motor_Right) for Led_Motor_Right
    main.o(i.update) refers to joystick.o(i.Joystick_Center_Pressed) for Joystick_Center_Pressed
    main.o(i.update) refers to joystick.o(i.Joystick_Left_Pressed) for Joystick_Left_Pressed
    main.o(i.update) refers to controller.o(i.Led_Motor_Left) for Led_Motor_Left
    main.o(i.update) refers to joystick.o(i.Joystick_Down_Pressed) for Joystick_Down_Pressed
    main.o(i.update) refers to controller.o(i.Led_Motor_Backward) for Led_Motor_Backward
    main.o(i.update) refers to led.o(i.LED_Right) for LED_Right
    main.o(i.update) refers to led.o(i.LED_OFF) for LED_OFF
    main.o(i.update) refers to led.o(i.LED_Left) for LED_Left
    main.o(i.update) refers to main.o(.data) for whichLed
    main.o(i.update) refers to timer.o(.data) for a_currentTime
    parameters.o(i.Reset_Flags) refers to parameters.o(.data) for TURN_LEFT_FLAG
    parameters.o(i.Set_Backward_Flag) refers to parameters.o(.data) for TURN_LEFT_FLAG
    parameters.o(i.Set_Forward_Flag) refers to parameters.o(.data) for TURN_LEFT_FLAG
    parameters.o(i.Set_Turn_Left_Flag) refers to parameters.o(.data) for TURN_LEFT_FLAG
    parameters.o(i.Set_Turn_Right_Flag) refers to parameters.o(.data) for TURN_LEFT_FLAG
    joystick.o(i.Joystick_Center_Pressed) refers to gpio.o(i.GPIO_PIN_Read) for GPIO_PIN_Read
    joystick.o(i.Joystick_Down_Pressed) refers to gpio.o(i.GPIO_PIN_Read) for GPIO_PIN_Read
    joystick.o(i.Joystick_Init) refers to gpio.o(i.GPIO_DIR_Write) for GPIO_DIR_Write
    joystick.o(i.Joystick_Left_Pressed) refers to gpio.o(i.GPIO_PIN_Read) for GPIO_PIN_Read
    joystick.o(i.Joystick_Right_Pressed) refers to gpio.o(i.GPIO_PIN_Read) for GPIO_PIN_Read
    joystick.o(i.Joystick_Up_Pressed) refers to gpio.o(i.GPIO_PIN_Read) for GPIO_PIN_Read
    pwm.o(i.PWM_Init) refers to pwm.o(i.PWM_WriteLeft) for PWM_WriteLeft
    pwm.o(i.PWM_Init) refers to pwm.o(i.PWM_WriteRight) for PWM_WriteRight
    led.o(i.LED_Back_Left_Init) refers to gpio.o(i.GPIO_DIR_Write) for GPIO_DIR_Write
    led.o(i.LED_Back_Left_Off) refers to gpio.o(i.GPIO_PIN_Write) for GPIO_PIN_Write
    led.o(i.LED_Back_Left_On) refers to gpio.o(i.GPIO_PIN_Write) for GPIO_PIN_Write
    led.o(i.LED_Back_Right_Init) refers to gpio.o(i.GPIO_DIR_Write) for GPIO_DIR_Write
    led.o(i.LED_Back_Right_Off) refers to gpio.o(i.GPIO_PIN_Write) for GPIO_PIN_Write
    led.o(i.LED_Back_Right_On) refers to gpio.o(i.GPIO_PIN_Write) for GPIO_PIN_Write
    led.o(i.LED_Backward) refers to led.o(i.LED_Front_Right_Off) for LED_Front_Right_Off
    led.o(i.LED_Backward) refers to led.o(i.LED_Front_Left_Off) for LED_Front_Left_Off
    led.o(i.LED_Backward) refers to led.o(i.LED_Back_Right_On) for LED_Back_Right_On
    led.o(i.LED_Backward) refers to led.o(i.LED_Back_Left_On) for LED_Back_Left_On
    led.o(i.LED_Forward) refers to led.o(i.LED_Front_Right_On) for LED_Front_Right_On
    led.o(i.LED_Forward) refers to led.o(i.LED_Front_Left_On) for LED_Front_Left_On
    led.o(i.LED_Forward) refers to led.o(i.LED_Back_Right_Off) for LED_Back_Right_Off
    led.o(i.LED_Forward) refers to led.o(i.LED_Back_Left_Off) for LED_Back_Left_Off
    led.o(i.LED_Front_Left_Init) refers to gpio.o(i.GPIO_DIR_Write) for GPIO_DIR_Write
    led.o(i.LED_Front_Left_Off) refers to gpio.o(i.GPIO_PIN_Write) for GPIO_PIN_Write
    led.o(i.LED_Front_Left_On) refers to gpio.o(i.GPIO_PIN_Write) for GPIO_PIN_Write
    led.o(i.LED_Front_Right_Init) refers to gpio.o(i.GPIO_DIR_Write) for GPIO_DIR_Write
    led.o(i.LED_Front_Right_Off) refers to gpio.o(i.GPIO_PIN_Write) for GPIO_PIN_Write
    led.o(i.LED_Front_Right_On) refers to gpio.o(i.GPIO_PIN_Write) for GPIO_PIN_Write
    led.o(i.LED_Init) refers to led.o(i.LED_Front_Right_Init) for LED_Front_Right_Init
    led.o(i.LED_Init) refers to led.o(i.LED_Front_Left_Init) for LED_Front_Left_Init
    led.o(i.LED_Init) refers to led.o(i.LED_Back_Right_Init) for LED_Back_Right_Init
    led.o(i.LED_Init) refers to led.o(i.LED_Back_Left_Init) for LED_Back_Left_Init
    led.o(i.LED_Init) refers to led.o(i.LED_OFF) for LED_OFF
    led.o(i.LED_Left) refers to led.o(i.LED_Front_Right_Off) for LED_Front_Right_Off
    led.o(i.LED_Left) refers to led.o(i.LED_Front_Left_On) for LED_Front_Left_On
    led.o(i.LED_Left) refers to led.o(i.LED_Back_Right_Off) for LED_Back_Right_Off
    led.o(i.LED_Left) refers to led.o(i.LED_Back_Left_On) for LED_Back_Left_On
    led.o(i.LED_OFF) refers to led.o(i.LED_Front_Right_Off) for LED_Front_Right_Off
    led.o(i.LED_OFF) refers to led.o(i.LED_Front_Left_Off) for LED_Front_Left_Off
    led.o(i.LED_OFF) refers to led.o(i.LED_Back_Right_Off) for LED_Back_Right_Off
    led.o(i.LED_OFF) refers to led.o(i.LED_Back_Left_Off) for LED_Back_Left_Off
    led.o(i.LED_ON) refers to led.o(i.LED_Front_Right_On) for LED_Front_Right_On
    led.o(i.LED_ON) refers to led.o(i.LED_Front_Left_On) for LED_Front_Left_On
    led.o(i.LED_ON) refers to led.o(i.LED_Back_Right_On) for LED_Back_Right_On
    led.o(i.LED_ON) refers to led.o(i.LED_Back_Left_On) for LED_Back_Left_On
    led.o(i.LED_Right) refers to led.o(i.LED_Front_Right_On) for LED_Front_Right_On
    led.o(i.LED_Right) refers to led.o(i.LED_Front_Left_Off) for LED_Front_Left_Off
    led.o(i.LED_Right) refers to led.o(i.LED_Back_Right_On) for LED_Back_Right_On
    led.o(i.LED_Right) refers to led.o(i.LED_Back_Left_Off) for LED_Back_Left_Off
    motorcontroller.o(i.MotorController_Init) refers to pwm.o(i.PWM_WriteLeft) for PWM_WriteLeft
    motorcontroller.o(i.MotorController_Init) refers to pwm.o(i.PWM_WriteRight) for PWM_WriteRight
    motorcontroller.o(i.MotorController_Init) refers to motorcontroller.o(.data) for ROBOT_SPEED
    controller.o(i.Led_Motor_Backward) refers to parameters.o(i.Set_Backward_Flag) for Set_Backward_Flag
    controller.o(i.Led_Motor_Backward) refers to led.o(i.LED_Backward) for LED_Backward
    controller.o(i.Led_Motor_Backward) refers to motorcontroller.o(i.MC_Set_Direction_Backward) for MC_Set_Direction_Backward
    controller.o(i.Led_Motor_Forward) refers to parameters.o(i.Set_Forward_Flag) for Set_Forward_Flag
    controller.o(i.Led_Motor_Forward) refers to led.o(i.LED_Forward) for LED_Forward
    controller.o(i.Led_Motor_Forward) refers to motorcontroller.o(i.MC_Set_Direction_Forward) for MC_Set_Direction_Forward
    controller.o(i.Led_Motor_Left) refers to parameters.o(i.Set_Turn_Left_Flag) for Set_Turn_Left_Flag
    controller.o(i.Led_Motor_Left) refers to led.o(i.LED_Left) for LED_Left
    controller.o(i.Led_Motor_Left) refers to motorcontroller.o(i.MC_Set_Direction_Left) for MC_Set_Direction_Left
    controller.o(i.Led_Motor_Right) refers to parameters.o(i.Set_Turn_Right_Flag) for Set_Turn_Right_Flag
    controller.o(i.Led_Motor_Right) refers to led.o(i.LED_Right) for LED_Right
    controller.o(i.Led_Motor_Right) refers to motorcontroller.o(i.MC_Set_Direction_Right) for MC_Set_Direction_Right
    controller.o(i.Led_Motor_Stop) refers to parameters.o(i.Reset_Flags) for Reset_Flags
    controller.o(i.Led_Motor_Stop) refers to led.o(i.LED_OFF) for LED_OFF
    controller.o(i.Led_Motor_Stop) refers to motorcontroller.o(i.MC_Stop_Brakes) for MC_Stop_Brakes
    startup_lpc407x_8x_177x_8x.o(RESET) refers to startup_lpc407x_8x_177x_8x.o(STACK) for __initial_sp
    startup_lpc407x_8x_177x_8x.o(RESET) refers to startup_lpc407x_8x_177x_8x.o(.text) for Reset_Handler
    startup_lpc407x_8x_177x_8x.o(.text) refers to system_lpc407x_8x_177x_8x.o(i.SystemInit) for SystemInit
    startup_lpc407x_8x_177x_8x.o(.text) refers to entry.o(.ARM.Collect$$$$00000000) for __main
    system_lpc407x_8x_177x_8x.o(i.SystemCoreClockUpdate) refers to system_lpc407x_8x_177x_8x.o(.data) for SystemCoreClock
    system_lpc407x_8x_177x_8x.o(i.SystemInit) refers to system_lpc407x_8x_177x_8x.o(i.fpu_init) for fpu_init
    system_lpc407x_8x_177x_8x.o(i.SystemInit) refers to system_lpc407x_8x_177x_8x.o(i.SystemCoreClockUpdate) for SystemCoreClockUpdate
    entry.o(.ARM.Collect$$$$00000000) refers (Special) to entry10a.o(.ARM.Collect$$$$0000000D) for __rt_final_cpp
    entry.o(.ARM.Collect$$$$00000000) refers (Special) to entry11a.o(.ARM.Collect$$$$0000000F) for __rt_final_exit
    entry.o(.ARM.Collect$$$$00000000) refers (Special) to entry7b.o(.ARM.Collect$$$$00000008) for _main_clock
    entry.o(.ARM.Collect$$$$00000000) refers (Special) to entry8b.o(.ARM.Collect$$$$0000000A) for _main_cpp_init
    entry.o(.ARM.Collect$$$$00000000) refers (Special) to entry9a.o(.ARM.Collect$$$$0000000B) for _main_init
    entry.o(.ARM.Collect$$$$00000000) refers (Special) to entry5.o(.ARM.Collect$$$$00000004) for _main_scatterload
    entry.o(.ARM.Collect$$$$00000000) refers (Special) to entry2.o(.ARM.Collect$$$$00000001) for _main_stk
    entry2.o(.ARM.Collect$$$$00000001) refers to entry2.o(.ARM.Collect$$$$00002712) for __lit__00000000
    entry2.o(.ARM.Collect$$$$00002712) refers to startup_lpc407x_8x_177x_8x.o(STACK) for __initial_sp
    entry2.o(__vectab_stack_and_reset_area) refers to startup_lpc407x_8x_177x_8x.o(STACK) for __initial_sp
    entry2.o(__vectab_stack_and_reset_area) refers to entry.o(.ARM.Collect$$$$00000000) for __main
    entry5.o(.ARM.Collect$$$$00000004) refers to init.o(.text) for __scatterload
    entry9a.o(.ARM.Collect$$$$0000000B) refers to main.o(i.main) for main
    entry9b.o(.ARM.Collect$$$$0000000C) refers to main.o(i.main) for main
    init.o(.text) refers to entry5.o(.ARM.Collect$$$$00000004) for __main_after_scatterload


==============================================================================

Removing Unused input sections from the image.

    Removing main.o(.rev16_text), (4 bytes).
    Removing main.o(.revsh_text), (4 bytes).
    Removing main.o(.rrx_text), (6 bytes).
    Removing parameters.o(.rev16_text), (4 bytes).
    Removing parameters.o(.revsh_text), (4 bytes).
    Removing parameters.o(.rrx_text), (6 bytes).
    Removing joystick.o(.rev16_text), (4 bytes).
    Removing joystick.o(.revsh_text), (4 bytes).
    Removing joystick.o(.rrx_text), (6 bytes).
    Removing pwm.o(.rev16_text), (4 bytes).
    Removing pwm.o(.revsh_text), (4 bytes).
    Removing pwm.o(.rrx_text), (6 bytes).
    Removing pwm.o(i.PWM_Cycle_Rate), (32 bytes).
    Removing timer.o(.rev16_text), (4 bytes).
    Removing timer.o(.revsh_text), (4 bytes).
    Removing timer.o(.rrx_text), (6 bytes).
    Removing gpio.o(.rev16_text), (4 bytes).
    Removing gpio.o(.revsh_text), (4 bytes).
    Removing gpio.o(.rrx_text), (6 bytes).
    Removing led.o(.rev16_text), (4 bytes).
    Removing led.o(.revsh_text), (4 bytes).
    Removing led.o(.rrx_text), (6 bytes).
    Removing led.o(i.LED_ON), (20 bytes).
    Removing motorcontroller.o(.rev16_text), (4 bytes).
    Removing motorcontroller.o(.revsh_text), (4 bytes).
    Removing motorcontroller.o(.rrx_text), (6 bytes).
    Removing controller.o(.rev16_text), (4 bytes).
    Removing controller.o(.revsh_text), (4 bytes).
    Removing controller.o(.rrx_text), (6 bytes).
    Removing controller.o(.data), (24 bytes).
    Removing startup_lpc407x_8x_177x_8x.o(HEAP), (0 bytes).
    Removing system_lpc407x_8x_177x_8x.o(.rev16_text), (4 bytes).
    Removing system_lpc407x_8x_177x_8x.o(.revsh_text), (4 bytes).
    Removing system_lpc407x_8x_177x_8x.o(.rrx_text), (6 bytes).

34 unused section(s) (total 216 bytes) removed from the image.

==============================================================================

Image Symbol Table

    Local Symbols

    Symbol Name                              Value     Ov Type        Size  Object(Section)

    RESET                                    0x00000000   Section      228  startup_lpc407x_8x_177x_8x.o(RESET)
    ../clib/microlib/init/entry.s            0x00000000   Number         0  entry.o ABSOLUTE
    ../clib/microlib/init/entry.s            0x00000000   Number         0  entry9b.o ABSOLUTE
    ../clib/microlib/init/entry.s            0x00000000   Number         0  entry2.o ABSOLUTE
    ../clib/microlib/init/entry.s            0x00000000   Number         0  entry8a.o ABSOLUTE
    ../clib/microlib/init/entry.s            0x00000000   Number         0  entry11a.o ABSOLUTE
    ../clib/microlib/init/entry.s            0x00000000   Number         0  entry7b.o ABSOLUTE
    ../clib/microlib/init/entry.s            0x00000000   Number         0  entry7a.o ABSOLUTE
    ../clib/microlib/init/entry.s            0x00000000   Number         0  entry10b.o ABSOLUTE
    ../clib/microlib/init/entry.s            0x00000000   Number         0  entry5.o ABSOLUTE
    ../clib/microlib/init/entry.s            0x00000000   Number         0  entry10a.o ABSOLUTE
    ../clib/microlib/init/entry.s            0x00000000   Number         0  entry8b.o ABSOLUTE
    ../clib/microlib/init/entry.s            0x00000000   Number         0  entry11b.o ABSOLUTE
    ../clib/microlib/init/entry.s            0x00000000   Number         0  entry9a.o ABSOLUTE
    Library\Controller.c                     0x00000000   Number         0  controller.o ABSOLUTE
    Library\GPIO.c                           0x00000000   Number         0  gpio.o ABSOLUTE
    Library\Joystick.c                       0x00000000   Number         0  joystick.o ABSOLUTE
    Library\LED.c                            0x00000000   Number         0  led.o ABSOLUTE
    Library\MotorController.c                0x00000000   Number         0  motorcontroller.o ABSOLUTE
    Library\PWM.c                            0x00000000   Number         0  pwm.o ABSOLUTE
    Library\Parameters.c                     0x00000000   Number         0  parameters.o ABSOLUTE
    Library\Timer.c                          0x00000000   Number         0  timer.o ABSOLUTE
    Library\\Controller.c                    0x00000000   Number         0  controller.o ABSOLUTE
    Library\\GPIO.c                          0x00000000   Number         0  gpio.o ABSOLUTE
    Library\\Joystick.c                      0x00000000   Number         0  joystick.o ABSOLUTE
    Library\\LED.c                           0x00000000   Number         0  led.o ABSOLUTE
    Library\\MotorController.c               0x00000000   Number         0  motorcontroller.o ABSOLUTE
    Library\\PWM.c                           0x00000000   Number         0  pwm.o ABSOLUTE
    Library\\Parameters.c                    0x00000000   Number         0  parameters.o ABSOLUTE
    Library\\Timer.c                         0x00000000   Number         0  timer.o ABSOLUTE
    RTE\Device\LPC4088FET208\startup_LPC407x_8x_177x_8x.s 0x00000000   Number         0  startup_lpc407x_8x_177x_8x.o ABSOLUTE
    RTE\Device\LPC4088FET208\system_LPC407x_8x_177x_8x.c 0x00000000   Number         0  system_lpc407x_8x_177x_8x.o ABSOLUTE
    RTE\\Device\\LPC4088FET208\\system_LPC407x_8x_177x_8x.c 0x00000000   Number         0  system_lpc407x_8x_177x_8x.o ABSOLUTE
    dc.s                                     0x00000000   Number         0  dc.o ABSOLUTE
    handlers.s                               0x00000000   Number         0  handlers.o ABSOLUTE
    init.s                                   0x00000000   Number         0  init.o ABSOLUTE
    main.c                                   0x00000000   Number         0  main.o ABSOLUTE
    main.c                                   0x00000000   Number         0  main.o ABSOLUTE
    .ARM.Collect$$$$00000000                 0x000000e4   Section        0  entry.o(.ARM.Collect$$$$00000000)
    .ARM.Collect$$$$00000001                 0x000000e4   Section        4  entry2.o(.ARM.Collect$$$$00000001)
    .ARM.Collect$$$$00000004                 0x000000e8   Section        4  entry5.o(.ARM.Collect$$$$00000004)
    .ARM.Collect$$$$00000008                 0x000000ec   Section        0  entry7b.o(.ARM.Collect$$$$00000008)
    .ARM.Collect$$$$0000000A                 0x000000ec   Section        0  entry8b.o(.ARM.Collect$$$$0000000A)
    .ARM.Collect$$$$0000000B                 0x000000ec   Section        8  entry9a.o(.ARM.Collect$$$$0000000B)
    .ARM.Collect$$$$0000000D                 0x000000f4   Section        0  entry10a.o(.ARM.Collect$$$$0000000D)
    .ARM.Collect$$$$0000000F                 0x000000f4   Section        0  entry11a.o(.ARM.Collect$$$$0000000F)
    .ARM.Collect$$$$00002712                 0x000000f4   Section        4  entry2.o(.ARM.Collect$$$$00002712)
    __lit__00000000                          0x000000f4   Data           4  entry2.o(.ARM.Collect$$$$00002712)
    .text                                    0x000000f8   Section       36  startup_lpc407x_8x_177x_8x.o(.text)
    $v0                                      0x000000f8   Number         0  startup_lpc407x_8x_177x_8x.o(.text)
    .text                                    0x0000011c   Section       36  init.o(.text)
    i.GPIO_DIR_Write                         0x00000140   Section        0  gpio.o(i.GPIO_DIR_Write)
    i.GPIO_PIN_Read                          0x00000152   Section        0  gpio.o(i.GPIO_PIN_Read)
    i.GPIO_PIN_Write                         0x0000015c   Section        0  gpio.o(i.GPIO_PIN_Write)
    i.Joystick_Center_Pressed                0x00000170   Section        0  joystick.o(i.Joystick_Center_Pressed)
    i.Joystick_Down_Pressed                  0x00000188   Section        0  joystick.o(i.Joystick_Down_Pressed)
    i.Joystick_Init                          0x000001a0   Section        0  joystick.o(i.Joystick_Init)
    i.Joystick_Left_Pressed                  0x000001dc   Section        0  joystick.o(i.Joystick_Left_Pressed)
    i.Joystick_Right_Pressed                 0x000001f4   Section        0  joystick.o(i.Joystick_Right_Pressed)
    i.Joystick_Up_Pressed                    0x0000020c   Section        0  joystick.o(i.Joystick_Up_Pressed)
    i.LED_Back_Left_Init                     0x00000224   Section        0  led.o(i.LED_Back_Left_Init)
    i.LED_Back_Left_Off                      0x00000238   Section        0  led.o(i.LED_Back_Left_Off)
    i.LED_Back_Left_On                       0x0000024c   Section        0  led.o(i.LED_Back_Left_On)
    i.LED_Back_Right_Init                    0x00000260   Section        0  led.o(i.LED_Back_Right_Init)
    i.LED_Back_Right_Off                     0x00000274   Section        0  led.o(i.LED_Back_Right_Off)
    i.LED_Back_Right_On                      0x00000288   Section        0  led.o(i.LED_Back_Right_On)
    i.LED_Backward                           0x0000029c   Section        0  led.o(i.LED_Backward)
    i.LED_Forward                            0x000002b0   Section        0  led.o(i.LED_Forward)
    i.LED_Front_Left_Init                    0x000002c4   Section        0  led.o(i.LED_Front_Left_Init)
    i.LED_Front_Left_Off                     0x000002d8   Section        0  led.o(i.LED_Front_Left_Off)
    i.Led_Motor_Backward                     0x000002ec   Section        0  controller.o(i.Led_Motor_Backward)
    .ARM.__at_0x02FC                         0x000002fc   Section        4  startup_lpc407x_8x_177x_8x.o(.ARM.__at_0x02FC)
    i.LED_Front_Left_On                      0x00000300   Section        0  led.o(i.LED_Front_Left_On)
    i.LED_Front_Right_Init                   0x00000314   Section        0  led.o(i.LED_Front_Right_Init)
    i.LED_Front_Right_Off                    0x00000328   Section        0  led.o(i.LED_Front_Right_Off)
    i.LED_Front_Right_On                     0x0000033c   Section        0  led.o(i.LED_Front_Right_On)
    i.LED_Init                               0x00000350   Section        0  led.o(i.LED_Init)
    i.LED_Left                               0x00000368   Section        0  led.o(i.LED_Left)
    i.LED_OFF                                0x0000037c   Section        0  led.o(i.LED_OFF)
    i.LED_Right                              0x00000390   Section        0  led.o(i.LED_Right)
    i.Led_Motor_Forward                      0x000003a4   Section        0  controller.o(i.Led_Motor_Forward)
    i.Led_Motor_Left                         0x000003b4   Section        0  controller.o(i.Led_Motor_Left)
    i.Led_Motor_Right                        0x000003c4   Section        0  controller.o(i.Led_Motor_Right)
    i.Led_Motor_Stop                         0x000003d4   Section        0  controller.o(i.Led_Motor_Stop)
    i.MC_Set_Direction_Backward              0x000003e4   Section        0  motorcontroller.o(i.MC_Set_Direction_Backward)
    i.MC_Set_Direction_Forward               0x00000400   Section        0  motorcontroller.o(i.MC_Set_Direction_Forward)
    i.MC_Set_Direction_Left                  0x0000041c   Section        0  motorcontroller.o(i.MC_Set_Direction_Left)
    i.MC_Set_Direction_Right                 0x00000438   Section        0  motorcontroller.o(i.MC_Set_Direction_Right)
    i.MC_Stop_Brakes                         0x00000454   Section        0  motorcontroller.o(i.MC_Stop_Brakes)
    i.MotorController_Init                   0x00000470   Section        0  motorcontroller.o(i.MotorController_Init)
    i.PWM_Init                               0x000004b8   Section        0  pwm.o(i.PWM_Init)
    i.PWM_WriteLeft                          0x00000560   Section        0  pwm.o(i.PWM_WriteLeft)
    i.PWM_WriteRight                         0x00000590   Section        0  pwm.o(i.PWM_WriteRight)
    i.Reset_Flags                            0x000005c0   Section        0  parameters.o(i.Reset_Flags)
    i.Set_Backward_Flag                      0x000005e4   Section        0  parameters.o(i.Set_Backward_Flag)
    i.Set_Forward_Flag                       0x0000060c   Section        0  parameters.o(i.Set_Forward_Flag)
    i.Set_Turn_Left_Flag                     0x00000634   Section        0  parameters.o(i.Set_Turn_Left_Flag)
    i.Set_Turn_Right_Flag                    0x0000065c   Section        0  parameters.o(i.Set_Turn_Right_Flag)
    i.SystemCoreClockUpdate                  0x00000684   Section        0  system_lpc407x_8x_177x_8x.o(i.SystemCoreClockUpdate)
    i.SystemInit                             0x00000958   Section        0  system_lpc407x_8x_177x_8x.o(i.SystemInit)
    i.Timer_Init                             0x00000a44   Section        0  timer.o(i.Timer_Init)
    i.__scatterload_copy                     0x00000b0c   Section       14  handlers.o(i.__scatterload_copy)
    i.__scatterload_null                     0x00000b1a   Section        2  handlers.o(i.__scatterload_null)
    i.__scatterload_zeroinit                 0x00000b1c   Section       14  handlers.o(i.__scatterload_zeroinit)
    i.fpu_init                               0x00000b2c   Section        0  system_lpc407x_8x_177x_8x.o(i.fpu_init)
    i.init                                   0x00000b7c   Section        0  main.o(i.init)
    i.main                                   0x00000b94   Section        0  main.o(i.main)
    i.update                                 0x00000ba0   Section        0  main.o(i.update)
    .data                                    0x10000000   Section       32  main.o(.data)
    ROBOT_SPEED                              0x10000000   Data           4  main.o(.data)
    TURN_LEFT_FLAG                           0x10000004   Data           4  main.o(.data)
    TURN_RIGHT_FLAG                          0x10000008   Data           4  main.o(.data)
    FORWARD_FLAG                             0x1000000c   Data           4  main.o(.data)
    BACKWARD_FLAG                            0x10000010   Data           4  main.o(.data)
    ROTATION_NUMBER_FOR_90_DEGREE            0x10000014   Data           4  main.o(.data)
    .data                                    0x10000020   Section       24  parameters.o(.data)
    ROBOT_SPEED                              0x10000020   Data           4  parameters.o(.data)
    TURN_LEFT_FLAG                           0x10000024   Data           4  parameters.o(.data)
    TURN_RIGHT_FLAG                          0x10000028   Data           4  parameters.o(.data)
    FORWARD_FLAG                             0x1000002c   Data           4  parameters.o(.data)
    BACKWARD_FLAG                            0x10000030   Data           4  parameters.o(.data)
    ROTATION_NUMBER_FOR_90_DEGREE            0x10000034   Data           4  parameters.o(.data)
    .data                                    0x10000038   Section       32  timer.o(.data)
    .data                                    0x10000058   Section       24  motorcontroller.o(.data)
    ROBOT_SPEED                              0x10000058   Data           4  motorcontroller.o(.data)
    TURN_LEFT_FLAG                           0x1000005c   Data           4  motorcontroller.o(.data)
    TURN_RIGHT_FLAG                          0x10000060   Data           4  motorcontroller.o(.data)
    FORWARD_FLAG                             0x10000064   Data           4  motorcontroller.o(.data)
    BACKWARD_FLAG                            0x10000068   Data           4  motorcontroller.o(.data)
    ROTATION_NUMBER_FOR_90_DEGREE            0x1000006c   Data           4  motorcontroller.o(.data)
    .data                                    0x10000070   Section       16  system_lpc407x_8x_177x_8x.o(.data)
    STACK                                    0x10000080   Section     1024  startup_lpc407x_8x_177x_8x.o(STACK)

    Global Symbols

    Symbol Name                              Value     Ov Type        Size  Object(Section)

    BuildAttributes$$THM_ISAv4$E$P$D$K$B$S$7EM$VFPi3$EXTD16$VFPS$VFMA$PE$A:L22UL41UL21$X:L11$S22US41US21$IEEE1$IW$USESV6$~STKCKD$USESV7$~SHL$OSPACE$EBA8$MICROLIB$REQ8$PRES8$EABIv2 0x00000000   Number         0  anon$$obj.o ABSOLUTE
    __ARM_use_no_argv                        0x00000000   Number         0  main.o ABSOLUTE
    __Vectors                                0x00000000   Data           4  startup_lpc407x_8x_177x_8x.o(RESET)
    __cpp_initialize__aeabi_                  - Undefined Weak Reference
    __cxa_finalize                            - Undefined Weak Reference
    __decompress                              - Undefined Weak Reference
    _clock_init                               - Undefined Weak Reference
    _microlib_exit                            - Undefined Weak Reference
    __main                                   0x000000e5   Thumb Code     0  entry.o(.ARM.Collect$$$$00000000)
    _main_stk                                0x000000e5   Thumb Code     0  entry2.o(.ARM.Collect$$$$00000001)
    _main_scatterload                        0x000000e9   Thumb Code     0  entry5.o(.ARM.Collect$$$$00000004)
    __main_after_scatterload                 0x000000ed   Thumb Code     0  entry5.o(.ARM.Collect$$$$00000004)
    _main_clock                              0x000000ed   Thumb Code     0  entry7b.o(.ARM.Collect$$$$00000008)
    _main_cpp_init                           0x000000ed   Thumb Code     0  entry8b.o(.ARM.Collect$$$$0000000A)
    _main_init                               0x000000ed   Thumb Code     0  entry9a.o(.ARM.Collect$$$$0000000B)
    __rt_final_cpp                           0x000000f5   Thumb Code     0  entry10a.o(.ARM.Collect$$$$0000000D)
    __rt_final_exit                          0x000000f5   Thumb Code     0  entry11a.o(.ARM.Collect$$$$0000000F)
    Reset_Handler                            0x000000f9   Thumb Code     8  startup_lpc407x_8x_177x_8x.o(.text)
    NMI_Handler                              0x00000101   Thumb Code     2  startup_lpc407x_8x_177x_8x.o(.text)
    HardFault_Handler                        0x00000103   Thumb Code     2  startup_lpc407x_8x_177x_8x.o(.text)
    MemManage_Handler                        0x00000105   Thumb Code     2  startup_lpc407x_8x_177x_8x.o(.text)
    BusFault_Handler                         0x00000107   Thumb Code     2  startup_lpc407x_8x_177x_8x.o(.text)
    UsageFault_Handler                       0x00000109   Thumb Code     2  startup_lpc407x_8x_177x_8x.o(.text)
    SVC_Handler                              0x0000010b   Thumb Code     2  startup_lpc407x_8x_177x_8x.o(.text)
    DebugMon_Handler                         0x0000010d   Thumb Code     2  startup_lpc407x_8x_177x_8x.o(.text)
    PendSV_Handler                           0x0000010f   Thumb Code     2  startup_lpc407x_8x_177x_8x.o(.text)
    SysTick_Handler                          0x00000111   Thumb Code     2  startup_lpc407x_8x_177x_8x.o(.text)
    ADC_IRQHandler                           0x00000113   Thumb Code     0  startup_lpc407x_8x_177x_8x.o(.text)
    BOD_IRQHandler                           0x00000113   Thumb Code     0  startup_lpc407x_8x_177x_8x.o(.text)
    CANActivity_IRQHandler                   0x00000113   Thumb Code     0  startup_lpc407x_8x_177x_8x.o(.text)
    CAN_IRQHandler                           0x00000113   Thumb Code     0  startup_lpc407x_8x_177x_8x.o(.text)
    DMA_IRQHandler                           0x00000113   Thumb Code     0  startup_lpc407x_8x_177x_8x.o(.text)
    EEPROM_IRQHandler                        0x00000113   Thumb Code     0  startup_lpc407x_8x_177x_8x.o(.text)
    EINT0_IRQHandler                         0x00000113   Thumb Code     0  startup_lpc407x_8x_177x_8x.o(.text)
    EINT1_IRQHandler                         0x00000113   Thumb Code     0  startup_lpc407x_8x_177x_8x.o(.text)
    EINT2_IRQHandler                         0x00000113   Thumb Code     0  startup_lpc407x_8x_177x_8x.o(.text)
    EINT3_IRQHandler                         0x00000113   Thumb Code     0  startup_lpc407x_8x_177x_8x.o(.text)
    ENET_IRQHandler                          0x00000113   Thumb Code     0  startup_lpc407x_8x_177x_8x.o(.text)
    GPIO_IRQHandler                          0x00000113   Thumb Code     0  startup_lpc407x_8x_177x_8x.o(.text)
    I2C0_IRQHandler                          0x00000113   Thumb Code     0  startup_lpc407x_8x_177x_8x.o(.text)
    I2C1_IRQHandler                          0x00000113   Thumb Code     0  startup_lpc407x_8x_177x_8x.o(.text)
    I2C2_IRQHandler                          0x00000113   Thumb Code     0  startup_lpc407x_8x_177x_8x.o(.text)
    I2S_IRQHandler                           0x00000113   Thumb Code     0  startup_lpc407x_8x_177x_8x.o(.text)
    LCD_IRQHandler                           0x00000113   Thumb Code     0  startup_lpc407x_8x_177x_8x.o(.text)
    MCI_IRQHandler                           0x00000113   Thumb Code     0  startup_lpc407x_8x_177x_8x.o(.text)
    MCPWM_IRQHandler                         0x00000113   Thumb Code     0  startup_lpc407x_8x_177x_8x.o(.text)
    PLL0_IRQHandler                          0x00000113   Thumb Code     0  startup_lpc407x_8x_177x_8x.o(.text)
    PLL1_IRQHandler                          0x00000113   Thumb Code     0  startup_lpc407x_8x_177x_8x.o(.text)
    PWM0_IRQHandler                          0x00000113   Thumb Code     0  startup_lpc407x_8x_177x_8x.o(.text)
    PWM1_IRQHandler                          0x00000113   Thumb Code     0  startup_lpc407x_8x_177x_8x.o(.text)
    QEI_IRQHandler                           0x00000113   Thumb Code     0  startup_lpc407x_8x_177x_8x.o(.text)
    RTC_IRQHandler                           0x00000113   Thumb Code     0  startup_lpc407x_8x_177x_8x.o(.text)
    SSP0_IRQHandler                          0x00000113   Thumb Code     0  startup_lpc407x_8x_177x_8x.o(.text)
    SSP1_IRQHandler                          0x00000113   Thumb Code     0  startup_lpc407x_8x_177x_8x.o(.text)
    SSP2_IRQHandler                          0x00000113   Thumb Code     0  startup_lpc407x_8x_177x_8x.o(.text)
    TIMER0_IRQHandler                        0x00000113   Thumb Code     0  startup_lpc407x_8x_177x_8x.o(.text)
    TIMER1_IRQHandler                        0x00000113   Thumb Code     0  startup_lpc407x_8x_177x_8x.o(.text)
    TIMER2_IRQHandler                        0x00000113   Thumb Code     0  startup_lpc407x_8x_177x_8x.o(.text)
    TIMER3_IRQHandler                        0x00000113   Thumb Code     0  startup_lpc407x_8x_177x_8x.o(.text)
    UART0_IRQHandler                         0x00000113   Thumb Code     0  startup_lpc407x_8x_177x_8x.o(.text)
    UART1_IRQHandler                         0x00000113   Thumb Code     0  startup_lpc407x_8x_177x_8x.o(.text)
    UART2_IRQHandler                         0x00000113   Thumb Code     0  startup_lpc407x_8x_177x_8x.o(.text)
    UART3_IRQHandler                         0x00000113   Thumb Code     0  startup_lpc407x_8x_177x_8x.o(.text)
    UART4_IRQHandler                         0x00000113   Thumb Code     0  startup_lpc407x_8x_177x_8x.o(.text)
    USBActivity_IRQHandler                   0x00000113   Thumb Code     0  startup_lpc407x_8x_177x_8x.o(.text)
    USB_IRQHandler                           0x00000113   Thumb Code     0  startup_lpc407x_8x_177x_8x.o(.text)
    WDT_IRQHandler                           0x00000113   Thumb Code     0  startup_lpc407x_8x_177x_8x.o(.text)
    __scatterload                            0x0000011d   Thumb Code    28  init.o(.text)
    __scatterload_rt2                        0x0000011d   Thumb Code     0  init.o(.text)
    GPIO_DIR_Write                           0x00000141   Thumb Code    18  gpio.o(i.GPIO_DIR_Write)
    GPIO_PIN_Read                            0x00000153   Thumb Code    10  gpio.o(i.GPIO_PIN_Read)
    GPIO_PIN_Write                           0x0000015d   Thumb Code    18  gpio.o(i.GPIO_PIN_Write)
    Joystick_Center_Pressed                  0x00000171   Thumb Code    20  joystick.o(i.Joystick_Center_Pressed)
    Joystick_Down_Pressed                    0x00000189   Thumb Code    20  joystick.o(i.Joystick_Down_Pressed)
    Joystick_Init                            0x000001a1   Thumb Code    54  joystick.o(i.Joystick_Init)
    Joystick_Left_Pressed                    0x000001dd   Thumb Code    20  joystick.o(i.Joystick_Left_Pressed)
    Joystick_Right_Pressed                   0x000001f5   Thumb Code    20  joystick.o(i.Joystick_Right_Pressed)
    Joystick_Up_Pressed                      0x0000020d   Thumb Code    20  joystick.o(i.Joystick_Up_Pressed)
    LED_Back_Left_Init                       0x00000225   Thumb Code    14  led.o(i.LED_Back_Left_Init)
    LED_Back_Left_Off                        0x00000239   Thumb Code    16  led.o(i.LED_Back_Left_Off)
    LED_Back_Left_On                         0x0000024d   Thumb Code    14  led.o(i.LED_Back_Left_On)
    LED_Back_Right_Init                      0x00000261   Thumb Code    14  led.o(i.LED_Back_Right_Init)
    LED_Back_Right_Off                       0x00000275   Thumb Code    16  led.o(i.LED_Back_Right_Off)
    LED_Back_Right_On                        0x00000289   Thumb Code    14  led.o(i.LED_Back_Right_On)
    LED_Backward                             0x0000029d   Thumb Code    20  led.o(i.LED_Backward)
    LED_Forward                              0x000002b1   Thumb Code    20  led.o(i.LED_Forward)
    LED_Front_Left_Init                      0x000002c5   Thumb Code    14  led.o(i.LED_Front_Left_Init)
    LED_Front_Left_Off                       0x000002d9   Thumb Code    16  led.o(i.LED_Front_Left_Off)
    Led_Motor_Backward                       0x000002ed   Thumb Code    16  controller.o(i.Led_Motor_Backward)
    LED_Front_Left_On                        0x00000301   Thumb Code    14  led.o(i.LED_Front_Left_On)
    LED_Front_Right_Init                     0x00000315   Thumb Code    14  led.o(i.LED_Front_Right_Init)
    LED_Front_Right_Off                      0x00000329   Thumb Code    16  led.o(i.LED_Front_Right_Off)
    LED_Front_Right_On                       0x0000033d   Thumb Code    14  led.o(i.LED_Front_Right_On)
    LED_Init                                 0x00000351   Thumb Code    24  led.o(i.LED_Init)
    LED_Left                                 0x00000369   Thumb Code    20  led.o(i.LED_Left)
    LED_OFF                                  0x0000037d   Thumb Code    20  led.o(i.LED_OFF)
    LED_Right                                0x00000391   Thumb Code    20  led.o(i.LED_Right)
    Led_Motor_Forward                        0x000003a5   Thumb Code    16  controller.o(i.Led_Motor_Forward)
    Led_Motor_Left                           0x000003b5   Thumb Code    16  controller.o(i.Led_Motor_Left)
    Led_Motor_Right                          0x000003c5   Thumb Code    16  controller.o(i.Led_Motor_Right)
    Led_Motor_Stop                           0x000003d5   Thumb Code    16  controller.o(i.Led_Motor_Stop)
    MC_Set_Direction_Backward                0x000003e5   Thumb Code    24  motorcontroller.o(i.MC_Set_Direction_Backward)
    MC_Set_Direction_Forward                 0x00000401   Thumb Code    24  motorcontroller.o(i.MC_Set_Direction_Forward)
    MC_Set_Direction_Left                    0x0000041d   Thumb Code    24  motorcontroller.o(i.MC_Set_Direction_Left)
    MC_Set_Direction_Right                   0x00000439   Thumb Code    24  motorcontroller.o(i.MC_Set_Direction_Right)
    MC_Stop_Brakes                           0x00000455   Thumb Code    24  motorcontroller.o(i.MC_Stop_Brakes)
    MotorController_Init                     0x00000471   Thumb Code    62  motorcontroller.o(i.MotorController_Init)
    PWM_Init                                 0x000004b9   Thumb Code   150  pwm.o(i.PWM_Init)
    PWM_WriteLeft                            0x00000561   Thumb Code    44  pwm.o(i.PWM_WriteLeft)
    PWM_WriteRight                           0x00000591   Thumb Code    44  pwm.o(i.PWM_WriteRight)
    Reset_Flags                              0x000005c1   Thumb Code    20  parameters.o(i.Reset_Flags)
    Set_Backward_Flag                        0x000005e5   Thumb Code    22  parameters.o(i.Set_Backward_Flag)
    Set_Forward_Flag                         0x0000060d   Thumb Code    24  parameters.o(i.Set_Forward_Flag)
    Set_Turn_Left_Flag                       0x00000635   Thumb Code    22  parameters.o(i.Set_Turn_Left_Flag)
    Set_Turn_Right_Flag                      0x0000065d   Thumb Code    24  parameters.o(i.Set_Turn_Right_Flag)
    SystemCoreClockUpdate                    0x00000685   Thumb Code   696  system_lpc407x_8x_177x_8x.o(i.SystemCoreClockUpdate)
    SystemInit                               0x00000959   Thumb Code   220  system_lpc407x_8x_177x_8x.o(i.SystemInit)
    Timer_Init                               0x00000a45   Thumb Code   184  timer.o(i.Timer_Init)
    __scatterload_copy                       0x00000b0d   Thumb Code    14  handlers.o(i.__scatterload_copy)
    __scatterload_null                       0x00000b1b   Thumb Code     2  handlers.o(i.__scatterload_null)
    __scatterload_zeroinit                   0x00000b1d   Thumb Code    14  handlers.o(i.__scatterload_zeroinit)
    fpu_init                                 0x00000b2d   Thumb Code    62  system_lpc407x_8x_177x_8x.o(i.fpu_init)
    init                                     0x00000b7d   Thumb Code    24  main.o(i.init)
    main                                     0x00000b95   Thumb Code    12  main.o(i.main)
    update                                   0x00000ba1   Thumb Code   272  main.o(i.update)
    Region$$Table$$Base                      0x00000cc8   Number         0  anon$$obj.o(Region$$Table)
    Region$$Table$$Limit                     0x00000ce8   Number         0  anon$$obj.o(Region$$Table)
    whichLed                                 0x10000018   Data           4  main.o(.data)
    counter                                  0x1000001c   Data           4  main.o(.data)
    a_currentTime                            0x10000038   Data           4  timer.o(.data)
    a_previousTime                           0x1000003c   Data           4  timer.o(.data)
    a_capturedTime                           0x10000040   Data           4  timer.o(.data)
    LeftButtonTime                           0x10000044   Data           4  timer.o(.data)
    RightButtonTime                          0x10000048   Data           4  timer.o(.data)
    b_currentTime                            0x1000004c   Data           4  timer.o(.data)
    b_previousTime                           0x10000050   Data           4  timer.o(.data)
    b_capturedTime                           0x10000054   Data           4  timer.o(.data)
    SystemCoreClock                          0x10000070   Data           4  system_lpc407x_8x_177x_8x.o(.data)
    PeripheralClock                          0x10000074   Data           4  system_lpc407x_8x_177x_8x.o(.data)
    EMCClock                                 0x10000078   Data           4  system_lpc407x_8x_177x_8x.o(.data)
    USBClock                                 0x1000007c   Data           4  system_lpc407x_8x_177x_8x.o(.data)
    __initial_sp                             0x10000480   Data           0  startup_lpc407x_8x_177x_8x.o(STACK)



==============================================================================

Memory Map of the image

  Image Entry point : 0x000000f9

  Load Region LR_1 (Base: 0x00000000, Size: 0x00000d68, Max: 0xffffffff, ABSOLUTE)

    Execution Region ER_RO (Exec base: 0x00000000, Load base: 0x00000000, Size: 0x00000ce8, Max: 0xffffffff, ABSOLUTE)

    Exec Addr    Load Addr    Size         Type   Attr      Idx    E Section Name        Object

    0x00000000   0x00000000   0x000000e4   Data   RO          577    RESET               startup_lpc407x_8x_177x_8x.o
    0x000000e4   0x000000e4   0x00000000   Code   RO          627  * .ARM.Collect$$$$00000000  mc_w.l(entry.o)
    0x000000e4   0x000000e4   0x00000004   Code   RO          630    .ARM.Collect$$$$00000001  mc_w.l(entry2.o)
    0x000000e8   0x000000e8   0x00000004   Code   RO          633    .ARM.Collect$$$$00000004  mc_w.l(entry5.o)
    0x000000ec   0x000000ec   0x00000000   Code   RO          635    .ARM.Collect$$$$00000008  mc_w.l(entry7b.o)
    0x000000ec   0x000000ec   0x00000000   Code   RO          637    .ARM.Collect$$$$0000000A  mc_w.l(entry8b.o)
    0x000000ec   0x000000ec   0x00000008   Code   RO          638    .ARM.Collect$$$$0000000B  mc_w.l(entry9a.o)
    0x000000f4   0x000000f4   0x00000000   Code   RO          640    .ARM.Collect$$$$0000000D  mc_w.l(entry10a.o)
    0x000000f4   0x000000f4   0x00000000   Code   RO          642    .ARM.Collect$$$$0000000F  mc_w.l(entry11a.o)
    0x000000f4   0x000000f4   0x00000004   Code   RO          631    .ARM.Collect$$$$00002712  mc_w.l(entry2.o)
    0x000000f8   0x000000f8   0x00000024   Code   RO          579  * .text               startup_lpc407x_8x_177x_8x.o
    0x0000011c   0x0000011c   0x00000024   Code   RO          644    .text               mc_w.l(init.o)
    0x00000140   0x00000140   0x00000012   Code   RO          291    i.GPIO_DIR_Write    gpio.o
    0x00000152   0x00000152   0x0000000a   Code   RO          292    i.GPIO_PIN_Read     gpio.o
    0x0000015c   0x0000015c   0x00000012   Code   RO          293    i.GPIO_PIN_Write    gpio.o
    0x0000016e   0x0000016e   0x00000002   PAD
    0x00000170   0x00000170   0x00000018   Code   RO          153    i.Joystick_Center_Pressed  joystick.o
    0x00000188   0x00000188   0x00000018   Code   RO          154    i.Joystick_Down_Pressed  joystick.o
    0x000001a0   0x000001a0   0x0000003c   Code   RO          155    i.Joystick_Init     joystick.o
    0x000001dc   0x000001dc   0x00000018   Code   RO          156    i.Joystick_Left_Pressed  joystick.o
    0x000001f4   0x000001f4   0x00000018   Code   RO          157    i.Joystick_Right_Pressed  joystick.o
    0x0000020c   0x0000020c   0x00000018   Code   RO          158    i.Joystick_Up_Pressed  joystick.o
    0x00000224   0x00000224   0x00000014   Code   RO          327    i.LED_Back_Left_Init  led.o
    0x00000238   0x00000238   0x00000014   Code   RO          328    i.LED_Back_Left_Off  led.o
    0x0000024c   0x0000024c   0x00000014   Code   RO          329    i.LED_Back_Left_On  led.o
    0x00000260   0x00000260   0x00000014   Code   RO          330    i.LED_Back_Right_Init  led.o
    0x00000274   0x00000274   0x00000014   Code   RO          331    i.LED_Back_Right_Off  led.o
    0x00000288   0x00000288   0x00000014   Code   RO          332    i.LED_Back_Right_On  led.o
    0x0000029c   0x0000029c   0x00000014   Code   RO          333    i.LED_Backward      led.o
    0x000002b0   0x000002b0   0x00000014   Code   RO          334    i.LED_Forward       led.o
    0x000002c4   0x000002c4   0x00000014   Code   RO          335    i.LED_Front_Left_Init  led.o
    0x000002d8   0x000002d8   0x00000014   Code   RO          336    i.LED_Front_Left_Off  led.o
    0x000002ec   0x000002ec   0x00000010   Code   RO          525    i.Led_Motor_Backward  controller.o
    0x000002fc   0x000002fc   0x00000004   Code   RO          578    .ARM.__at_0x02FC    startup_lpc407x_8x_177x_8x.o
    0x00000300   0x00000300   0x00000014   Code   RO          337    i.LED_Front_Left_On  led.o
    0x00000314   0x00000314   0x00000014   Code   RO          338    i.LED_Front_Right_Init  led.o
    0x00000328   0x00000328   0x00000014   Code   RO          339    i.LED_Front_Right_Off  led.o
    0x0000033c   0x0000033c   0x00000014   Code   RO          340    i.LED_Front_Right_On  led.o
    0x00000350   0x00000350   0x00000018   Code   RO          341    i.LED_Init          led.o
    0x00000368   0x00000368   0x00000014   Code   RO          342    i.LED_Left          led.o
    0x0000037c   0x0000037c   0x00000014   Code   RO          343    i.LED_OFF           led.o
    0x00000390   0x00000390   0x00000014   Code   RO          345    i.LED_Right         led.o
    0x000003a4   0x000003a4   0x00000010   Code   RO          526    i.Led_Motor_Forward  controller.o
    0x000003b4   0x000003b4   0x00000010   Code   RO          527    i.Led_Motor_Left    controller.o
    0x000003c4   0x000003c4   0x00000010   Code   RO          528    i.Led_Motor_Right   controller.o
    0x000003d4   0x000003d4   0x00000010   Code   RO          529    i.Led_Motor_Stop    controller.o
    0x000003e4   0x000003e4   0x0000001c   Code   RO          462    i.MC_Set_Direction_Backward  motorcontroller.o
    0x00000400   0x00000400   0x0000001c   Code   RO          463    i.MC_Set_Direction_Forward  motorcontroller.o
    0x0000041c   0x0000041c   0x0000001c   Code   RO          464    i.MC_Set_Direction_Left  motorcontroller.o
    0x00000438   0x00000438   0x0000001c   Code   RO          465    i.MC_Set_Direction_Right  motorcontroller.o
    0x00000454   0x00000454   0x0000001c   Code   RO          466    i.MC_Stop_Brakes    motorcontroller.o
    0x00000470   0x00000470   0x00000048   Code   RO          467    i.MotorController_Init  motorcontroller.o
    0x000004b8   0x000004b8   0x000000a8   Code   RO          214    i.PWM_Init          pwm.o
    0x00000560   0x00000560   0x00000030   Code   RO          215    i.PWM_WriteLeft     pwm.o
    0x00000590   0x00000590   0x00000030   Code   RO          216    i.PWM_WriteRight    pwm.o
    0x000005c0   0x000005c0   0x00000024   Code   RO          100    i.Reset_Flags       parameters.o
    0x000005e4   0x000005e4   0x00000028   Code   RO          101    i.Set_Backward_Flag  parameters.o
    0x0000060c   0x0000060c   0x00000028   Code   RO          102    i.Set_Forward_Flag  parameters.o
    0x00000634   0x00000634   0x00000028   Code   RO          103    i.Set_Turn_Left_Flag  parameters.o
    0x0000065c   0x0000065c   0x00000028   Code   RO          104    i.Set_Turn_Right_Flag  parameters.o
    0x00000684   0x00000684   0x000002d4   Code   RO          588    i.SystemCoreClockUpdate  system_lpc407x_8x_177x_8x.o
    0x00000958   0x00000958   0x000000ec   Code   RO          589    i.SystemInit        system_lpc407x_8x_177x_8x.o
    0x00000a44   0x00000a44   0x000000c8   Code   RO          261    i.Timer_Init        timer.o
    0x00000b0c   0x00000b0c   0x0000000e   Code   RO          648    i.__scatterload_copy  mc_w.l(handlers.o)
    0x00000b1a   0x00000b1a   0x00000002   Code   RO          649    i.__scatterload_null  mc_w.l(handlers.o)
    0x00000b1c   0x00000b1c   0x0000000e   Code   RO          650    i.__scatterload_zeroinit  mc_w.l(handlers.o)
    0x00000b2a   0x00000b2a   0x00000002   PAD
    0x00000b2c   0x00000b2c   0x00000050   Code   RO          590    i.fpu_init          system_lpc407x_8x_177x_8x.o
    0x00000b7c   0x00000b7c   0x00000018   Code   RO            4    i.init              main.o
    0x00000b94   0x00000b94   0x0000000c   Code   RO            5    i.main              main.o
    0x00000ba0   0x00000ba0   0x00000128   Code   RO            6    i.update            main.o
    0x00000cc8   0x00000cc8   0x00000020   Data   RO          646    Region$$Table       anon$$obj.o


    Execution Region ER_RW (Exec base: 0x10000000, Load base: 0x00000ce8, Size: 0x00000080, Max: 0xffffffff, ABSOLUTE)

    Exec Addr    Load Addr    Size         Type   Attr      Idx    E Section Name        Object

    0x10000000   0x00000ce8   0x00000020   Data   RW            7    .data               main.o
    0x10000020   0x00000d08   0x00000018   Data   RW          105    .data               parameters.o
    0x10000038   0x00000d20   0x00000020   Data   RW          262    .data               timer.o
    0x10000058   0x00000d40   0x00000018   Data   RW          468    .data               motorcontroller.o
    0x10000070   0x00000d58   0x00000010   Data   RW          591    .data               system_lpc407x_8x_177x_8x.o


    Execution Region ER_ZI (Exec base: 0x10000080, Load base: 0x00000d68, Size: 0x00000400, Max: 0xffffffff, ABSOLUTE)

    Exec Addr    Load Addr    Size         Type   Attr      Idx    E Section Name        Object

    0x10000080        -       0x00000400   Zero   RW          575    STACK               startup_lpc407x_8x_177x_8x.o


==============================================================================

Image component sizes


      Code (inc. data)   RO Data    RW Data    ZI Data      Debug   Object Name

        80          0          0          0          0       2533   controller.o
        46          0          0          0          0       2098   gpio.o
       180         26          0          0          0       4301   joystick.o
       364         64          0          0          0       8757   led.o
       332         24          0         32          0       6518   main.o
       212         30          0         24          0       3588   motorcontroller.o
       196         84          0         24          0       2780   parameters.o
       264         26          0          0          0       1612   pwm.o
        40         12        228          0       1024       1136   startup_lpc407x_8x_177x_8x.o
      1040         62          0         16          0       4816   system_lpc407x_8x_177x_8x.o
       200         16          0         32          0       1090   timer.o

    ----------------------------------------------------------------------
      2956        344        260        128       1024      39229   Object Totals
         0          0         32          0          0          0   (incl. Generated)
         2          0          0          0          0          0   (incl. Padding)

    ----------------------------------------------------------------------

      Code (inc. data)   RO Data    RW Data    ZI Data      Debug   Library Member Name

         0          0          0          0          0          0   entry.o
         0          0          0          0          0          0   entry10a.o
         0          0          0          0          0          0   entry11a.o
         8          4          0          0          0          0   entry2.o
         4          0          0          0          0          0   entry5.o
         0          0          0          0          0          0   entry7b.o
         0          0          0          0          0          0   entry8b.o
         8          4          0          0          0          0   entry9a.o
        30          0          0          0          0          0   handlers.o
        36          8          0          0          0         68   init.o

    ----------------------------------------------------------------------
        88         16          0          0          0         68   Library Totals
         2          0          0          0          0          0   (incl. Padding)

    ----------------------------------------------------------------------

      Code (inc. data)   RO Data    RW Data    ZI Data      Debug   Library Name

        86         16          0          0          0         68   mc_w.l

    ----------------------------------------------------------------------
        88         16          0          0          0         68   Library Totals

    ----------------------------------------------------------------------

==============================================================================


      Code (inc. data)   RO Data    RW Data    ZI Data      Debug   

      3044        360        260        128       1024      34601   Grand Totals
      3044        360        260        128       1024      34601   ELF Image Totals
      3044        360        260        128          0          0   ROM Totals

==============================================================================

    Total RO  Size (Code + RO Data)                 3304 (   3.23kB)
    Total RW  Size (RW Data + ZI Data)              1152 (   1.13kB)
    Total ROM Size (Code + RO Data + RW Data)       3432 (   3.35kB)

==============================================================================

